Archive member included because of file (symbol)

c:/altera/13.0/nios2eds/bin/gnu/h-i686-mingw32/bin/../lib/gcc/nios2-elf/4.1.2/../../../../nios2-elf/lib\libm.a(lib_a-s_cos.o)
                              obj/default/FFT.o (cos)
c:/altera/13.0/nios2eds/bin/gnu/h-i686-mingw32/bin/../lib/gcc/nios2-elf/4.1.2/../../../../nios2-elf/lib\libm.a(lib_a-s_sin.o)
                              obj/default/FFT.o (sin)
c:/altera/13.0/nios2eds/bin/gnu/h-i686-mingw32/bin/../lib/gcc/nios2-elf/4.1.2/../../../../nios2-elf/lib\libm.a(lib_a-w_pow.o)
                              obj/default/FFT.o (pow)
c:/altera/13.0/nios2eds/bin/gnu/h-i686-mingw32/bin/../lib/gcc/nios2-elf/4.1.2/../../../../nios2-elf/lib\libm.a(lib_a-w_sqrt.o)
                              obj/default/FFT.o (sqrt)
c:/altera/13.0/nios2eds/bin/gnu/h-i686-mingw32/bin/../lib/gcc/nios2-elf/4.1.2/../../../../nios2-elf/lib\libm.a(lib_a-e_pow.o)
                              c:/altera/13.0/nios2eds/bin/gnu/h-i686-mingw32/bin/../lib/gcc/nios2-elf/4.1.2/../../../../nios2-elf/lib\libm.a(lib_a-w_pow.o) (__ieee754_pow)
c:/altera/13.0/nios2eds/bin/gnu/h-i686-mingw32/bin/../lib/gcc/nios2-elf/4.1.2/../../../../nios2-elf/lib\libm.a(lib_a-e_rem_pio2.o)
                              c:/altera/13.0/nios2eds/bin/gnu/h-i686-mingw32/bin/../lib/gcc/nios2-elf/4.1.2/../../../../nios2-elf/lib\libm.a(lib_a-s_cos.o) (__ieee754_rem_pio2)
c:/altera/13.0/nios2eds/bin/gnu/h-i686-mingw32/bin/../lib/gcc/nios2-elf/4.1.2/../../../../nios2-elf/lib\libm.a(lib_a-e_sqrt.o)
                              c:/altera/13.0/nios2eds/bin/gnu/h-i686-mingw32/bin/../lib/gcc/nios2-elf/4.1.2/../../../../nios2-elf/lib\libm.a(lib_a-w_sqrt.o) (__ieee754_sqrt)
c:/altera/13.0/nios2eds/bin/gnu/h-i686-mingw32/bin/../lib/gcc/nios2-elf/4.1.2/../../../../nios2-elf/lib\libm.a(lib_a-k_cos.o)
                              c:/altera/13.0/nios2eds/bin/gnu/h-i686-mingw32/bin/../lib/gcc/nios2-elf/4.1.2/../../../../nios2-elf/lib\libm.a(lib_a-s_cos.o) (__kernel_cos)
c:/altera/13.0/nios2eds/bin/gnu/h-i686-mingw32/bin/../lib/gcc/nios2-elf/4.1.2/../../../../nios2-elf/lib\libm.a(lib_a-k_rem_pio2.o)
                              c:/altera/13.0/nios2eds/bin/gnu/h-i686-mingw32/bin/../lib/gcc/nios2-elf/4.1.2/../../../../nios2-elf/lib\libm.a(lib_a-e_rem_pio2.o) (__kernel_rem_pio2)
c:/altera/13.0/nios2eds/bin/gnu/h-i686-mingw32/bin/../lib/gcc/nios2-elf/4.1.2/../../../../nios2-elf/lib\libm.a(lib_a-k_sin.o)
                              c:/altera/13.0/nios2eds/bin/gnu/h-i686-mingw32/bin/../lib/gcc/nios2-elf/4.1.2/../../../../nios2-elf/lib\libm.a(lib_a-s_cos.o) (__kernel_sin)
c:/altera/13.0/nios2eds/bin/gnu/h-i686-mingw32/bin/../lib/gcc/nios2-elf/4.1.2/../../../../nios2-elf/lib\libm.a(lib_a-s_fabs.o)
                              c:/altera/13.0/nios2eds/bin/gnu/h-i686-mingw32/bin/../lib/gcc/nios2-elf/4.1.2/../../../../nios2-elf/lib\libm.a(lib_a-e_pow.o) (fabs)
c:/altera/13.0/nios2eds/bin/gnu/h-i686-mingw32/bin/../lib/gcc/nios2-elf/4.1.2/../../../../nios2-elf/lib\libm.a(lib_a-s_finite.o)
                              c:/altera/13.0/nios2eds/bin/gnu/h-i686-mingw32/bin/../lib/gcc/nios2-elf/4.1.2/../../../../nios2-elf/lib\libm.a(lib_a-w_pow.o) (finite)
c:/altera/13.0/nios2eds/bin/gnu/h-i686-mingw32/bin/../lib/gcc/nios2-elf/4.1.2/../../../../nios2-elf/lib\libm.a(lib_a-s_floor.o)
                              c:/altera/13.0/nios2eds/bin/gnu/h-i686-mingw32/bin/../lib/gcc/nios2-elf/4.1.2/../../../../nios2-elf/lib\libm.a(lib_a-k_rem_pio2.o) (floor)
c:/altera/13.0/nios2eds/bin/gnu/h-i686-mingw32/bin/../lib/gcc/nios2-elf/4.1.2/../../../../nios2-elf/lib\libm.a(lib_a-s_isnand.o)
                              c:/altera/13.0/nios2eds/bin/gnu/h-i686-mingw32/bin/../lib/gcc/nios2-elf/4.1.2/../../../../nios2-elf/lib\libm.a(lib_a-w_pow.o) (__isnand)
c:/altera/13.0/nios2eds/bin/gnu/h-i686-mingw32/bin/../lib/gcc/nios2-elf/4.1.2/../../../../nios2-elf/lib\libm.a(lib_a-s_lib_ver.o)
                              c:/altera/13.0/nios2eds/bin/gnu/h-i686-mingw32/bin/../lib/gcc/nios2-elf/4.1.2/../../../../nios2-elf/lib\libm.a(lib_a-w_pow.o) (__fdlib_version)
c:/altera/13.0/nios2eds/bin/gnu/h-i686-mingw32/bin/../lib/gcc/nios2-elf/4.1.2/../../../../nios2-elf/lib\libm.a(lib_a-s_matherr.o)
                              c:/altera/13.0/nios2eds/bin/gnu/h-i686-mingw32/bin/../lib/gcc/nios2-elf/4.1.2/../../../../nios2-elf/lib\libm.a(lib_a-w_pow.o) (matherr)
c:/altera/13.0/nios2eds/bin/gnu/h-i686-mingw32/bin/../lib/gcc/nios2-elf/4.1.2/../../../../nios2-elf/lib\libm.a(lib_a-s_nan.o)
                              c:/altera/13.0/nios2eds/bin/gnu/h-i686-mingw32/bin/../lib/gcc/nios2-elf/4.1.2/../../../../nios2-elf/lib\libm.a(lib_a-e_pow.o) (nan)
c:/altera/13.0/nios2eds/bin/gnu/h-i686-mingw32/bin/../lib/gcc/nios2-elf/4.1.2/../../../../nios2-elf/lib\libm.a(lib_a-s_rint.o)
                              c:/altera/13.0/nios2eds/bin/gnu/h-i686-mingw32/bin/../lib/gcc/nios2-elf/4.1.2/../../../../nios2-elf/lib\libm.a(lib_a-w_pow.o) (rint)
[...]
Memory Configuration

Name             Origin             Length             Attributes
reset            0x00000000         0x00000020
epcs_flash       0x00000020         0x000007e0
sdram_BEFORE_EXCEPTION 0x02000000         0x00000020
sdram            0x02000020         0x00ffffe0
*default*        0x00000000         0xffffffff

Linker script and memory map

LOAD ../DSO06_bsp//obj/HAL/src/crt0.o
LOAD obj/default/FFT.o
LOAD obj/default/alt_ucosii_simple_error_check.o
LOAD obj/default/app.o
LOAD obj/default/dds.o
LOAD obj/default/div.o
LOAD obj/default/djd.o
LOAD obj/default/flash.o
LOAD obj/default/ili9320.o
LOAD obj/default/key.o
LOAD obj/default/main.o
LOAD obj/default/tlv5638.o
LOAD c:/altera/13.0/nios2eds/bin/gnu/h-i686-mingw32/bin/../lib/gcc/nios2-elf/4.1.2/../../../../nios2-elf/lib\libstdc++.a
LOAD c:/altera/13.0/nios2eds/bin/gnu/h-i686-mingw32/bin/../lib/gcc/nios2-elf/4.1.2/../../../../nios2-elf/lib\libm.a
LOAD c:/altera/13.0/nios2eds/bin/gnu/h-i686-mingw32/bin/../lib/gcc/nios2-elf/4.1.2\libgcc.a
START GROUP
LOAD c:/altera/13.0/nios2eds/bin/gnu/h-i686-mingw32/bin/../lib/gcc/nios2-elf/4.1.2/../../../../nios2-elf/lib\libc.a
LOAD c:/altera/13.0/nios2eds/bin/gnu/h-i686-mingw32/bin/../lib/gcc/nios2-elf/4.1.2\libgcc.a
LOAD ../DSO06_bsp/\libucosii_bsp.a
END GROUP
LOAD c:/altera/13.0/nios2eds/bin/gnu/h-i686-mingw32/bin/../lib/gcc/nios2-elf/4.1.2\libgcc.a
                0x00000000                __alt_mem_epcs_flash = 0x0
                0x02000000                __alt_mem_sdram = 0x2000000

.entry          0x00000000        0x0
 *(.entry)
 .entry         0x00000000        0x0 ../DSO06_bsp//obj/HAL/src/crt0.o
                0x00000000                __reset

.exceptions     0x02000020      0x19c
                0x02000020                PROVIDE (__ram_exceptions_start, ABSOLUTE (.))
                0x02000020                . = ALIGN (0x20)
 *(.irq)
 *(.exceptions.entry.label)
 .exceptions.entry.label
                0x02000020        0x0 ../DSO06_bsp/\libucosii_bsp.a(alt_irq_entry.o)
                0x02000020                alt_irq_entry
 .exceptions.entry.label
                0x02000020        0x0 ../DSO06_bsp/\libucosii_bsp.a(alt_exception_entry.o)
                0x02000020                alt_exception
 *(.exceptions.entry.user)
 *(.exceptions.entry)
 .exceptions.entry
                0x02000020       0x54 ../DSO06_bsp/\libucosii_bsp.a(alt_exception_entry.o)
 *(.exceptions.irqtest.user)
 *(.exceptions.irqtest)
 .exceptions.irqtest
                0x02000074       0x10 ../DSO06_bsp/\libucosii_bsp.a(alt_irq_entry.o)
 *(.exceptions.irqhandler.user)
 *(.exceptions.irqhandler)
 .exceptions.irqhandler
                0x02000084        0x4 ../DSO06_bsp/\libucosii_bsp.a(alt_irq_entry.o)
 *(.exceptions.irqreturn.user)
 *(.exceptions.irqreturn)
 .exceptions.irqreturn
                0x02000088        0x4 ../DSO06_bsp/\libucosii_bsp.a(alt_irq_entry.o)
 *(.exceptions.notirq.label)
 .exceptions.notirq.label
                0x0200008c        0x0 ../DSO06_bsp/\libucosii_bsp.a(alt_irq_entry.o)
 *(.exceptions.notirq.user)
 *(.exceptions.notirq)
 .exceptions.notirq
                0x0200008c        0x8 ../DSO06_bsp/\libucosii_bsp.a(alt_exception_entry.o)
 *(.exceptions.soft.user)
 *(.exceptions.soft)
 *(.exceptions.unknown.user)
 *(.exceptions.unknown)
 .exceptions.unknown
                0x02000094        0x4 ../DSO06_bsp/\libucosii_bsp.a(alt_exception_entry.o)
 *(.exceptions.exit.label)
 .exceptions.exit.label
                0x02000098        0x0 ../DSO06_bsp/\libucosii_bsp.a(alt_irq_entry.o)
 .exceptions.exit.label
                0x02000098        0x0 ../DSO06_bsp/\libucosii_bsp.a(alt_exception_entry.o)
 *(.exceptions.exit.user)
 *(.exceptions.exit)
 .exceptions.exit
                0x02000098       0x54 ../DSO06_bsp/\libucosii_bsp.a(alt_exception_entry.o)
 *(.exceptions)
 .exceptions    0x020000ec       0xd0 ../DSO06_bsp/\libucosii_bsp.a(alt_irq_handler.o)
                0x020000ec                alt_irq_handler
                0x020001bc                PROVIDE (__ram_exceptions_end, ABSOLUTE (.))
                0x02000020                PROVIDE (__flash_exceptions_start, LOADADDR (.exceptions))

.text           0x020001bc    0x23634
                0x020001bc                PROVIDE (stext, ABSOLUTE (.))
 *(.interp)
 *(.hash)
 *(.dynsym)
 *(.dynstr)
 *(.gnu.version)
 *(.gnu.version_d)
 *(.gnu.version_r)
 *(.rel.init)
 *(.rela.init)
 *(.rel.text .rel.text.* .rel.gnu.linkonce.t.*)
 *(.rela.text .rela.text.* .rela.gnu.linkonce.t.*)
 *(.rel.fini)
 *(.rela.fini)
 *(.rel.rodata .rel.rodata.* .rel.gnu.linkonce.r.*)
 *(.rela.rodata .rela.rodata.* .rela.gnu.linkonce.r.*)
 *(.rel.data .rel.data.* .rel.gnu.linkonce.d.*)
 *(.rela.data .rela.data.* .rela.gnu.linkonce.d.*)
 *(.rel.tdata .rel.tdata.* .rel.gnu.linkonce.td.*)
 *(.rela.tdata .rela.tdata.* .rela.gnu.linkonce.td.*)
 *(.rel.tbss .rel.tbss.* .rel.gnu.linkonce.tb.*)
 *(.rela.tbss .rela.tbss.* .rela.gnu.linkonce.tb.*)
 *(.rel.ctors)
 *(.rela.ctors)
 *(.rel.dtors)
 *(.rela.dtors)
 *(.rel.got)
 *(.rela.got)
 *(.rel.sdata .rel.sdata.* .rel.gnu.linkonce.s.*)
 *(.rela.sdata .rela.sdata.* .rela.gnu.linkonce.s.*)
 *(.rel.sbss .rel.sbss.* .rel.gnu.linkonce.sb.*)
 *(.rela.sbss .rela.sbss.* .rela.gnu.linkonce.sb.*)
 *(.rel.sdata2 .rel.sdata2.* .rel.gnu.linkonce.s2.*)
 *(.rela.sdata2 .rela.sdata2.* .rela.gnu.linkonce.s2.*)
 *(.rel.sbss2 .rel.sbss2.* .rel.gnu.linkonce.sb2.*)
 *(.rela.sbss2 .rela.sbss2.* .rela.gnu.linkonce.sb2.*)
 *(.rel.bss .rel.bss.* .rel.gnu.linkonce.b.*)
 *(.rela.bss .rela.bss.* .rela.gnu.linkonce.b.*)
 *(.rel.plt)
 *(.rela.plt)
 *(.rel.dyn)
 *(.init)
 *(.plt)
 *(.text .stub .text.* .gnu.linkonce.t.*)
 .text          0x020001bc       0x48 ../DSO06_bsp//obj/HAL/src/crt0.o
                0x020001bc                _start
 .text          0x02000204      0x774 obj/default/FFT.o
                0x02000204                EE
                0x020002d0                FFT
                0x020007e0                FFTpowerMag
 .text          0x02000978      0x4f0 obj/default/alt_ucosii_simple_error_check.o
                0x02000978                alt_ucosii_check_return_code
                0x020009bc                alt_ucosii_simple_error_handler
 .text          0x02000e68     0x1d74 obj/default/app.o
                0x02000e68                sx
                0x020010b4                Save_data
                0x0200119c                Play_data
                0x020013a8                Vpp_printf
                0x02001d54                DispFrame
                0x02002294                DispWave
 .text          0x02002bdc      0x8c8 obj/default/dds.o
                0x02002bdc                WriteFreq
                0x02002c78                WritePhasew
                0x02002cdc                DDS_OUT
                0x020030bc                DDS_Phasew
                0x0200319c                DDS_RAM_WR
                0x0200342c                DDS_Init
 .text          0x020034a4      0x814 obj/default/div.o
                0x020034a4                WrClkDiv
                0x0200393c                WrVDiv
 .text          0x02003cb8      0x94c obj/default/djd.o
                0x02003cb8                DJDaut
                0x02004114                ReadDJD
                0x020041a8                cp
 .text          0x02004604      0x380 obj/default/flash.o
                0x02004604                Flash_ReadData
                0x02004728                Flash_WriteData
 .text          0x02004984     0x18ec obj/default/ili9320.o
                0x02004984                delay_ms
                0x020049bc                LCD_WriteReg
                0x020049f8                LCD_ReadReg
                0x02004a40                LCD_WriteRAM_Prepare
                0x02004a68                LCD_ReadRAM
                0x02004aac                ili9320_Initializtion
                0x02004cc8                ili9320_Clear
                0x02004d34                ili9320_Display_Oir
                0x02004db0                ili9320_SetCursor
                0x02004ea8                ili9320_BGR2RGB
                0x02004f20                ili9320_SetWindows
                0x02004fe4                ili9320_Fill
                0x02005110                ili9320_GetPoint
                0x02005188                ili9320_SetPoint
                0x020051f0                ili9320_SetPoint2
                0x02005274                ili9320_DrawLine
                0x0200543c                ili9320_DrawLine2
                0x0200560c                ili9320_DrawRectangle
                0x020056b8                ili9320_DrawCircle
                0x02005910                ili9320_DrawPicture
                0x02005a50                ili9320_ShowChar
                0x02005d5c                ili9320_Pow
                0x02005db8                ili9320_ShowNum
                0x02005f30                ili9320_ShowxNum
                0x0200614c                ili9320_ShowString
 .text          0x02006270     0x1878 obj/default/key.o
                0x02006270                Key_XY
                0x02006310                KeyScan
 .text          0x02007ae8      0x320 obj/default/main.o
                0x02007ae8                PrintTask1
                0x02007b48                PrintTask2
                0x02007ba8                PrintTask3
                0x02007c38                main
 .text          0x02007e08      0x168 obj/default/tlv5638.o
                0x02007e08                TLV5638_Write
                0x02007f2c                TLV5638_Out
 .text          0x02007f70      0x168 c:/altera/13.0/nios2eds/bin/gnu/h-i686-mingw32/bin/../lib/gcc/nios2-elf/4.1.2/../../../../nios2-elf/lib\libm.a(lib_a-s_cos.o)
                0x02007f70                cos
 .text          0x020080d8      0x16c c:/altera/13.0/nios2eds/bin/gnu/h-i686-mingw32/bin/../lib/gcc/nios2-elf/4.1.2/../../../../nios2-elf/lib\libm.a(lib_a-s_sin.o)
                0x020080d8                sin
 .text          0x02008244      0x488 c:/altera/13.0/nios2eds/bin/gnu/h-i686-mingw32/bin/../lib/gcc/nios2-elf/4.1.2/../../../../nios2-elf/lib\libm.a(lib_a-w_pow.o)
                0x02008244                pow
 .text          0x020086cc      0x130 c:/altera/13.0/nios2eds/bin/gnu/h-i686-mingw32/bin/../lib/gcc/nios2-elf/4.1.2/../../../../nios2-elf/lib\libm.a(lib_a-w_sqrt.o)
                0x020086cc                sqrt
 .text          0x020087fc     0x1300 c:/altera/13.0/nios2eds/bin/gnu/h-i686-mingw32/bin/../lib/gcc/nios2-elf/4.1.2/../../../../nios2-elf/lib\libm.a(lib_a-e_pow.o)
                0x020087fc                __ieee754_pow
 .text          0x02009afc      0x828 c:/altera/13.0/nios2eds/bin/gnu/h-i686-mingw32/bin/../lib/gcc/nios2-elf/4.1.2/../../../../nios2-elf/lib\libm.a(lib_a-e_rem_pio2.o)
                0x02009afc                __ieee754_rem_pio2
 .text          0x0200a324      0x2c8 c:/altera/13.0/nios2eds/bin/gnu/h-i686-mingw32/bin/../lib/gcc/nios2-elf/4.1.2/../../../../nios2-elf/lib\libm.a(lib_a-e_sqrt.o)
                0x0200a324                __ieee754_sqrt
 .text          0x0200a5ec      0x52c c:/altera/13.0/nios2eds/bin/gnu/h-i686-mingw32/bin/../lib/gcc/nios2-elf/4.1.2/../../../../nios2-elf/lib\libm.a(lib_a-k_cos.o)
                0x0200a5ec                __kernel_cos
 .text          0x0200ab18      0xe7c c:/altera/13.0/nios2eds/bin/gnu/h-i686-mingw32/bin/../lib/gcc/nios2-elf/4.1.2/../../../../nios2-elf/lib\libm.a(lib_a-k_rem_pio2.o)
                0x0200ab18                __kernel_rem_pio2
 .text          0x0200b994      0x318 c:/altera/13.0/nios2eds/bin/gnu/h-i686-mingw32/bin/../lib/gcc/nios2-elf/4.1.2/../../../../nios2-elf/lib\libm.a(lib_a-k_sin.o)
                0x0200b994                __kernel_sin
 .text          0x0200bcac       0x18 c:/altera/13.0/nios2eds/bin/gnu/h-i686-mingw32/bin/../lib/gcc/nios2-elf/4.1.2/../../../../nios2-elf/lib\libm.a(lib_a-s_fabs.o)
                0x0200bcac                fabs
 .text          0x0200bcc4       0x1c c:/altera/13.0/nios2eds/bin/gnu/h-i686-mingw32/bin/../lib/gcc/nios2-elf/4.1.2/../../../../nios2-elf/lib\libm.a(lib_a-s_finite.o)
                0x0200bcc4                finite
 .text          0x0200bce0      0x224 c:/altera/13.0/nios2eds/bin/gnu/h-i686-mingw32/bin/../lib/gcc/nios2-elf/4.1.2/../../../../nios2-elf/lib\libm.a(lib_a-s_floor.o)
                0x0200bce0                floor
 .text          0x0200bf04       0x30 c:/altera/13.0/nios2eds/bin/gnu/h-i686-mingw32/bin/../lib/gcc/nios2-elf/4.1.2/../../../../nios2-elf/lib\libm.a(lib_a-s_isnand.o)
                0x0200bf04                __isnand
 .text          0x0200bf34        0x0 c:/altera/13.0/nios2eds/bin/gnu/h-i686-mingw32/bin/../lib/gcc/nios2-elf/4.1.2/../../../../nios2-elf/lib\libm.a(lib_a-s_lib_ver.o)
 .text          0x0200bf34        0x8 c:/altera/13.0/nios2eds/bin/gnu/h-i686-mingw32/bin/../lib/gcc/nios2-elf/4.1.2/../../../../nios2-elf/lib\libm.a(lib_a-s_matherr.o)
                0x0200bf34                matherr
 .text          0x0200bf3c       0x10 c:/altera/13.0/nios2eds/bin/gnu/h-i686-mingw32/bin/../lib/gcc/nios2-elf/4.1.2/../../../../nios2-elf/lib\libm.a(lib_a-s_nan.o)
                0x0200bf3c                nan
 .text          0x0200bf4c      0x210 c:/altera/13.0/nios2eds/bin/gnu/h-i686-mingw32/bin/../lib/gcc/nios2-elf/4.1.2/../../../../nios2-elf/lib\libm.a(lib_a-s_rint.o)
                0x0200bf4c                rint
 .text          0x0200c15c      0x1e0 c:/altera/13.0/nios2eds/bin/gnu/h-i686-mingw32/bin/../lib/gcc/nios2-elf/4.1.2/../../../../nios2-elf/lib\libm.a(lib_a-s_scalbn.o)
                0x0200c15c                scalbn
 .text          0x0200c33c       0x24 c:/altera/13.0/nios2eds/bin/gnu/h-i686-mingw32/bin/../lib/gcc/nios2-elf/4.1.2/../../../../nios2-elf/lib\libm.a(lib_a-s_copysign.o)
                0x0200c33c                copysign
 .text          0x0200c360       0x70 c:/altera/13.0/nios2eds/bin/gnu/h-i686-mingw32/bin/../lib/gcc/nios2-elf/4.1.2\libgcc.a(_fixunssfsi.o)
                0x0200c360                __fixunssfsi
 .text          0x0200c3d0       0xa4 c:/altera/13.0/nios2eds/bin/gnu/h-i686-mingw32/bin/../lib/gcc/nios2-elf/4.1.2\libgcc.a(_fixunsdfsi.o)
                0x0200c3d0                __fixunsdfsi
 .text          0x0200c474       0xbc c:/altera/13.0/nios2eds/bin/gnu/h-i686-mingw32/bin/../lib/gcc/nios2-elf/4.1.2\libgcc.a(_fixunsdfdi.o)
                0x0200c474                __fixunsdfdi
 .text          0x0200c530      0x2b8 c:/altera/13.0/nios2eds/bin/gnu/h-i686-mingw32/bin/../lib/gcc/nios2-elf/4.1.2\libgcc.a(_addsub_sf.o)
                0x0200c714                __subsf3
                0x0200c784                __addsf3
 .text          0x0200c7e8      0x1e0 c:/altera/13.0/nios2eds/bin/gnu/h-i686-mingw32/bin/../lib/gcc/nios2-elf/4.1.2\libgcc.a(_mul_sf.o)
                0x0200c7e8                __mulsf3
 .text          0x0200c9c8      0x174 c:/altera/13.0/nios2eds/bin/gnu/h-i686-mingw32/bin/../lib/gcc/nios2-elf/4.1.2\libgcc.a(_div_sf.o)
                0x0200c9c8                __divsf3
 .text          0x0200cb3c       0x78 c:/altera/13.0/nios2eds/bin/gnu/h-i686-mingw32/bin/../lib/gcc/nios2-elf/4.1.2\libgcc.a(_ge_sf.o)
                0x0200cb3c                __gesf2
 .text          0x0200cbb4       0x94 c:/altera/13.0/nios2eds/bin/gnu/h-i686-mingw32/bin/../lib/gcc/nios2-elf/4.1.2\libgcc.a(_sf_to_si.o)
                0x0200cbb4                __fixsfsi
 .text          0x0200cc48       0x54 c:/altera/13.0/nios2eds/bin/gnu/h-i686-mingw32/bin/../lib/gcc/nios2-elf/4.1.2\libgcc.a(_sf_to_df.o)
                0x0200cc48                __extendsfdf2
 .text          0x0200cc9c        0x0 c:/altera/13.0/nios2eds/bin/gnu/h-i686-mingw32/bin/../lib/gcc/nios2-elf/4.1.2\libgcc.a(_thenan_sf.o)
 .text          0x0200cc9c       0xc0 c:/altera/13.0/nios2eds/bin/gnu/h-i686-mingw32/bin/../lib/gcc/nios2-elf/4.1.2\libgcc.a(_usi_to_sf.o)
                0x0200cc9c                __floatunsisf
 .text          0x0200cd5c      0x504 c:/altera/13.0/nios2eds/bin/gnu/h-i686-mingw32/bin/../lib/gcc/nios2-elf/4.1.2\libgcc.a(_addsub_df.o)
                0x0200d16c                __subdf3
                0x0200d1ec                __adddf3
 .text          0x0200d260      0x3c4 c:/altera/13.0/nios2eds/bin/gnu/h-i686-mingw32/bin/../lib/gcc/nios2-elf/4.1.2\libgcc.a(_mul_df.o)
                0x0200d260                __muldf3
 .text          0x0200d624      0x258 c:/altera/13.0/nios2eds/bin/gnu/h-i686-mingw32/bin/../lib/gcc/nios2-elf/4.1.2\libgcc.a(_div_df.o)
                0x0200d624                __divdf3
 .text          0x0200d87c       0x88 c:/altera/13.0/nios2eds/bin/gnu/h-i686-mingw32/bin/../lib/gcc/nios2-elf/4.1.2\libgcc.a(_eq_df.o)
                0x0200d87c                __eqdf2
 .text          0x0200d904       0x88 c:/altera/13.0/nios2eds/bin/gnu/h-i686-mingw32/bin/../lib/gcc/nios2-elf/4.1.2\libgcc.a(_ne_df.o)
                0x0200d904                __nedf2
 .text          0x0200d98c       0x88 c:/altera/13.0/nios2eds/bin/gnu/h-i686-mingw32/bin/../lib/gcc/nios2-elf/4.1.2\libgcc.a(_gt_df.o)
                0x0200d98c                __gtdf2
 .text          0x0200da14       0x88 c:/altera/13.0/nios2eds/bin/gnu/h-i686-mingw32/bin/../lib/gcc/nios2-elf/4.1.2\libgcc.a(_ge_df.o)
                0x0200da14                __gedf2
 .text          0x0200da9c       0x88 c:/altera/13.0/nios2eds/bin/gnu/h-i686-mingw32/bin/../lib/gcc/nios2-elf/4.1.2\libgcc.a(_lt_df.o)
                0x0200da9c                __ltdf2
 .text          0x0200db24       0x88 c:/altera/13.0/nios2eds/bin/gnu/h-i686-mingw32/bin/../lib/gcc/nios2-elf/4.1.2\libgcc.a(_le_df.o)
                0x0200db24                __ledf2
 .text          0x0200dbac       0xf8 c:/altera/13.0/nios2eds/bin/gnu/h-i686-mingw32/bin/../lib/gcc/nios2-elf/4.1.2\libgcc.a(_si_to_df.o)
                0x0200dbac                __floatsidf
 .text          0x0200dca4       0xd8 c:/altera/13.0/nios2eds/bin/gnu/h-i686-mingw32/bin/../lib/gcc/nios2-elf/4.1.2\libgcc.a(_df_to_si.o)
                0x0200dca4                __fixdfsi
 .text          0x0200dd7c       0x38 c:/altera/13.0/nios2eds/bin/gnu/h-i686-mingw32/bin/../lib/gcc/nios2-elf/4.1.2\libgcc.a(_make_df.o)
                0x0200dd7c                __make_dp
 .text          0x0200ddb4       0x74 c:/altera/13.0/nios2eds/bin/gnu/h-i686-mingw32/bin/../lib/gcc/nios2-elf/4.1.2\libgcc.a(_df_to_sf.o)
                0x0200ddb4                __truncdfsf2
 .text          0x0200de28        0x0 c:/altera/13.0/nios2eds/bin/gnu/h-i686-mingw32/bin/../lib/gcc/nios2-elf/4.1.2\libgcc.a(_thenan_df.o)
 .text          0x0200de28      0x194 c:/altera/13.0/nios2eds/bin/gnu/h-i686-mingw32/bin/../lib/gcc/nios2-elf/4.1.2\libgcc.a(_usi_to_df.o)
                0x0200de28                __floatunsidf
 .text          0x0200dfbc      0x14c c:/altera/13.0/nios2eds/bin/gnu/h-i686-mingw32/bin/../lib/gcc/nios2-elf/4.1.2\libgcc.a(lib2-divmod.o)
                0x0200e038                __divsi3
                0x0200e098                __modsi3
                0x0200e0f8                __udivsi3
                0x0200e100                __umodsi3
 .text          0x0200e108       0x98 c:/altera/13.0/nios2eds/bin/gnu/h-i686-mingw32/bin/../lib/gcc/nios2-elf/4.1.2\libgcc.a(_muldi3.o)
                0x0200e108                __muldi3
 .text          0x0200e1a0       0x80 c:/altera/13.0/nios2eds/bin/gnu/h-i686-mingw32/bin/../lib/gcc/nios2-elf/4.1.2\libgcc.a(_clzsi2.o)
                0x0200e1a0                __clzsi2
 .text          0x0200e220      0x160 c:/altera/13.0/nios2eds/bin/gnu/h-i686-mingw32/bin/../lib/gcc/nios2-elf/4.1.2\libgcc.a(_pack_sf.o)
                0x0200e220                __pack_f
 .text          0x0200e380       0xc8 c:/altera/13.0/nios2eds/bin/gnu/h-i686-mingw32/bin/../lib/gcc/nios2-elf/4.1.2\libgcc.a(_unpack_sf.o)
                0x0200e380                __unpack_f
 .text          0x0200e448       0xa8 c:/altera/13.0/nios2eds/bin/gnu/h-i686-mingw32/bin/../lib/gcc/nios2-elf/4.1.2\libgcc.a(_fpcmp_parts_sf.o)
                0x0200e448                __fpcmp_parts_f
 .text          0x0200e4f0       0x2c c:/altera/13.0/nios2eds/bin/gnu/h-i686-mingw32/bin/../lib/gcc/nios2-elf/4.1.2\libgcc.a(_make_sf.o)
                0x0200e4f0                __make_fp
 .text          0x0200e51c      0x314 c:/altera/13.0/nios2eds/bin/gnu/h-i686-mingw32/bin/../lib/gcc/nios2-elf/4.1.2\libgcc.a(_pack_df.o)
                0x0200e51c                __pack_d
 .text          0x0200e830      0x138 c:/altera/13.0/nios2eds/bin/gnu/h-i686-mingw32/bin/../lib/gcc/nios2-elf/4.1.2\libgcc.a(_unpack_df.o)
                0x0200e830                __unpack_d
 .text          0x0200e968       0xc8 c:/altera/13.0/nios2eds/bin/gnu/h-i686-mingw32/bin/../lib/gcc/nios2-elf/4.1.2\libgcc.a(_fpcmp_parts_df.o)
                0x0200e968                __fpcmp_parts_d
 .text          0x0200ea30        0x0 c:/altera/13.0/nios2eds/bin/gnu/h-i686-mingw32/bin/../lib/gcc/nios2-elf/4.1.2\libgcc.a(_clz.o)
 .text          0x0200ea30       0x10 c:/altera/13.0/nios2eds/bin/gnu/h-i686-mingw32/bin/../lib/gcc/nios2-elf/4.1.2/../../../../nios2-elf/lib\libc.a(lib_a-errno.o)
                0x0200ea30                __errno
 .text          0x0200ea40       0x38 c:/altera/13.0/nios2eds/bin/gnu/h-i686-mingw32/bin/../lib/gcc/nios2-elf/4.1.2/../../../../nios2-elf/lib\libc.a(lib_a-exit.o)
                0x0200ea40                exit
 .text          0x0200ea78       0x60 c:/altera/13.0/nios2eds/bin/gnu/h-i686-mingw32/bin/../lib/gcc/nios2-elf/4.1.2/../../../../nios2-elf/lib\libc.a(lib_a-fprintf.o)
                0x0200ea78                fprintf
                0x0200eaa4                _fprintf_r
 .text          0x0200ead8       0xdc c:/altera/13.0/nios2eds/bin/gnu/h-i686-mingw32/bin/../lib/gcc/nios2-elf/4.1.2/../../../../nios2-elf/lib\libc.a(lib_a-fwrite.o)
                0x0200ead8                _fwrite_r
                0x0200eb74                fwrite
 .text          0x0200ebb4        0x0 c:/altera/13.0/nios2eds/bin/gnu/h-i686-mingw32/bin/../lib/gcc/nios2-elf/4.1.2/../../../../nios2-elf/lib\libc.a(lib_a-impure.o)
 .text          0x0200ebb4       0xb4 c:/altera/13.0/nios2eds/bin/gnu/h-i686-mingw32/bin/../lib/gcc/nios2-elf/4.1.2/../../../../nios2-elf/lib\libc.a(lib_a-puts.o)
                0x0200ebb4                _puts_r
                0x0200ec54                puts
 .text          0x0200ec68       0xd4 c:/altera/13.0/nios2eds/bin/gnu/h-i686-mingw32/bin/../lib/gcc/nios2-elf/4.1.2/../../../../nios2-elf/lib\libc.a(lib_a-sprintf.o)
                0x0200ec68                sprintf
                0x0200ecdc                _sprintf_r
 .text          0x0200ed3c       0x74 c:/altera/13.0/nios2eds/bin/gnu/h-i686-mingw32/bin/../lib/gcc/nios2-elf/4.1.2/../../../../nios2-elf/lib\libc.a(lib_a-strlen.o)
                0x0200ed3c                strlen
 .text          0x0200edb0     0x1f28 c:/altera/13.0/nios2eds/bin/gnu/h-i686-mingw32/bin/../lib/gcc/nios2-elf/4.1.2/../../../../nios2-elf/lib\libc.a(lib_a-vfprintf.o)
                0x0200ee08                ___vfprintf_internal_r
                0x02010cb4                __vfprintf_internal
 .text          0x02010cd8      0x13c c:/altera/13.0/nios2eds/bin/gnu/h-i686-mingw32/bin/../lib/gcc/nios2-elf/4.1.2/../../../../nios2-elf/lib\libc.a(lib_a-wsetup.o)
                0x02010cd8                __swsetup_r
 .text          0x02010e14      0x1b4 c:/altera/13.0/nios2eds/bin/gnu/h-i686-mingw32/bin/../lib/gcc/nios2-elf/4.1.2/../../../../nios2-elf/lib\libc.a(lib_a-__call_atexit.o)
                0x02010e18                __call_exitprocs
 .text          0x02010fc8     0x17cc c:/altera/13.0/nios2eds/bin/gnu/h-i686-mingw32/bin/../lib/gcc/nios2-elf/4.1.2/../../../../nios2-elf/lib\libc.a(lib_a-dtoa.o)
                0x020111e0                _dtoa_r
 .text          0x02012794      0x230 c:/altera/13.0/nios2eds/bin/gnu/h-i686-mingw32/bin/../lib/gcc/nios2-elf/4.1.2/../../../../nios2-elf/lib\libc.a(lib_a-fflush.o)
                0x02012794                _fflush_r
                0x02012990                fflush
 .text          0x020129c4      0x2c0 c:/altera/13.0/nios2eds/bin/gnu/h-i686-mingw32/bin/../lib/gcc/nios2-elf/4.1.2/../../../../nios2-elf/lib\libc.a(lib_a-findfp.o)
                0x02012a1c                __sfp_lock_acquire
                0x02012a20                __sfp_lock_release
                0x02012a24                __sinit_lock_acquire
                0x02012a28                __sinit_lock_release
                0x02012a2c                __sinit
                0x02012ae0                __fp_unlock_all
                0x02012af8                __fp_lock_all
                0x02012b10                _cleanup_r
                0x02012b1c                _cleanup
                0x02012b2c                __sfmoreglue
                0x02012b94                __sfp
 .text          0x02012c84      0x440 c:/altera/13.0/nios2eds/bin/gnu/h-i686-mingw32/bin/../lib/gcc/nios2-elf/4.1.2/../../../../nios2-elf/lib\libc.a(lib_a-freer.o)
                0x02012c84                _malloc_trim_r
                0x02012db0                _free_r
 .text          0x020130c4      0x49c c:/altera/13.0/nios2eds/bin/gnu/h-i686-mingw32/bin/../lib/gcc/nios2-elf/4.1.2/../../../../nios2-elf/lib\libc.a(lib_a-fvwrite.o)
                0x020130c4                __sfvwrite_r
 .text          0x02013560      0x180 c:/altera/13.0/nios2eds/bin/gnu/h-i686-mingw32/bin/../lib/gcc/nios2-elf/4.1.2/../../../../nios2-elf/lib\libc.a(lib_a-fwalk.o)
                0x02013560                _fwalk_reent
                0x02013628                _fwalk
 .text          0x020136e0       0xc4 c:/altera/13.0/nios2eds/bin/gnu/h-i686-mingw32/bin/../lib/gcc/nios2-elf/4.1.2/../../../../nios2-elf/lib\libc.a(lib_a-locale.o)
                0x020136e0                __locale_charset
                0x020136e8                _localeconv_r
                0x020136f4                localeconv
                0x02013704                _setlocale_r
                0x02013788                setlocale
 .text          0x020137a4      0x194 c:/altera/13.0/nios2eds/bin/gnu/h-i686-mingw32/bin/../lib/gcc/nios2-elf/4.1.2/../../../../nios2-elf/lib\libc.a(lib_a-makebuf.o)
                0x020137a4                __smakebuf_r
 .text          0x02013938      0x740 c:/altera/13.0/nios2eds/bin/gnu/h-i686-mingw32/bin/../lib/gcc/nios2-elf/4.1.2/../../../../nios2-elf/lib\libc.a(lib_a-mallocr.o)
                0x02013938                _malloc_r
 .text          0x02014078       0xe4 c:/altera/13.0/nios2eds/bin/gnu/h-i686-mingw32/bin/../lib/gcc/nios2-elf/4.1.2/../../../../nios2-elf/lib\libc.a(lib_a-memchr.o)
                0x02014078                memchr
 .text          0x0201415c       0xa0 c:/altera/13.0/nios2eds/bin/gnu/h-i686-mingw32/bin/../lib/gcc/nios2-elf/4.1.2/../../../../nios2-elf/lib\libc.a(lib_a-memcpy.o)
                0x0201415c                memcpy
 .text          0x020141fc       0xe0 c:/altera/13.0/nios2eds/bin/gnu/h-i686-mingw32/bin/../lib/gcc/nios2-elf/4.1.2/../../../../nios2-elf/lib\libc.a(lib_a-memmove.o)
                0x020141fc                memmove
 .text          0x020142dc       0x98 c:/altera/13.0/nios2eds/bin/gnu/h-i686-mingw32/bin/../lib/gcc/nios2-elf/4.1.2/../../../../nios2-elf/lib\libc.a(lib_a-memset.o)
                0x020142dc                memset
 .text          0x02014374      0xff4 c:/altera/13.0/nios2eds/bin/gnu/h-i686-mingw32/bin/../lib/gcc/nios2-elf/4.1.2/../../../../nios2-elf/lib\libc.a(lib_a-mprec.o)
                0x02014374                _Bfree
                0x0201439c                __hi0bits
                0x0201440c                __lo0bits
                0x020144d0                __mcmp
                0x02014530                __ulp
                0x020145b0                __b2d
                0x020146d0                __ratio
                0x02014780                _mprec_log10
                0x02014814                __copybits
                0x0201486c                __any_on
                0x020148f4                _Balloc
                0x020149b0                __d2b
                0x02014b2c                __mdiff
                0x02014cb8                __lshift
                0x02014e04                __multiply
                0x02014fec                __i2b
                0x02015028                __multadd
                0x02015128                __pow5mult
                0x02015248                __s2b
 .text          0x02015368      0x5f4 c:/altera/13.0/nios2eds/bin/gnu/h-i686-mingw32/bin/../lib/gcc/nios2-elf/4.1.2/../../../../nios2-elf/lib\libc.a(lib_a-reallocr.o)
                0x02015368                _realloc_r
 .text          0x0201595c       0x40 c:/altera/13.0/nios2eds/bin/gnu/h-i686-mingw32/bin/../lib/gcc/nios2-elf/4.1.2/../../../../nios2-elf/lib\libc.a(lib_a-s_isinfd.o)
                0x0201595c                __isinfd
 .text          0x0201599c       0x70 c:/altera/13.0/nios2eds/bin/gnu/h-i686-mingw32/bin/../lib/gcc/nios2-elf/4.1.2/../../../../nios2-elf/lib\libc.a(lib_a-sbrkr.o)
                0x0201599c                _sbrk_r
 .text          0x02015a0c      0x14c c:/altera/13.0/nios2eds/bin/gnu/h-i686-mingw32/bin/../lib/gcc/nios2-elf/4.1.2/../../../../nios2-elf/lib\libc.a(lib_a-stdio.o)
                0x02015a0c                __sclose
                0x02015a14                __sseek
                0x02015a7c                __swrite
                0x02015af8                __sread
 .text          0x02015b58       0xbc c:/altera/13.0/nios2eds/bin/gnu/h-i686-mingw32/bin/../lib/gcc/nios2-elf/4.1.2/../../../../nios2-elf/lib\libc.a(lib_a-strcmp.o)
                0x02015b58                strcmp
 .text          0x02015c14       0x78 c:/altera/13.0/nios2eds/bin/gnu/h-i686-mingw32/bin/../lib/gcc/nios2-elf/4.1.2/../../../../nios2-elf/lib\libc.a(lib_a-writer.o)
                0x02015c14                _write_r
 .text          0x02015c8c       0xb4 c:/altera/13.0/nios2eds/bin/gnu/h-i686-mingw32/bin/../lib/gcc/nios2-elf/4.1.2/../../../../nios2-elf/lib\libc.a(lib_a-callocr.o)
                0x02015c8c                _calloc_r
 .text          0x02015d40       0x70 c:/altera/13.0/nios2eds/bin/gnu/h-i686-mingw32/bin/../lib/gcc/nios2-elf/4.1.2/../../../../nios2-elf/lib\libc.a(lib_a-closer.o)
                0x02015d40                _close_r
 .text          0x02015db0      0x124 c:/altera/13.0/nios2eds/bin/gnu/h-i686-mingw32/bin/../lib/gcc/nios2-elf/4.1.2/../../../../nios2-elf/lib\libc.a(lib_a-fclose.o)
                0x02015db0                _fclose_r
                0x02015ec0                fclose
 .text          0x02015ed4       0x74 c:/altera/13.0/nios2eds/bin/gnu/h-i686-mingw32/bin/../lib/gcc/nios2-elf/4.1.2/../../../../nios2-elf/lib\libc.a(lib_a-fstatr.o)
                0x02015ed4                _fstat_r
 .text          0x02015f48        0x0 c:/altera/13.0/nios2eds/bin/gnu/h-i686-mingw32/bin/../lib/gcc/nios2-elf/4.1.2/../../../../nios2-elf/lib\libc.a(lib_a-int_errno.o)
 .text          0x02015f48       0x70 c:/altera/13.0/nios2eds/bin/gnu/h-i686-mingw32/bin/../lib/gcc/nios2-elf/4.1.2/../../../../nios2-elf/lib\libc.a(lib_a-isattyr.o)
                0x02015f48                _isatty_r
 .text          0x02015fb8       0x78 c:/altera/13.0/nios2eds/bin/gnu/h-i686-mingw32/bin/../lib/gcc/nios2-elf/4.1.2/../../../../nios2-elf/lib\libc.a(lib_a-lseekr.o)
                0x02015fb8                _lseek_r
 .text          0x02016030       0x78 c:/altera/13.0/nios2eds/bin/gnu/h-i686-mingw32/bin/../lib/gcc/nios2-elf/4.1.2/../../../../nios2-elf/lib\libc.a(lib_a-readr.o)
                0x02016030                _read_r
 .text          0x020160a8      0x5dc c:/altera/13.0/nios2eds/bin/gnu/h-i686-mingw32/bin/../lib/gcc/nios2-elf/4.1.2\libgcc.a(_udivdi3.o)
                0x020160a8                __udivdi3
 .text          0x02016684      0x5b0 c:/altera/13.0/nios2eds/bin/gnu/h-i686-mingw32/bin/../lib/gcc/nios2-elf/4.1.2\libgcc.a(_umoddi3.o)
                0x02016684                __umoddi3
 .text          0x02016c34      0x15c ../DSO06_bsp/\libucosii_bsp.a(alt_close.o)
                0x02016c34                close
 .text          0x02016d90       0x78 ../DSO06_bsp/\libucosii_bsp.a(alt_dcache_flush.o)
                0x02016d90                alt_dcache_flush
 .text          0x02016e08       0x2c ../DSO06_bsp/\libucosii_bsp.a(alt_dev.o)
 .text          0x02016e34        0x0 ../DSO06_bsp/\libucosii_bsp.a(alt_errno.o)
 .text          0x02016e34       0x6c ../DSO06_bsp/\libucosii_bsp.a(alt_exit.o)
                0x02016e74                _exit
 .text          0x02016ea0       0xd0 ../DSO06_bsp/\libucosii_bsp.a(alt_flash_dev.o)
                0x02016ea0                alt_flash_open_dev
                0x02016f1c                alt_flash_close_dev
 .text          0x02016f70      0x134 ../DSO06_bsp/\libucosii_bsp.a(alt_fstat.o)
                0x02016f70                fstat
 .text          0x020170a4      0x120 ../DSO06_bsp/\libucosii_bsp.a(alt_isatty.o)
                0x020170a4                isatty
 .text          0x020171c4      0x150 ../DSO06_bsp/\libucosii_bsp.a(alt_lseek.o)
                0x020171c4                lseek
 .text          0x02017314       0xc8 ../DSO06_bsp/\libucosii_bsp.a(alt_main.o)
                0x02017314                alt_main
 .text          0x020173dc      0x180 ../DSO06_bsp/\libucosii_bsp.a(alt_read.o)
                0x020173dc                read
 .text          0x0201755c       0x60 ../DSO06_bsp/\libucosii_bsp.a(alt_release_fd.o)
                0x0201755c                alt_release_fd
 .text          0x020175bc       0xbc ../DSO06_bsp/\libucosii_bsp.a(alt_sbrk.o)
                0x020175bc                sbrk
 .text          0x02017678      0x118 ../DSO06_bsp/\libucosii_bsp.a(alt_usleep.o)
                0x02017678                usleep
 .text          0x02017790      0x180 ../DSO06_bsp/\libucosii_bsp.a(alt_write.o)
                0x02017790                write
 .text          0x02017910      0x108 ../DSO06_bsp/\libucosii_bsp.a(alt_env_lock.o)
                0x02017910                __env_lock
                0x020179bc                __env_unlock
 .text          0x02017a18      0x1d8 ../DSO06_bsp/\libucosii_bsp.a(alt_malloc_lock.o)
                0x02017a18                __malloc_lock
                0x02017b20                __malloc_unlock
 .text          0x02017bf0     0x2128 ../DSO06_bsp/\libucosii_bsp.a(os_core.o)
                0x02017bf0                OSEventNameGet
                0x02017d20                OSEventNameSet
                0x02017e64                OSEventPendMulti
                0x02018518                OSInit
                0x0201856c                OSIntEnter
                0x020185e8                OSIntExit
                0x020186e8                OSSchedLock
                0x02018774                OSSchedUnlock
                0x02018858                OSStart
                0x020188c8                OSStatInit
                0x02018974                OSTimeTick
                0x02018bb4                OSVersion
                0x02018bd4                OS_Dummy
                0x02018bf0                OS_EventTaskRdy
                0x02018d84                OS_EventTaskWait
                0x02018e94                OS_EventTaskWaitMulti
                0x02018fe8                OS_EventTaskRemove
                0x020190a0                OS_EventTaskRemoveMulti
                0x020191a4                OS_EventWaitListInit
                0x02019570                OS_MemClr
                0x020195c4                OS_MemCopy
                0x02019630                OS_Sched
                0x02019774                OS_StrCopy
                0x020197f4                OS_StrLen
                0x0201984c                OS_TaskIdle
                0x020198a8                OS_TaskStat
                0x02019970                OS_TaskStatStkChk
                0x02019a38                OS_TCBInit
 .text          0x02019d18      0x18c ../DSO06_bsp/\libucosii_bsp.a(os_dbg.o)
                0x02019d18                OSDebugInit
 .text          0x02019ea4     0x193c ../DSO06_bsp/\libucosii_bsp.a(os_flag.o)
                0x02019ea4                OSFlagAccept
                0x0201a1d8                OSFlagCreate
                0x0201a314                OSFlagDel
                0x0201a5bc                OSFlagNameGet
                0x0201a700                OSFlagNameSet
                0x0201a854                OSFlagPend
                0x0201ae98                OSFlagPendGetFlagsRdy
                0x0201af00                OSFlagPost
                0x0201b2a8                OSFlagQuery
                0x0201b540                OS_FlagInit
                0x0201b734                OS_FlagUnlink
 .text          0x0201b7e0      0x808 ../DSO06_bsp/\libucosii_bsp.a(os_mem.o)
                0x0201b7e0                OSMemCreate
                0x0201b9fc                OSMemGet
                0x0201bb00                OSMemNameGet
                0x0201bc0c                OSMemNameSet
                0x0201bd2c                OSMemPut
                0x0201be1c                OSMemQuery
                0x0201bf18                OS_MemInit
 .text          0x0201bfe8     0x1334 ../DSO06_bsp/\libucosii_bsp.a(os_q.o)
                0x0201bfe8                OSQAccept
                0x0201c13c                OSQCreate
                0x0201c350                OSQDel
                0x0201c650                OSQFlush
                0x0201c718                OSQPend
                0x0201ca38                OSQPendAbort
                0x0201cbb4                OSQPost
                0x0201cd34                OSQPostFront
                0x0201cebc                OSQPostOpt
                0x0201d0f0                OSQQuery
                0x0201d270                OS_QInit
 .text          0x0201d31c      0xbc8 ../DSO06_bsp/\libucosii_bsp.a(os_sem.o)
                0x0201d31c                OSSemAccept
                0x0201d3dc                OSSemCreate
                0x0201d4f0                OSSemDel
                0x0201d790                OSSemPend
                0x0201da0c                OSSemPendAbort
                0x0201db88                OSSemPost
                0x0201dcb0                OSSemQuery
                0x0201dde0                OSSemSet
 .text          0x0201dee4     0x1a40 ../DSO06_bsp/\libucosii_bsp.a(os_task.o)
                0x0201dee4                OSTaskChangePrio
                0x0201e458                OSTaskCreate
                0x0201e62c                OSTaskCreateExt
                0x0201e82c                OSTaskDel
                0x0201ec38                OSTaskDelReq
                0x0201eda8                OSTaskNameGet
                0x0201ef60                OSTaskNameSet
                0x0201f124                OSTaskResume
                0x0201f33c                OSTaskStkChk
                0x0201f538                OSTaskSuspend
                0x0201f764                OSTaskQuery
                0x0201f8a8                OS_TaskStkClr
 .text          0x0201f924      0x670 ../DSO06_bsp/\libucosii_bsp.a(os_time.o)
                0x0201f924                OSTimeDly
                0x0201fa70                OSTimeDlyHMSM
                0x0201fcbc                OSTimeDlyResume
                0x0201fecc                OSTimeGet
                0x0201ff30                OSTimeSet
 .text          0x0201ff94       0xd0 ../DSO06_bsp/\libucosii_bsp.a(alt_sys_init.o)
                0x0201ff94                alt_irq_init
                0x0201ffc8                alt_sys_init
 .text          0x02020064      0x9e4 ../DSO06_bsp/\libucosii_bsp.a(altera_avalon_epcs_flash_controller.o)
                0x02020064                alt_epcs_flash_init
                0x02020480                alt_epcs_flash_write
                0x02020700                alt_epcs_flash_get_info
                0x02020790                alt_epcs_flash_erase_block
                0x02020894                alt_epcs_flash_write_block
                0x020209b0                alt_epcs_flash_read
 .text          0x02020a48      0x148 ../DSO06_bsp/\libucosii_bsp.a(altera_avalon_jtag_uart_fd.o)
                0x02020a48                altera_avalon_jtag_uart_read_fd
                0x02020aa0                altera_avalon_jtag_uart_write_fd
                0x02020af8                altera_avalon_jtag_uart_close_fd
                0x02020b40                altera_avalon_jtag_uart_ioctl_fd
 .text          0x02020b90      0x584 ../DSO06_bsp/\libucosii_bsp.a(altera_avalon_jtag_uart_init.o)
                0x02020b90                altera_avalon_jtag_uart_init
                0x020210a0                altera_avalon_jtag_uart_close
 .text          0x02021114       0xf4 ../DSO06_bsp/\libucosii_bsp.a(altera_avalon_jtag_uart_ioctl.o)
                0x02021114                altera_avalon_jtag_uart_ioctl
 .text          0x02021208      0x2c0 ../DSO06_bsp/\libucosii_bsp.a(altera_avalon_jtag_uart_read.o)
                0x02021208                altera_avalon_jtag_uart_read
 .text          0x020214c8      0x2dc ../DSO06_bsp/\libucosii_bsp.a(altera_avalon_jtag_uart_write.o)
                0x020214c8                altera_avalon_jtag_uart_write
 .text          0x020217a4      0x100 ../DSO06_bsp/\libucosii_bsp.a(altera_avalon_timer_sc.o)
                0x02021814                alt_avalon_timer_sc_init
 .text          0x020218a4      0x6d4 ../DSO06_bsp/\libucosii_bsp.a(epcs_commands.o)
                0x020218a4                epcs_read_status_register
                0x02021904                epcs_sector_erase
                0x02021a6c                epcs_read_buffer
                0x02021bb8                epcs_write_enable
                0x02021c08                epcs_write_status_register
                0x02021c6c                epcs_write_buffer
                0x02021ddc                epcs_read_electronic_signature
                0x02021e48                epcs_read_device_id
                0x02021ec8                epcs_enter_4_bytes_mode
                0x02021f20                epcs_exit_4_bytes_mode
 .text          0x02021f78      0x154 ../DSO06_bsp/\libucosii_bsp.a(alt_alarm_start.o)
                0x02021f78                alt_alarm_start
 .text          0x020220cc      0x12c ../DSO06_bsp/\libucosii_bsp.a(alt_busy_sleep.o)
                0x020220cc                alt_busy_sleep
 .text          0x020221f8      0x114 ../DSO06_bsp/\libucosii_bsp.a(alt_dev_llist_insert.o)
                0x020221f8                alt_dev_llist_insert
 .text          0x0202230c       0x64 ../DSO06_bsp/\libucosii_bsp.a(alt_do_ctors.o)
                0x0202230c                _do_ctors
 .text          0x02022370       0x64 ../DSO06_bsp/\libucosii_bsp.a(alt_do_dtors.o)
                0x02022370                _do_dtors
 .text          0x020223d4       0x94 ../DSO06_bsp/\libucosii_bsp.a(alt_find_dev.o)
                0x020223d4                alt_find_dev
 .text          0x02022468      0x1d4 ../DSO06_bsp/\libucosii_bsp.a(alt_iic.o)
                0x02022468                alt_ic_isr_register
                0x020224b8                alt_ic_irq_enable
                0x02022554                alt_ic_irq_disable
                0x020225f4                alt_ic_irq_enabled
 .text          0x0202263c       0xf8 ../DSO06_bsp/\libucosii_bsp.a(alt_iic_isr_register.o)
                0x0202263c                alt_iic_isr_register
 .text          0x02022734      0x13c ../DSO06_bsp/\libucosii_bsp.a(alt_io_redirect.o)
                0x020227f8                alt_io_redirect
 .text          0x02022870        0x0 ../DSO06_bsp/\libucosii_bsp.a(alt_irq_entry.o)
 .text          0x02022870        0x0 ../DSO06_bsp/\libucosii_bsp.a(alt_irq_handler.o)
 .text          0x02022870        0x0 ../DSO06_bsp/\libucosii_bsp.a(alt_irq_vars.o)
 .text          0x02022870      0x2c4 ../DSO06_bsp/\libucosii_bsp.a(alt_open.o)
                0x0202294c                open
 .text          0x02022b34      0x1a8 ../DSO06_bsp/\libucosii_bsp.a(alt_tick.o)
                0x02022b34                alt_alarm_stop
                0x02022bcc                alt_tick
 .text          0x02022cdc       0x20 ../DSO06_bsp/\libucosii_bsp.a(altera_nios2_qsys_irq.o)
                0x02022cdc                altera_nios2_qsys_irq_init
 .text          0x02022cfc       0xd0 ../DSO06_bsp/\libucosii_bsp.a(os_cpu_a.o)
                0x02022cfc                OSCtxSw
                0x02022cfc                OSIntCtxSw
                0x02022d88                OSStartHighRdy
                0x02022da8                OSStartTsk
 .text          0x02022dcc      0x418 ../DSO06_bsp/\libucosii_bsp.a(os_cpu_c.o)
                0x02022dcc                OSTaskStkInit
                0x020230dc                OSTaskCreateHook
                0x020230fc                OSTaskDelHook
                0x0202311c                OSTaskSwHook
                0x02023138                OSTaskStatHook
                0x02023154                OSTimeTickHook
                0x02023170                OSInitHookBegin
                0x0202318c                OSInitHookEnd
                0x020231a8                OSTaskIdleHook
                0x020231c4                OSTCBInitHook
 .text          0x020231e4      0x238 ../DSO06_bsp/\libucosii_bsp.a(altera_avalon_spi.o)
                0x020231e4                alt_avalon_spi_command
 .text          0x0202341c        0x0 ../DSO06_bsp/\libucosii_bsp.a(alt_exception_entry.o)
 .text          0x0202341c      0x120 ../DSO06_bsp/\libucosii_bsp.a(alt_find_file.o)
                0x0202341c                alt_find_file
 .text          0x0202353c       0xf4 ../DSO06_bsp/\libucosii_bsp.a(alt_get_fd.o)
                0x0202353c                alt_get_fd
 .text          0x02023630       0x14 c:/altera/13.0/nios2eds/bin/gnu/h-i686-mingw32/bin/../lib/gcc/nios2-elf/4.1.2/../../../../nios2-elf/lib\libc.a(lib_a-atexit.o)
                0x02023630                atexit
 .text          0x02023644       0x74 c:/altera/13.0/nios2eds/bin/gnu/h-i686-mingw32/bin/../lib/gcc/nios2-elf/4.1.2/../../../../nios2-elf/lib\libc.a(lib_a-memcmp.o)
                0x02023644                memcmp
 .text          0x020236b8      0x134 c:/altera/13.0/nios2eds/bin/gnu/h-i686-mingw32/bin/../lib/gcc/nios2-elf/4.1.2/../../../../nios2-elf/lib\libc.a(lib_a-__atexit.o)
                0x020236b8                __register_exitproc
 *(.gnu.warning.*)
 *(.fini)
                0x020237ec                PROVIDE (__etext, ABSOLUTE (.))
                0x020237ec                PROVIDE (_etext, ABSOLUTE (.))
                0x020237ec                PROVIDE (etext, ABSOLUTE (.))
 *(.eh_frame_hdr)
                0x020237ec                . = ALIGN (0x4)
                0x020237ec                PROVIDE (__preinit_array_start, ABSOLUTE (.))
 *(.preinit_array)
                0x020237ec                PROVIDE (__preinit_array_end, ABSOLUTE (.))
                0x020237ec                PROVIDE (__init_array_start, ABSOLUTE (.))
 *(.init_array)
                0x020237ec                PROVIDE (__init_array_end, ABSOLUTE (.))
                0x020237ec                PROVIDE (__fini_array_start, ABSOLUTE (.))
 *(.fini_array)
                0x020237ec                PROVIDE (__fini_array_end, ABSOLUTE (.))
 *(.eh_frame)
 *(.gcc_except_table)
 *(.dynamic)
                0x020237ec                PROVIDE (__CTOR_LIST__, ABSOLUTE (.))
 *(.ctors)
 *(SORT(.ctors.*))
 .ctors.65535   0x020237ec        0x4 c:/altera/13.0/nios2eds/bin/gnu/h-i686-mingw32/bin/../lib/gcc/nios2-elf/4.1.2/../../../../nios2-elf/lib\libc.a(lib_a-__call_atexit.o)
                0x020237f0                PROVIDE (__CTOR_END__, ABSOLUTE (.))
                0x020237f0                PROVIDE (__DTOR_LIST__, ABSOLUTE (.))
 *(.dtors)
 *(SORT(.dtors.*))
                0x020237f0                PROVIDE (__DTOR_END__, ABSOLUTE (.))
 *(.jcr)
                0x020237f0                . = ALIGN (0x4)

.rodata         0x020237f0     0x1780
                0x020237f0                PROVIDE (__ram_rodata_start, ABSOLUTE (.))
                0x020237f0                . = ALIGN (0x4)
 *(.rodata .rodata.* .gnu.linkonce.r.*)
 .rodata        0x020237f0      0x378 obj/default/alt_ucosii_simple_error_check.o
 .rodata        0x02023b68       0x34 obj/default/app.o
 .rodata        0x02023b9c       0x5c obj/default/dds.o
 .rodata        0x02023bf8      0x1a4 obj/default/div.o
 .rodata        0x02023d9c       0x9c obj/default/flash.o
 .rodata        0x02023e38      0xa64 obj/default/ili9320.o
                0x02023e38                asc2_1206
                0x020242ac                asc2_1608
 .rodata        0x0202489c       0x38 obj/default/key.o
 .rodata.str1.4
                0x020248d4        0x4 c:/altera/13.0/nios2eds/bin/gnu/h-i686-mingw32/bin/../lib/gcc/nios2-elf/4.1.2/../../../../nios2-elf/lib\libm.a(lib_a-w_pow.o)
 .rodata.str1.4
                0x020248d8        0x5 c:/altera/13.0/nios2eds/bin/gnu/h-i686-mingw32/bin/../lib/gcc/nios2-elf/4.1.2/../../../../nios2-elf/lib\libm.a(lib_a-w_sqrt.o)
                                  0x8 (size before relaxing)
 .rodata.str1.4
                0x00000000        0x5 c:/altera/13.0/nios2eds/bin/gnu/h-i686-mingw32/bin/../lib/gcc/nios2-elf/4.1.2/../../../../nios2-elf/lib\libm.a(lib_a-e_pow.o)
                                  0x4 (size before relaxing)
 *fill*         0x020248dd        0x3 00
 .rodata        0x020248e0       0x30 c:/altera/13.0/nios2eds/bin/gnu/h-i686-mingw32/bin/../lib/gcc/nios2-elf/4.1.2/../../../../nios2-elf/lib\libm.a(lib_a-e_pow.o)
 .rodata        0x02024910      0x188 c:/altera/13.0/nios2eds/bin/gnu/h-i686-mingw32/bin/../lib/gcc/nios2-elf/4.1.2/../../../../nios2-elf/lib\libm.a(lib_a-e_rem_pio2.o)
 .rodata        0x02024a98       0x50 c:/altera/13.0/nios2eds/bin/gnu/h-i686-mingw32/bin/../lib/gcc/nios2-elf/4.1.2/../../../../nios2-elf/lib\libm.a(lib_a-k_rem_pio2.o)
 .rodata        0x02024ae8       0x10 c:/altera/13.0/nios2eds/bin/gnu/h-i686-mingw32/bin/../lib/gcc/nios2-elf/4.1.2/../../../../nios2-elf/lib\libm.a(lib_a-s_rint.o)
 .rodata        0x02024af8       0x10 c:/altera/13.0/nios2eds/bin/gnu/h-i686-mingw32/bin/../lib/gcc/nios2-elf/4.1.2\libgcc.a(_thenan_sf.o)
                0x02024af8                __thenan_sf
 .rodata        0x02024b08       0x14 c:/altera/13.0/nios2eds/bin/gnu/h-i686-mingw32/bin/../lib/gcc/nios2-elf/4.1.2\libgcc.a(_thenan_df.o)
                0x02024b08                __thenan_df
 .rodata        0x02024b1c      0x100 c:/altera/13.0/nios2eds/bin/gnu/h-i686-mingw32/bin/../lib/gcc/nios2-elf/4.1.2\libgcc.a(_clz.o)
                0x02024b1c                __clz_tab
 .rodata.str1.4
                0x02024c1c        0x2 c:/altera/13.0/nios2eds/bin/gnu/h-i686-mingw32/bin/../lib/gcc/nios2-elf/4.1.2/../../../../nios2-elf/lib\libc.a(lib_a-impure.o)
                                  0x4 (size before relaxing)
 *fill*         0x02024c1e        0x2 00
 .rodata.str1.4
                0x02024c20        0x2 c:/altera/13.0/nios2eds/bin/gnu/h-i686-mingw32/bin/../lib/gcc/nios2-elf/4.1.2/../../../../nios2-elf/lib\libc.a(lib_a-puts.o)
                                  0x4 (size before relaxing)
 *fill*         0x02024c22        0x2 00
 .rodata.str1.4
                0x02024c24       0x5e c:/altera/13.0/nios2eds/bin/gnu/h-i686-mingw32/bin/../lib/gcc/nios2-elf/4.1.2/../../../../nios2-elf/lib\libc.a(lib_a-vfprintf.o)
                                 0x60 (size before relaxing)
 *fill*         0x02024c82        0x2 00
 .rodata        0x02024c84       0x20 c:/altera/13.0/nios2eds/bin/gnu/h-i686-mingw32/bin/../lib/gcc/nios2-elf/4.1.2/../../../../nios2-elf/lib\libc.a(lib_a-vfprintf.o)
 .rodata.str1.4
                0x02024ca4       0x10 c:/altera/13.0/nios2eds/bin/gnu/h-i686-mingw32/bin/../lib/gcc/nios2-elf/4.1.2/../../../../nios2-elf/lib\libc.a(lib_a-dtoa.o)
                                 0x14 (size before relaxing)
 .rodata.str1.4
                0x02024cb4       0x10 c:/altera/13.0/nios2eds/bin/gnu/h-i686-mingw32/bin/../lib/gcc/nios2-elf/4.1.2/../../../../nios2-elf/lib\libc.a(lib_a-locale.o)
                                 0x18 (size before relaxing)
 .rodata        0x02024cc4       0x30 c:/altera/13.0/nios2eds/bin/gnu/h-i686-mingw32/bin/../lib/gcc/nios2-elf/4.1.2/../../../../nios2-elf/lib\libc.a(lib_a-locale.o)
 .rodata        0x02024cf4      0x124 c:/altera/13.0/nios2eds/bin/gnu/h-i686-mingw32/bin/../lib/gcc/nios2-elf/4.1.2/../../../../nios2-elf/lib\libc.a(lib_a-mprec.o)
                0x02024cf4                __mprec_tens
                0x02024dbc                __mprec_bigtens
                0x02024de4                __mprec_tinytens
 .rodata        0x02024e18        0xc ../DSO06_bsp/\libucosii_bsp.a(alt_dev.o)
 .rodata        0x02024e24        0xc ../DSO06_bsp/\libucosii_bsp.a(alt_main.o)
 .rodata        0x02024e30      0x120 ../DSO06_bsp/\libucosii_bsp.a(os_core.o)
                0x02024e30                OSUnMapTbl
 .rodata        0x02024f50       0x1c ../DSO06_bsp/\libucosii_bsp.a(alt_sys_init.o)
 .rodata        0x02024f6c        0x4 ../DSO06_bsp/\libucosii_bsp.a(os_cpu_c.o)
 *(.rodata1)
                0x02024f70                . = ALIGN (0x4)
                0x02024f70                PROVIDE (__ram_rodata_end, ABSOLUTE (.))
                0x020237f0                PROVIDE (__flash_rodata_start, LOADADDR (.rodata))

.rwdata         0x02024f70     0x1fdc
                0x02024f70                PROVIDE (__ram_rwdata_start, ABSOLUTE (.))
                0x02024f70                . = ALIGN (0x4)
 *(.got.plt)
 *(.got)
 *(.data1)
 *(.data .data.* .gnu.linkonce.d.*)
 .data          0x02024f70        0x0 ../DSO06_bsp//obj/HAL/src/crt0.o
 .data          0x02024f70        0x0 obj/default/FFT.o
 .data          0x02024f70        0x0 obj/default/alt_ucosii_simple_error_check.o
 .data          0x02024f70        0x0 obj/default/app.o
 .data          0x02024f70      0x400 obj/default/dds.o
                0x02024f70                square_data
                0x02025070                sin_data
                0x02025170                triangular_data
                0x02025270                zigzag_data
 .data          0x02025370       0x14 obj/default/div.o
                0x02025370                DIV
 .data          0x02025384        0x0 obj/default/djd.o
 .data          0x02025384        0x0 obj/default/flash.o
 .data          0x02025384        0x0 obj/default/ili9320.o
 .data          0x02025384        0x0 obj/default/key.o
 .data          0x02025384        0x0 obj/default/main.o
 .data          0x02025384        0x0 obj/default/tlv5638.o
 .data          0x02025384        0x0 c:/altera/13.0/nios2eds/bin/gnu/h-i686-mingw32/bin/../lib/gcc/nios2-elf/4.1.2/../../../../nios2-elf/lib\libm.a(lib_a-s_cos.o)
 .data          0x02025384        0x0 c:/altera/13.0/nios2eds/bin/gnu/h-i686-mingw32/bin/../lib/gcc/nios2-elf/4.1.2/../../../../nios2-elf/lib\libm.a(lib_a-s_sin.o)
 .data          0x02025384        0x0 c:/altera/13.0/nios2eds/bin/gnu/h-i686-mingw32/bin/../lib/gcc/nios2-elf/4.1.2/../../../../nios2-elf/lib\libm.a(lib_a-w_pow.o)
 .data          0x02025384        0x0 c:/altera/13.0/nios2eds/bin/gnu/h-i686-mingw32/bin/../lib/gcc/nios2-elf/4.1.2/../../../../nios2-elf/lib\libm.a(lib_a-w_sqrt.o)
 .data          0x02025384        0x0 c:/altera/13.0/nios2eds/bin/gnu/h-i686-mingw32/bin/../lib/gcc/nios2-elf/4.1.2/../../../../nios2-elf/lib\libm.a(lib_a-e_pow.o)
 .data          0x02025384        0x0 c:/altera/13.0/nios2eds/bin/gnu/h-i686-mingw32/bin/../lib/gcc/nios2-elf/4.1.2/../../../../nios2-elf/lib\libm.a(lib_a-e_rem_pio2.o)
 .data          0x02025384        0x0 c:/altera/13.0/nios2eds/bin/gnu/h-i686-mingw32/bin/../lib/gcc/nios2-elf/4.1.2/../../../../nios2-elf/lib\libm.a(lib_a-e_sqrt.o)
 .data          0x02025384        0x0 c:/altera/13.0/nios2eds/bin/gnu/h-i686-mingw32/bin/../lib/gcc/nios2-elf/4.1.2/../../../../nios2-elf/lib\libm.a(lib_a-k_cos.o)
 .data          0x02025384        0x0 c:/altera/13.0/nios2eds/bin/gnu/h-i686-mingw32/bin/../lib/gcc/nios2-elf/4.1.2/../../../../nios2-elf/lib\libm.a(lib_a-k_rem_pio2.o)
 .data          0x02025384        0x0 c:/altera/13.0/nios2eds/bin/gnu/h-i686-mingw32/bin/../lib/gcc/nios2-elf/4.1.2/../../../../nios2-elf/lib\libm.a(lib_a-k_sin.o)
 .data          0x02025384        0x0 c:/altera/13.0/nios2eds/bin/gnu/h-i686-mingw32/bin/../lib/gcc/nios2-elf/4.1.2/../../../../nios2-elf/lib\libm.a(lib_a-s_fabs.o)
 .data          0x02025384        0x0 c:/altera/13.0/nios2eds/bin/gnu/h-i686-mingw32/bin/../lib/gcc/nios2-elf/4.1.2/../../../../nios2-elf/lib\libm.a(lib_a-s_finite.o)
 .data          0x02025384        0x0 c:/altera/13.0/nios2eds/bin/gnu/h-i686-mingw32/bin/../lib/gcc/nios2-elf/4.1.2/../../../../nios2-elf/lib\libm.a(lib_a-s_floor.o)
 .data          0x02025384        0x0 c:/altera/13.0/nios2eds/bin/gnu/h-i686-mingw32/bin/../lib/gcc/nios2-elf/4.1.2/../../../../nios2-elf/lib\libm.a(lib_a-s_isnand.o)
 .data          0x02025384        0x0 c:/altera/13.0/nios2eds/bin/gnu/h-i686-mingw32/bin/../lib/gcc/nios2-elf/4.1.2/../../../../nios2-elf/lib\libm.a(lib_a-s_lib_ver.o)
 .data          0x02025384        0x0 c:/altera/13.0/nios2eds/bin/gnu/h-i686-mingw32/bin/../lib/gcc/nios2-elf/4.1.2/../../../../nios2-elf/lib\libm.a(lib_a-s_matherr.o)
 .data          0x02025384        0x0 c:/altera/13.0/nios2eds/bin/gnu/h-i686-mingw32/bin/../lib/gcc/nios2-elf/4.1.2/../../../../nios2-elf/lib\libm.a(lib_a-s_nan.o)
 .data          0x02025384        0x0 c:/altera/13.0/nios2eds/bin/gnu/h-i686-mingw32/bin/../lib/gcc/nios2-elf/4.1.2/../../../../nios2-elf/lib\libm.a(lib_a-s_rint.o)
 .data          0x02025384        0x0 c:/altera/13.0/nios2eds/bin/gnu/h-i686-mingw32/bin/../lib/gcc/nios2-elf/4.1.2/../../../../nios2-elf/lib\libm.a(lib_a-s_scalbn.o)
 .data          0x02025384        0x0 c:/altera/13.0/nios2eds/bin/gnu/h-i686-mingw32/bin/../lib/gcc/nios2-elf/4.1.2/../../../../nios2-elf/lib\libm.a(lib_a-s_copysign.o)
 .data          0x02025384        0x0 c:/altera/13.0/nios2eds/bin/gnu/h-i686-mingw32/bin/../lib/gcc/nios2-elf/4.1.2\libgcc.a(_fixunssfsi.o)
 .data          0x02025384        0x0 c:/altera/13.0/nios2eds/bin/gnu/h-i686-mingw32/bin/../lib/gcc/nios2-elf/4.1.2\libgcc.a(_fixunsdfsi.o)
 .data          0x02025384        0x0 c:/altera/13.0/nios2eds/bin/gnu/h-i686-mingw32/bin/../lib/gcc/nios2-elf/4.1.2\libgcc.a(_fixunsdfdi.o)
 .data          0x02025384        0x0 c:/altera/13.0/nios2eds/bin/gnu/h-i686-mingw32/bin/../lib/gcc/nios2-elf/4.1.2\libgcc.a(_addsub_sf.o)
 .data          0x02025384        0x0 c:/altera/13.0/nios2eds/bin/gnu/h-i686-mingw32/bin/../lib/gcc/nios2-elf/4.1.2\libgcc.a(_mul_sf.o)
 .data          0x02025384        0x0 c:/altera/13.0/nios2eds/bin/gnu/h-i686-mingw32/bin/../lib/gcc/nios2-elf/4.1.2\libgcc.a(_div_sf.o)
 .data          0x02025384        0x0 c:/altera/13.0/nios2eds/bin/gnu/h-i686-mingw32/bin/../lib/gcc/nios2-elf/4.1.2\libgcc.a(_ge_sf.o)
 .data          0x02025384        0x0 c:/altera/13.0/nios2eds/bin/gnu/h-i686-mingw32/bin/../lib/gcc/nios2-elf/4.1.2\libgcc.a(_sf_to_si.o)
 .data          0x02025384        0x0 c:/altera/13.0/nios2eds/bin/gnu/h-i686-mingw32/bin/../lib/gcc/nios2-elf/4.1.2\libgcc.a(_sf_to_df.o)
 .data          0x02025384        0x0 c:/altera/13.0/nios2eds/bin/gnu/h-i686-mingw32/bin/../lib/gcc/nios2-elf/4.1.2\libgcc.a(_thenan_sf.o)
 .data          0x02025384        0x0 c:/altera/13.0/nios2eds/bin/gnu/h-i686-mingw32/bin/../lib/gcc/nios2-elf/4.1.2\libgcc.a(_usi_to_sf.o)
 .data          0x02025384        0x0 c:/altera/13.0/nios2eds/bin/gnu/h-i686-mingw32/bin/../lib/gcc/nios2-elf/4.1.2\libgcc.a(_addsub_df.o)
 .data          0x02025384        0x0 c:/altera/13.0/nios2eds/bin/gnu/h-i686-mingw32/bin/../lib/gcc/nios2-elf/4.1.2\libgcc.a(_mul_df.o)
 .data          0x02025384        0x0 c:/altera/13.0/nios2eds/bin/gnu/h-i686-mingw32/bin/../lib/gcc/nios2-elf/4.1.2\libgcc.a(_div_df.o)
 .data          0x02025384        0x0 c:/altera/13.0/nios2eds/bin/gnu/h-i686-mingw32/bin/../lib/gcc/nios2-elf/4.1.2\libgcc.a(_eq_df.o)
 .data          0x02025384        0x0 c:/altera/13.0/nios2eds/bin/gnu/h-i686-mingw32/bin/../lib/gcc/nios2-elf/4.1.2\libgcc.a(_ne_df.o)
 .data          0x02025384        0x0 c:/altera/13.0/nios2eds/bin/gnu/h-i686-mingw32/bin/../lib/gcc/nios2-elf/4.1.2\libgcc.a(_gt_df.o)
 .data          0x02025384        0x0 c:/altera/13.0/nios2eds/bin/gnu/h-i686-mingw32/bin/../lib/gcc/nios2-elf/4.1.2\libgcc.a(_ge_df.o)
 .data          0x02025384        0x0 c:/altera/13.0/nios2eds/bin/gnu/h-i686-mingw32/bin/../lib/gcc/nios2-elf/4.1.2\libgcc.a(_lt_df.o)
 .data          0x02025384        0x0 c:/altera/13.0/nios2eds/bin/gnu/h-i686-mingw32/bin/../lib/gcc/nios2-elf/4.1.2\libgcc.a(_le_df.o)
 .data          0x02025384        0x0 c:/altera/13.0/nios2eds/bin/gnu/h-i686-mingw32/bin/../lib/gcc/nios2-elf/4.1.2\libgcc.a(_si_to_df.o)
 .data          0x02025384        0x0 c:/altera/13.0/nios2eds/bin/gnu/h-i686-mingw32/bin/../lib/gcc/nios2-elf/4.1.2\libgcc.a(_df_to_si.o)
 .data          0x02025384        0x0 c:/altera/13.0/nios2eds/bin/gnu/h-i686-mingw32/bin/../lib/gcc/nios2-elf/4.1.2\libgcc.a(_make_df.o)
 .data          0x02025384        0x0 c:/altera/13.0/nios2eds/bin/gnu/h-i686-mingw32/bin/../lib/gcc/nios2-elf/4.1.2\libgcc.a(_df_to_sf.o)
 .data          0x02025384        0x0 c:/altera/13.0/nios2eds/bin/gnu/h-i686-mingw32/bin/../lib/gcc/nios2-elf/4.1.2\libgcc.a(_thenan_df.o)
 .data          0x02025384        0x0 c:/altera/13.0/nios2eds/bin/gnu/h-i686-mingw32/bin/../lib/gcc/nios2-elf/4.1.2\libgcc.a(_usi_to_df.o)
 .data          0x02025384        0x0 c:/altera/13.0/nios2eds/bin/gnu/h-i686-mingw32/bin/../lib/gcc/nios2-elf/4.1.2\libgcc.a(lib2-divmod.o)
 .data          0x02025384        0x0 c:/altera/13.0/nios2eds/bin/gnu/h-i686-mingw32/bin/../lib/gcc/nios2-elf/4.1.2\libgcc.a(_muldi3.o)
 .data          0x02025384        0x0 c:/altera/13.0/nios2eds/bin/gnu/h-i686-mingw32/bin/../lib/gcc/nios2-elf/4.1.2\libgcc.a(_clzsi2.o)
 .data          0x02025384        0x0 c:/altera/13.0/nios2eds/bin/gnu/h-i686-mingw32/bin/../lib/gcc/nios2-elf/4.1.2\libgcc.a(_pack_sf.o)
 .data          0x02025384        0x0 c:/altera/13.0/nios2eds/bin/gnu/h-i686-mingw32/bin/../lib/gcc/nios2-elf/4.1.2\libgcc.a(_unpack_sf.o)
 .data          0x02025384        0x0 c:/altera/13.0/nios2eds/bin/gnu/h-i686-mingw32/bin/../lib/gcc/nios2-elf/4.1.2\libgcc.a(_fpcmp_parts_sf.o)
 .data          0x02025384        0x0 c:/altera/13.0/nios2eds/bin/gnu/h-i686-mingw32/bin/../lib/gcc/nios2-elf/4.1.2\libgcc.a(_make_sf.o)
 .data          0x02025384        0x0 c:/altera/13.0/nios2eds/bin/gnu/h-i686-mingw32/bin/../lib/gcc/nios2-elf/4.1.2\libgcc.a(_pack_df.o)
 .data          0x02025384        0x0 c:/altera/13.0/nios2eds/bin/gnu/h-i686-mingw32/bin/../lib/gcc/nios2-elf/4.1.2\libgcc.a(_unpack_df.o)
 .data          0x02025384        0x0 c:/altera/13.0/nios2eds/bin/gnu/h-i686-mingw32/bin/../lib/gcc/nios2-elf/4.1.2\libgcc.a(_fpcmp_parts_df.o)
 .data          0x02025384        0x0 c:/altera/13.0/nios2eds/bin/gnu/h-i686-mingw32/bin/../lib/gcc/nios2-elf/4.1.2\libgcc.a(_clz.o)
 .data          0x02025384        0x0 c:/altera/13.0/nios2eds/bin/gnu/h-i686-mingw32/bin/../lib/gcc/nios2-elf/4.1.2/../../../../nios2-elf/lib\libc.a(lib_a-errno.o)
 .data          0x02025384        0x0 c:/altera/13.0/nios2eds/bin/gnu/h-i686-mingw32/bin/../lib/gcc/nios2-elf/4.1.2/../../../../nios2-elf/lib\libc.a(lib_a-exit.o)
 .data          0x02025384        0x0 c:/altera/13.0/nios2eds/bin/gnu/h-i686-mingw32/bin/../lib/gcc/nios2-elf/4.1.2/../../../../nios2-elf/lib\libc.a(lib_a-fprintf.o)
 .data          0x02025384        0x0 c:/altera/13.0/nios2eds/bin/gnu/h-i686-mingw32/bin/../lib/gcc/nios2-elf/4.1.2/../../../../nios2-elf/lib\libc.a(lib_a-fwrite.o)
 .data          0x02025384      0x400 c:/altera/13.0/nios2eds/bin/gnu/h-i686-mingw32/bin/../lib/gcc/nios2-elf/4.1.2/../../../../nios2-elf/lib\libc.a(lib_a-impure.o)
 .data          0x02025784        0x0 c:/altera/13.0/nios2eds/bin/gnu/h-i686-mingw32/bin/../lib/gcc/nios2-elf/4.1.2/../../../../nios2-elf/lib\libc.a(lib_a-puts.o)
 .data          0x02025784        0x0 c:/altera/13.0/nios2eds/bin/gnu/h-i686-mingw32/bin/../lib/gcc/nios2-elf/4.1.2/../../../../nios2-elf/lib\libc.a(lib_a-sprintf.o)
 .data          0x02025784        0x0 c:/altera/13.0/nios2eds/bin/gnu/h-i686-mingw32/bin/../lib/gcc/nios2-elf/4.1.2/../../../../nios2-elf/lib\libc.a(lib_a-strlen.o)
 .data          0x02025784        0x0 c:/altera/13.0/nios2eds/bin/gnu/h-i686-mingw32/bin/../lib/gcc/nios2-elf/4.1.2/../../../../nios2-elf/lib\libc.a(lib_a-vfprintf.o)
 .data          0x02025784        0x0 c:/altera/13.0/nios2eds/bin/gnu/h-i686-mingw32/bin/../lib/gcc/nios2-elf/4.1.2/../../../../nios2-elf/lib\libc.a(lib_a-wsetup.o)
 .data          0x02025784        0x0 c:/altera/13.0/nios2eds/bin/gnu/h-i686-mingw32/bin/../lib/gcc/nios2-elf/4.1.2/../../../../nios2-elf/lib\libc.a(lib_a-__call_atexit.o)
 .data          0x02025784        0x0 c:/altera/13.0/nios2eds/bin/gnu/h-i686-mingw32/bin/../lib/gcc/nios2-elf/4.1.2/../../../../nios2-elf/lib\libc.a(lib_a-dtoa.o)
 .data          0x02025784        0x0 c:/altera/13.0/nios2eds/bin/gnu/h-i686-mingw32/bin/../lib/gcc/nios2-elf/4.1.2/../../../../nios2-elf/lib\libc.a(lib_a-fflush.o)
 .data          0x02025784        0x0 c:/altera/13.0/nios2eds/bin/gnu/h-i686-mingw32/bin/../lib/gcc/nios2-elf/4.1.2/../../../../nios2-elf/lib\libc.a(lib_a-findfp.o)
 .data          0x02025784        0x0 c:/altera/13.0/nios2eds/bin/gnu/h-i686-mingw32/bin/../lib/gcc/nios2-elf/4.1.2/../../../../nios2-elf/lib\libc.a(lib_a-freer.o)
 .data          0x02025784        0x0 c:/altera/13.0/nios2eds/bin/gnu/h-i686-mingw32/bin/../lib/gcc/nios2-elf/4.1.2/../../../../nios2-elf/lib\libc.a(lib_a-fvwrite.o)
 .data          0x02025784        0x0 c:/altera/13.0/nios2eds/bin/gnu/h-i686-mingw32/bin/../lib/gcc/nios2-elf/4.1.2/../../../../nios2-elf/lib\libc.a(lib_a-fwalk.o)
 .data          0x02025784        0xc c:/altera/13.0/nios2eds/bin/gnu/h-i686-mingw32/bin/../lib/gcc/nios2-elf/4.1.2/../../../../nios2-elf/lib\libc.a(lib_a-locale.o)
                0x02025784                __lc_ctype
 .data          0x02025790        0x0 c:/altera/13.0/nios2eds/bin/gnu/h-i686-mingw32/bin/../lib/gcc/nios2-elf/4.1.2/../../../../nios2-elf/lib\libc.a(lib_a-makebuf.o)
 .data          0x02025790      0x408 c:/altera/13.0/nios2eds/bin/gnu/h-i686-mingw32/bin/../lib/gcc/nios2-elf/4.1.2/../../../../nios2-elf/lib\libc.a(lib_a-mallocr.o)
                0x02025790                __malloc_av_
 .data          0x02025b98        0x0 c:/altera/13.0/nios2eds/bin/gnu/h-i686-mingw32/bin/../lib/gcc/nios2-elf/4.1.2/../../../../nios2-elf/lib\libc.a(lib_a-memchr.o)
 .data          0x02025b98        0x0 c:/altera/13.0/nios2eds/bin/gnu/h-i686-mingw32/bin/../lib/gcc/nios2-elf/4.1.2/../../../../nios2-elf/lib\libc.a(lib_a-memcpy.o)
 .data          0x02025b98        0x0 c:/altera/13.0/nios2eds/bin/gnu/h-i686-mingw32/bin/../lib/gcc/nios2-elf/4.1.2/../../../../nios2-elf/lib\libc.a(lib_a-memmove.o)
 .data          0x02025b98        0x0 c:/altera/13.0/nios2eds/bin/gnu/h-i686-mingw32/bin/../lib/gcc/nios2-elf/4.1.2/../../../../nios2-elf/lib\libc.a(lib_a-memset.o)
 .data          0x02025b98        0x0 c:/altera/13.0/nios2eds/bin/gnu/h-i686-mingw32/bin/../lib/gcc/nios2-elf/4.1.2/../../../../nios2-elf/lib\libc.a(lib_a-mprec.o)
 .data          0x02025b98        0x0 c:/altera/13.0/nios2eds/bin/gnu/h-i686-mingw32/bin/../lib/gcc/nios2-elf/4.1.2/../../../../nios2-elf/lib\libc.a(lib_a-reallocr.o)
 .data          0x02025b98        0x0 c:/altera/13.0/nios2eds/bin/gnu/h-i686-mingw32/bin/../lib/gcc/nios2-elf/4.1.2/../../../../nios2-elf/lib\libc.a(lib_a-s_isinfd.o)
 .data          0x02025b98        0x0 c:/altera/13.0/nios2eds/bin/gnu/h-i686-mingw32/bin/../lib/gcc/nios2-elf/4.1.2/../../../../nios2-elf/lib\libc.a(lib_a-sbrkr.o)
 .data          0x02025b98        0x0 c:/altera/13.0/nios2eds/bin/gnu/h-i686-mingw32/bin/../lib/gcc/nios2-elf/4.1.2/../../../../nios2-elf/lib\libc.a(lib_a-stdio.o)
 .data          0x02025b98        0x0 c:/altera/13.0/nios2eds/bin/gnu/h-i686-mingw32/bin/../lib/gcc/nios2-elf/4.1.2/../../../../nios2-elf/lib\libc.a(lib_a-strcmp.o)
 .data          0x02025b98        0x0 c:/altera/13.0/nios2eds/bin/gnu/h-i686-mingw32/bin/../lib/gcc/nios2-elf/4.1.2/../../../../nios2-elf/lib\libc.a(lib_a-writer.o)
 .data          0x02025b98        0x0 c:/altera/13.0/nios2eds/bin/gnu/h-i686-mingw32/bin/../lib/gcc/nios2-elf/4.1.2/../../../../nios2-elf/lib\libc.a(lib_a-callocr.o)
 .data          0x02025b98        0x0 c:/altera/13.0/nios2eds/bin/gnu/h-i686-mingw32/bin/../lib/gcc/nios2-elf/4.1.2/../../../../nios2-elf/lib\libc.a(lib_a-closer.o)
 .data          0x02025b98        0x0 c:/altera/13.0/nios2eds/bin/gnu/h-i686-mingw32/bin/../lib/gcc/nios2-elf/4.1.2/../../../../nios2-elf/lib\libc.a(lib_a-fclose.o)
 .data          0x02025b98        0x0 c:/altera/13.0/nios2eds/bin/gnu/h-i686-mingw32/bin/../lib/gcc/nios2-elf/4.1.2/../../../../nios2-elf/lib\libc.a(lib_a-fstatr.o)
 .data          0x02025b98        0x0 c:/altera/13.0/nios2eds/bin/gnu/h-i686-mingw32/bin/../lib/gcc/nios2-elf/4.1.2/../../../../nios2-elf/lib\libc.a(lib_a-int_errno.o)
 .data          0x02025b98        0x0 c:/altera/13.0/nios2eds/bin/gnu/h-i686-mingw32/bin/../lib/gcc/nios2-elf/4.1.2/../../../../nios2-elf/lib\libc.a(lib_a-isattyr.o)
 .data          0x02025b98        0x0 c:/altera/13.0/nios2eds/bin/gnu/h-i686-mingw32/bin/../lib/gcc/nios2-elf/4.1.2/../../../../nios2-elf/lib\libc.a(lib_a-lseekr.o)
 .data          0x02025b98        0x0 c:/altera/13.0/nios2eds/bin/gnu/h-i686-mingw32/bin/../lib/gcc/nios2-elf/4.1.2/../../../../nios2-elf/lib\libc.a(lib_a-readr.o)
 .data          0x02025b98        0x0 c:/altera/13.0/nios2eds/bin/gnu/h-i686-mingw32/bin/../lib/gcc/nios2-elf/4.1.2\libgcc.a(_udivdi3.o)
 .data          0x02025b98        0x0 c:/altera/13.0/nios2eds/bin/gnu/h-i686-mingw32/bin/../lib/gcc/nios2-elf/4.1.2\libgcc.a(_umoddi3.o)
 .data          0x02025b98        0x0 ../DSO06_bsp/\libucosii_bsp.a(alt_close.o)
 .data          0x02025b98        0x0 ../DSO06_bsp/\libucosii_bsp.a(alt_dcache_flush.o)
 .data          0x02025b98      0x1a8 ../DSO06_bsp/\libucosii_bsp.a(alt_dev.o)
                0x02025b98                alt_dev_null
                0x02025bc0                alt_fd_list
 .data          0x02025d40        0x0 ../DSO06_bsp/\libucosii_bsp.a(alt_errno.o)
 .data          0x02025d40        0x0 ../DSO06_bsp/\libucosii_bsp.a(alt_exit.o)
 .data          0x02025d40        0x0 ../DSO06_bsp/\libucosii_bsp.a(alt_flash_dev.o)
 .data          0x02025d40        0x0 ../DSO06_bsp/\libucosii_bsp.a(alt_fstat.o)
 .data          0x02025d40        0x0 ../DSO06_bsp/\libucosii_bsp.a(alt_isatty.o)
 .data          0x02025d40        0x0 ../DSO06_bsp/\libucosii_bsp.a(alt_lseek.o)
 .data          0x02025d40        0x0 ../DSO06_bsp/\libucosii_bsp.a(alt_main.o)
 .data          0x02025d40        0x0 ../DSO06_bsp/\libucosii_bsp.a(alt_read.o)
 .data          0x02025d40        0x0 ../DSO06_bsp/\libucosii_bsp.a(alt_release_fd.o)
 .data          0x02025d40        0x0 ../DSO06_bsp/\libucosii_bsp.a(alt_sbrk.o)
 .data          0x02025d40        0x0 ../DSO06_bsp/\libucosii_bsp.a(alt_usleep.o)
 .data          0x02025d40        0x0 ../DSO06_bsp/\libucosii_bsp.a(alt_write.o)
 .data          0x02025d40        0x0 ../DSO06_bsp/\libucosii_bsp.a(alt_env_lock.o)
 .data          0x02025d40        0x0 ../DSO06_bsp/\libucosii_bsp.a(alt_malloc_lock.o)
 .data          0x02025d40        0x0 ../DSO06_bsp/\libucosii_bsp.a(os_core.o)
 .data          0x02025d40        0x0 ../DSO06_bsp/\libucosii_bsp.a(os_dbg.o)
 .data          0x02025d40        0x0 ../DSO06_bsp/\libucosii_bsp.a(os_flag.o)
 .data          0x02025d40        0x0 ../DSO06_bsp/\libucosii_bsp.a(os_mem.o)
 .data          0x02025d40        0x0 ../DSO06_bsp/\libucosii_bsp.a(os_q.o)
 .data          0x02025d40        0x0 ../DSO06_bsp/\libucosii_bsp.a(os_sem.o)
 .data          0x02025d40        0x0 ../DSO06_bsp/\libucosii_bsp.a(os_task.o)
 .data          0x02025d40        0x0 ../DSO06_bsp/\libucosii_bsp.a(os_time.o)
 .data          0x02025d40     0x1134 ../DSO06_bsp/\libucosii_bsp.a(alt_sys_init.o)
 .data          0x02026e74        0x0 ../DSO06_bsp/\libucosii_bsp.a(altera_avalon_epcs_flash_controller.o)
 .data          0x02026e74        0x0 ../DSO06_bsp/\libucosii_bsp.a(altera_avalon_jtag_uart_fd.o)
 .data          0x02026e74        0x0 ../DSO06_bsp/\libucosii_bsp.a(altera_avalon_jtag_uart_init.o)
 .data          0x02026e74        0x0 ../DSO06_bsp/\libucosii_bsp.a(altera_avalon_jtag_uart_ioctl.o)
 .data          0x02026e74        0x0 ../DSO06_bsp/\libucosii_bsp.a(altera_avalon_jtag_uart_read.o)
 .data          0x02026e74        0x0 ../DSO06_bsp/\libucosii_bsp.a(altera_avalon_jtag_uart_write.o)
 .data          0x02026e74        0x0 ../DSO06_bsp/\libucosii_bsp.a(altera_avalon_timer_sc.o)
 .data          0x02026e74        0x0 ../DSO06_bsp/\libucosii_bsp.a(epcs_commands.o)
 .data          0x02026e74        0x0 ../DSO06_bsp/\libucosii_bsp.a(alt_alarm_start.o)
 .data          0x02026e74        0x0 ../DSO06_bsp/\libucosii_bsp.a(alt_busy_sleep.o)
 .data          0x02026e74        0x0 ../DSO06_bsp/\libucosii_bsp.a(alt_dev_llist_insert.o)
 .data          0x02026e74        0x0 ../DSO06_bsp/\libucosii_bsp.a(alt_do_ctors.o)
 .data          0x02026e74        0x0 ../DSO06_bsp/\libucosii_bsp.a(alt_do_dtors.o)
 .data          0x02026e74        0x0 ../DSO06_bsp/\libucosii_bsp.a(alt_find_dev.o)
 .data          0x02026e74        0x0 ../DSO06_bsp/\libucosii_bsp.a(alt_iic.o)
 .data          0x02026e74        0x0 ../DSO06_bsp/\libucosii_bsp.a(alt_iic_isr_register.o)
 .data          0x02026e74        0x0 ../DSO06_bsp/\libucosii_bsp.a(alt_io_redirect.o)
 .data          0x02026e74        0x0 ../DSO06_bsp/\libucosii_bsp.a(alt_irq_entry.o)
 .data          0x02026e74        0x0 ../DSO06_bsp/\libucosii_bsp.a(alt_irq_handler.o)
 .data          0x02026e74        0x0 ../DSO06_bsp/\libucosii_bsp.a(alt_irq_vars.o)
 .data          0x02026e74        0x0 ../DSO06_bsp/\libucosii_bsp.a(alt_open.o)
 .data          0x02026e74        0x0 ../DSO06_bsp/\libucosii_bsp.a(alt_tick.o)
 .data          0x02026e74        0x0 ../DSO06_bsp/\libucosii_bsp.a(altera_nios2_qsys_irq.o)
 .data          0x02026e74        0x0 ../DSO06_bsp/\libucosii_bsp.a(os_cpu_a.o)
 .data          0x02026e74        0x0 ../DSO06_bsp/\libucosii_bsp.a(os_cpu_c.o)
 .data          0x02026e74        0x0 ../DSO06_bsp/\libucosii_bsp.a(altera_avalon_spi.o)
 .data          0x02026e74        0x0 ../DSO06_bsp/\libucosii_bsp.a(alt_exception_entry.o)
 .data          0x02026e74        0x0 ../DSO06_bsp/\libucosii_bsp.a(alt_find_file.o)
 .data          0x02026e74        0x0 ../DSO06_bsp/\libucosii_bsp.a(alt_get_fd.o)
 .data          0x02026e74        0x0 c:/altera/13.0/nios2eds/bin/gnu/h-i686-mingw32/bin/../lib/gcc/nios2-elf/4.1.2/../../../../nios2-elf/lib\libc.a(lib_a-atexit.o)
 .data          0x02026e74        0x0 c:/altera/13.0/nios2eds/bin/gnu/h-i686-mingw32/bin/../lib/gcc/nios2-elf/4.1.2/../../../../nios2-elf/lib\libc.a(lib_a-memcmp.o)
 .data          0x02026e74        0x0 c:/altera/13.0/nios2eds/bin/gnu/h-i686-mingw32/bin/../lib/gcc/nios2-elf/4.1.2/../../../../nios2-elf/lib\libc.a(lib_a-__atexit.o)
                0x0202ee74                _gp = ABSOLUTE ((. + 0x8000))
                0x0202ee74                PROVIDE (gp, _gp)
 *(.rwdata .rwdata.*)
 *(.sdata .sdata.* .gnu.linkonce.s.*)
 .sdata         0x02026e74        0x1 obj/default/app.o
                0x02026e74                Y0
 *fill*         0x02026e75        0x3 00
 .sdata         0x02026e78        0x8 obj/default/dds.o
                0x02026e78                Freq
 .sdata         0x02026e80        0x1 obj/default/div.o
                0x02026e80                VDIV
 .sdata         0x02026e81        0x1 obj/default/key.o
                0x02026e81                TRIG_DATA
 .sdata         0x02026e82        0x2 obj/default/tlv5638.o
                0x02026e82                TLV5638
 .sdata         0x02026e84        0x4 c:/altera/13.0/nios2eds/bin/gnu/h-i686-mingw32/bin/../lib/gcc/nios2-elf/4.1.2/../../../../nios2-elf/lib\libm.a(lib_a-s_lib_ver.o)
                0x02026e84                __fdlib_version
 .sdata         0x02026e88        0x8 c:/altera/13.0/nios2eds/bin/gnu/h-i686-mingw32/bin/../lib/gcc/nios2-elf/4.1.2/../../../../nios2-elf/lib\libc.a(lib_a-impure.o)
                0x02026e88                _impure_ptr
                0x02026e8c                _global_impure_ptr
 .sdata         0x02026e90        0x8 c:/altera/13.0/nios2eds/bin/gnu/h-i686-mingw32/bin/../lib/gcc/nios2-elf/4.1.2/../../../../nios2-elf/lib\libc.a(lib_a-locale.o)
                0x02026e90                __mb_cur_max
 .sdata         0x02026e98        0x8 c:/altera/13.0/nios2eds/bin/gnu/h-i686-mingw32/bin/../lib/gcc/nios2-elf/4.1.2/../../../../nios2-elf/lib\libc.a(lib_a-mallocr.o)
                0x02026e98                __malloc_trim_threshold
                0x02026e9c                __malloc_sbrk_base
 .sdata         0x02026ea0       0x14 ../DSO06_bsp/\libucosii_bsp.a(alt_dev.o)
                0x02026ea0                alt_fs_list
                0x02026ea8                alt_dev_list
                0x02026eb0                alt_max_fd
 .sdata         0x02026eb4        0x4 ../DSO06_bsp/\libucosii_bsp.a(alt_errno.o)
                0x02026eb4                alt_errno
 .sdata         0x02026eb8        0x8 ../DSO06_bsp/\libucosii_bsp.a(alt_flash_dev.o)
                0x02026eb8                alt_flash_dev_list
 .sdata         0x02026ec0        0x4 ../DSO06_bsp/\libucosii_bsp.a(alt_sbrk.o)
 .sdata         0x02026ec4        0x4 ../DSO06_bsp/\libucosii_bsp.a(alt_env_lock.o)
 .sdata         0x02026ec8        0x4 ../DSO06_bsp/\libucosii_bsp.a(alt_malloc_lock.o)
 .sdata         0x02026ecc       0x74 ../DSO06_bsp/\libucosii_bsp.a(os_dbg.o)
                0x02026ecc                OSDebugEn
                0x02026ed0                OSEndiannessTest
                0x02026ed4                OSEventEn
                0x02026ed6                OSEventMax
                0x02026ed8                OSEventNameSize
                0x02026eda                OSEventSize
                0x02026edc                OSEventTblSize
                0x02026ede                OSEventMultiEn
                0x02026ee0                OSFlagEn
                0x02026ee2                OSFlagGrpSize
                0x02026ee4                OSFlagNodeSize
                0x02026ee6                OSFlagWidth
                0x02026ee8                OSFlagMax
                0x02026eea                OSFlagNameSize
                0x02026eec                OSLowestPrio
                0x02026eee                OSMboxEn
                0x02026ef0                OSMemEn
                0x02026ef2                OSMemMax
                0x02026ef4                OSMemNameSize
                0x02026ef6                OSMemSize
                0x02026ef8                OSMemTblSize
                0x02026efa                OSMutexEn
                0x02026efc                OSPtrSize
                0x02026efe                OSQEn
                0x02026f00                OSQMax
                0x02026f02                OSQSize
                0x02026f04                OSRdyTblSize
                0x02026f06                OSSemEn
                0x02026f08                OSStkWidth
                0x02026f0a                OSTaskCreateEn
                0x02026f0c                OSTaskCreateExtEn
                0x02026f0e                OSTaskDelEn
                0x02026f10                OSTaskIdleStkSize
                0x02026f12                OSTaskProfileEn
                0x02026f14                OSTaskMax
                0x02026f16                OSTaskNameSize
                0x02026f18                OSTaskStatEn
                0x02026f1a                OSTaskStatStkSize
                0x02026f1c                OSTaskStatStkChkEn
                0x02026f1e                OSTaskSwHookEn
                0x02026f20                OSTCBPrioTblMax
                0x02026f22                OSTCBSize
                0x02026f24                OSTicksPerSec
                0x02026f26                OSTimeTickHookEn
                0x02026f28                OSVersionNbr
                0x02026f2a                OSTmrEn
                0x02026f2c                OSTmrCfgMax
                0x02026f2e                OSTmrCfgNameSize
                0x02026f30                OSTmrCfgWheelSize
                0x02026f32                OSTmrCfgTicksPerSec
                0x02026f34                OSTmrSize
                0x02026f36                OSTmrTblSize
                0x02026f38                OSTmrWheelSize
                0x02026f3a                OSTmrWheelTblSize
                0x02026f3c                OSDataSize
 .sdata         0x02026f40        0x4 ../DSO06_bsp/\libucosii_bsp.a(alt_irq_vars.o)
                0x02026f40                alt_priority_mask
 .sdata         0x02026f44        0x8 ../DSO06_bsp/\libucosii_bsp.a(alt_tick.o)
                0x02026f44                alt_alarm_list
 *(.sdata2 .sdata2.* .gnu.linkonce.s2.*)
                0x02026f4c                . = ALIGN (0x4)
                0x02026f4c                _edata = ABSOLUTE (.)
                0x02026f4c                PROVIDE (edata, ABSOLUTE (.))
                0x02026f4c                PROVIDE (__ram_rwdata_end, ABSOLUTE (.))
                0x02024f70                PROVIDE (__flash_rwdata_start, LOADADDR (.rwdata))

.bss            0x02026f4c    0x22d9c
                0x02026f4c                __bss_start = ABSOLUTE (.)
                0x02026f4c                PROVIDE (__sbss_start, ABSOLUTE (.))
                0x02026f4c                PROVIDE (___sbss_start, ABSOLUTE (.))
 *(.dynsbss)
 *(.sbss .sbss.* .gnu.linkonce.sb.*)
 .sbss          0x02026f4c        0x3 obj/default/app.o
                0x02026f4c                X0
                0x02026f4d                save_flag
                0x02026f4e                save_control
 *fill*         0x02026f4f        0x1 00
 .sbss          0x02026f50        0x2 obj/default/app.o
                0x02026f50                Vpp
 *fill*         0x02026f52        0x2 00
 .sbss          0x02026f54        0x8 obj/default/dds.o
                0x02026f54                Phasew
                0x02026f58                DDSn
 .sbss          0x02026f5c        0x1 obj/default/div.o
                0x02026f5c                LCKDIV
 *fill*         0x02026f5d        0x3 00
 .sbss          0x02026f60        0x8 obj/default/djd.o
                0x02026f60                djd_Freq
 .sbss          0x02026f68        0x8 obj/default/ili9320.o
                0x02026f68                lcddev
 .sbss          0x02026f70        0xc c:/altera/13.0/nios2eds/bin/gnu/h-i686-mingw32/bin/../lib/gcc/nios2-elf/4.1.2/../../../../nios2-elf/lib\libc.a(lib_a-locale.o)
                0x02026f70                __nlocale_changed
                0x02026f74                __mlocale_changed
                0x02026f78                _PathLocale
 .sbss          0x02026f7c        0xc c:/altera/13.0/nios2eds/bin/gnu/h-i686-mingw32/bin/../lib/gcc/nios2-elf/4.1.2/../../../../nios2-elf/lib\libc.a(lib_a-mallocr.o)
                0x02026f7c                __malloc_top_pad
                0x02026f80                __malloc_max_sbrked_mem
                0x02026f84                __malloc_max_total_mem
 .sbss          0x02026f88        0x4 c:/altera/13.0/nios2eds/bin/gnu/h-i686-mingw32/bin/../lib/gcc/nios2-elf/4.1.2/../../../../nios2-elf/lib\libc.a(lib_a-int_errno.o)
                0x02026f88                errno
 .sbss          0x02026f8c        0x4 ../DSO06_bsp/\libucosii_bsp.a(alt_dev.o)
                0x02026f8c                alt_fd_list_lock
 .sbss          0x02026f90        0xc ../DSO06_bsp/\libucosii_bsp.a(alt_main.o)
                0x02026f90                alt_argc
                0x02026f94                alt_argv
                0x02026f98                alt_envp
 .sbss          0x02026f9c        0x8 ../DSO06_bsp/\libucosii_bsp.a(alt_env_lock.o)
                0x02026fa0                alt_envsem
 .sbss          0x02026fa4        0x8 ../DSO06_bsp/\libucosii_bsp.a(alt_malloc_lock.o)
                0x02026fa8                alt_heapsem
 .sbss          0x02026fac       0x54 ../DSO06_bsp/\libucosii_bsp.a(os_core.o)
                0x02026fac                OSLockNesting
                0x02026fad                OSRunning
                0x02026fb0                OSIdleCtr
                0x02026fb4                OSPrioHighRdy
                0x02026fb5                OSPrioCur
                0x02026fb8                OSTCBList
                0x02026fbc                OSTickStepState
                0x02026fc0                OSCtxSwCtr
                0x02026fc4                OSIdleCtrMax
                0x02026fc8                OSTCBFreeList
                0x02026fcc                OSCPUUsage
                0x02026fcd                OSTaskCtr
                0x02026fd0                OSMemFreeList
                0x02026fd4                OSTCBHighRdy
                0x02026fd8                OSQFreeList
                0x02026fdc                OSRdyGrp
                0x02026fe0                OSRdyTbl
                0x02026fe4                OSEventFreeList
                0x02026fe8                OSIntNesting
                0x02026fec                OSTCBCur
                0x02026ff0                OSTime
                0x02026ff4                OSFlagFreeList
                0x02026ff8                OSStatRdy
                0x02026ffc                OSIdleCtrRun
 .sbss          0x02027000        0x4 ../DSO06_bsp/\libucosii_bsp.a(alt_irq_vars.o)
                0x02027000                alt_irq_active
 .sbss          0x02027004        0x8 ../DSO06_bsp/\libucosii_bsp.a(alt_tick.o)
                0x02027004                _alt_tick_rate
                0x02027008                _alt_nticks
 *(.sbss2 .sbss2.* .gnu.linkonce.sb2.*)
 *(.scommon)
                0x0202700c                PROVIDE (__sbss_end, ABSOLUTE (.))
                0x0202700c                PROVIDE (___sbss_end, ABSOLUTE (.))
 *(.dynbss)
 *(.bss .bss.* .gnu.linkonce.b.*)
 .bss           0x0202700c        0x0 ../DSO06_bsp//obj/HAL/src/crt0.o
 .bss           0x0202700c        0x0 obj/default/FFT.o
 .bss           0x0202700c        0x0 obj/default/alt_ucosii_simple_error_check.o
 .bss           0x0202700c        0x0 obj/default/app.o
 .bss           0x0202700c        0x0 obj/default/dds.o
 .bss           0x0202700c        0x0 obj/default/div.o
 .bss           0x0202700c        0x0 obj/default/djd.o
 .bss           0x0202700c        0x0 obj/default/flash.o
 .bss           0x0202700c        0x0 obj/default/ili9320.o
 .bss           0x0202700c        0x0 obj/default/key.o
 .bss           0x0202700c        0x0 obj/default/main.o
 .bss           0x0202700c        0x0 obj/default/tlv5638.o
 .bss           0x0202700c        0x0 c:/altera/13.0/nios2eds/bin/gnu/h-i686-mingw32/bin/../lib/gcc/nios2-elf/4.1.2/../../../../nios2-elf/lib\libm.a(lib_a-s_cos.o)
 .bss           0x0202700c        0x0 c:/altera/13.0/nios2eds/bin/gnu/h-i686-mingw32/bin/../lib/gcc/nios2-elf/4.1.2/../../../../nios2-elf/lib\libm.a(lib_a-s_sin.o)
 .bss           0x0202700c        0x0 c:/altera/13.0/nios2eds/bin/gnu/h-i686-mingw32/bin/../lib/gcc/nios2-elf/4.1.2/../../../../nios2-elf/lib\libm.a(lib_a-w_pow.o)
 .bss           0x0202700c        0x0 c:/altera/13.0/nios2eds/bin/gnu/h-i686-mingw32/bin/../lib/gcc/nios2-elf/4.1.2/../../../../nios2-elf/lib\libm.a(lib_a-w_sqrt.o)
 .bss           0x0202700c        0x0 c:/altera/13.0/nios2eds/bin/gnu/h-i686-mingw32/bin/../lib/gcc/nios2-elf/4.1.2/../../../../nios2-elf/lib\libm.a(lib_a-e_pow.o)
 .bss           0x0202700c        0x0 c:/altera/13.0/nios2eds/bin/gnu/h-i686-mingw32/bin/../lib/gcc/nios2-elf/4.1.2/../../../../nios2-elf/lib\libm.a(lib_a-e_rem_pio2.o)
 .bss           0x0202700c        0x0 c:/altera/13.0/nios2eds/bin/gnu/h-i686-mingw32/bin/../lib/gcc/nios2-elf/4.1.2/../../../../nios2-elf/lib\libm.a(lib_a-e_sqrt.o)
 .bss           0x0202700c        0x0 c:/altera/13.0/nios2eds/bin/gnu/h-i686-mingw32/bin/../lib/gcc/nios2-elf/4.1.2/../../../../nios2-elf/lib\libm.a(lib_a-k_cos.o)
 .bss           0x0202700c        0x0 c:/altera/13.0/nios2eds/bin/gnu/h-i686-mingw32/bin/../lib/gcc/nios2-elf/4.1.2/../../../../nios2-elf/lib\libm.a(lib_a-k_rem_pio2.o)
 .bss           0x0202700c        0x0 c:/altera/13.0/nios2eds/bin/gnu/h-i686-mingw32/bin/../lib/gcc/nios2-elf/4.1.2/../../../../nios2-elf/lib\libm.a(lib_a-k_sin.o)
 .bss           0x0202700c        0x0 c:/altera/13.0/nios2eds/bin/gnu/h-i686-mingw32/bin/../lib/gcc/nios2-elf/4.1.2/../../../../nios2-elf/lib\libm.a(lib_a-s_fabs.o)
 .bss           0x0202700c        0x0 c:/altera/13.0/nios2eds/bin/gnu/h-i686-mingw32/bin/../lib/gcc/nios2-elf/4.1.2/../../../../nios2-elf/lib\libm.a(lib_a-s_finite.o)
 .bss           0x0202700c        0x0 c:/altera/13.0/nios2eds/bin/gnu/h-i686-mingw32/bin/../lib/gcc/nios2-elf/4.1.2/../../../../nios2-elf/lib\libm.a(lib_a-s_floor.o)
 .bss           0x0202700c        0x0 c:/altera/13.0/nios2eds/bin/gnu/h-i686-mingw32/bin/../lib/gcc/nios2-elf/4.1.2/../../../../nios2-elf/lib\libm.a(lib_a-s_isnand.o)
 .bss           0x0202700c        0x0 c:/altera/13.0/nios2eds/bin/gnu/h-i686-mingw32/bin/../lib/gcc/nios2-elf/4.1.2/../../../../nios2-elf/lib\libm.a(lib_a-s_lib_ver.o)
 .bss           0x0202700c        0x0 c:/altera/13.0/nios2eds/bin/gnu/h-i686-mingw32/bin/../lib/gcc/nios2-elf/4.1.2/../../../../nios2-elf/lib\libm.a(lib_a-s_matherr.o)
 .bss           0x0202700c        0x0 c:/altera/13.0/nios2eds/bin/gnu/h-i686-mingw32/bin/../lib/gcc/nios2-elf/4.1.2/../../../../nios2-elf/lib\libm.a(lib_a-s_nan.o)
 .bss           0x0202700c        0x0 c:/altera/13.0/nios2eds/bin/gnu/h-i686-mingw32/bin/../lib/gcc/nios2-elf/4.1.2/../../../../nios2-elf/lib\libm.a(lib_a-s_rint.o)
 .bss           0x0202700c        0x0 c:/altera/13.0/nios2eds/bin/gnu/h-i686-mingw32/bin/../lib/gcc/nios2-elf/4.1.2/../../../../nios2-elf/lib\libm.a(lib_a-s_scalbn.o)
 .bss           0x0202700c        0x0 c:/altera/13.0/nios2eds/bin/gnu/h-i686-mingw32/bin/../lib/gcc/nios2-elf/4.1.2/../../../../nios2-elf/lib\libm.a(lib_a-s_copysign.o)
 .bss           0x0202700c        0x0 c:/altera/13.0/nios2eds/bin/gnu/h-i686-mingw32/bin/../lib/gcc/nios2-elf/4.1.2\libgcc.a(_fixunssfsi.o)
 .bss           0x0202700c        0x0 c:/altera/13.0/nios2eds/bin/gnu/h-i686-mingw32/bin/../lib/gcc/nios2-elf/4.1.2\libgcc.a(_fixunsdfsi.o)
 .bss           0x0202700c        0x0 c:/altera/13.0/nios2eds/bin/gnu/h-i686-mingw32/bin/../lib/gcc/nios2-elf/4.1.2\libgcc.a(_fixunsdfdi.o)
 .bss           0x0202700c        0x0 c:/altera/13.0/nios2eds/bin/gnu/h-i686-mingw32/bin/../lib/gcc/nios2-elf/4.1.2\libgcc.a(_addsub_sf.o)
 .bss           0x0202700c        0x0 c:/altera/13.0/nios2eds/bin/gnu/h-i686-mingw32/bin/../lib/gcc/nios2-elf/4.1.2\libgcc.a(_mul_sf.o)
 .bss           0x0202700c        0x0 c:/altera/13.0/nios2eds/bin/gnu/h-i686-mingw32/bin/../lib/gcc/nios2-elf/4.1.2\libgcc.a(_div_sf.o)
 .bss           0x0202700c        0x0 c:/altera/13.0/nios2eds/bin/gnu/h-i686-mingw32/bin/../lib/gcc/nios2-elf/4.1.2\libgcc.a(_ge_sf.o)
 .bss           0x0202700c        0x0 c:/altera/13.0/nios2eds/bin/gnu/h-i686-mingw32/bin/../lib/gcc/nios2-elf/4.1.2\libgcc.a(_sf_to_si.o)
 .bss           0x0202700c        0x0 c:/altera/13.0/nios2eds/bin/gnu/h-i686-mingw32/bin/../lib/gcc/nios2-elf/4.1.2\libgcc.a(_sf_to_df.o)
 .bss           0x0202700c        0x0 c:/altera/13.0/nios2eds/bin/gnu/h-i686-mingw32/bin/../lib/gcc/nios2-elf/4.1.2\libgcc.a(_thenan_sf.o)
 .bss           0x0202700c        0x0 c:/altera/13.0/nios2eds/bin/gnu/h-i686-mingw32/bin/../lib/gcc/nios2-elf/4.1.2\libgcc.a(_usi_to_sf.o)
 .bss           0x0202700c        0x0 c:/altera/13.0/nios2eds/bin/gnu/h-i686-mingw32/bin/../lib/gcc/nios2-elf/4.1.2\libgcc.a(_addsub_df.o)
 .bss           0x0202700c        0x0 c:/altera/13.0/nios2eds/bin/gnu/h-i686-mingw32/bin/../lib/gcc/nios2-elf/4.1.2\libgcc.a(_mul_df.o)
 .bss           0x0202700c        0x0 c:/altera/13.0/nios2eds/bin/gnu/h-i686-mingw32/bin/../lib/gcc/nios2-elf/4.1.2\libgcc.a(_div_df.o)
 .bss           0x0202700c        0x0 c:/altera/13.0/nios2eds/bin/gnu/h-i686-mingw32/bin/../lib/gcc/nios2-elf/4.1.2\libgcc.a(_eq_df.o)
 .bss           0x0202700c        0x0 c:/altera/13.0/nios2eds/bin/gnu/h-i686-mingw32/bin/../lib/gcc/nios2-elf/4.1.2\libgcc.a(_ne_df.o)
 .bss           0x0202700c        0x0 c:/altera/13.0/nios2eds/bin/gnu/h-i686-mingw32/bin/../lib/gcc/nios2-elf/4.1.2\libgcc.a(_gt_df.o)
 .bss           0x0202700c        0x0 c:/altera/13.0/nios2eds/bin/gnu/h-i686-mingw32/bin/../lib/gcc/nios2-elf/4.1.2\libgcc.a(_ge_df.o)
 .bss           0x0202700c        0x0 c:/altera/13.0/nios2eds/bin/gnu/h-i686-mingw32/bin/../lib/gcc/nios2-elf/4.1.2\libgcc.a(_lt_df.o)
 .bss           0x0202700c        0x0 c:/altera/13.0/nios2eds/bin/gnu/h-i686-mingw32/bin/../lib/gcc/nios2-elf/4.1.2\libgcc.a(_le_df.o)
 .bss           0x0202700c        0x0 c:/altera/13.0/nios2eds/bin/gnu/h-i686-mingw32/bin/../lib/gcc/nios2-elf/4.1.2\libgcc.a(_si_to_df.o)
 .bss           0x0202700c        0x0 c:/altera/13.0/nios2eds/bin/gnu/h-i686-mingw32/bin/../lib/gcc/nios2-elf/4.1.2\libgcc.a(_df_to_si.o)
 .bss           0x0202700c        0x0 c:/altera/13.0/nios2eds/bin/gnu/h-i686-mingw32/bin/../lib/gcc/nios2-elf/4.1.2\libgcc.a(_make_df.o)
 .bss           0x0202700c        0x0 c:/altera/13.0/nios2eds/bin/gnu/h-i686-mingw32/bin/../lib/gcc/nios2-elf/4.1.2\libgcc.a(_df_to_sf.o)
 .bss           0x0202700c        0x0 c:/altera/13.0/nios2eds/bin/gnu/h-i686-mingw32/bin/../lib/gcc/nios2-elf/4.1.2\libgcc.a(_thenan_df.o)
 .bss           0x0202700c        0x0 c:/altera/13.0/nios2eds/bin/gnu/h-i686-mingw32/bin/../lib/gcc/nios2-elf/4.1.2\libgcc.a(_usi_to_df.o)
 .bss           0x0202700c        0x0 c:/altera/13.0/nios2eds/bin/gnu/h-i686-mingw32/bin/../lib/gcc/nios2-elf/4.1.2\libgcc.a(lib2-divmod.o)
 .bss           0x0202700c        0x0 c:/altera/13.0/nios2eds/bin/gnu/h-i686-mingw32/bin/../lib/gcc/nios2-elf/4.1.2\libgcc.a(_muldi3.o)
 .bss           0x0202700c        0x0 c:/altera/13.0/nios2eds/bin/gnu/h-i686-mingw32/bin/../lib/gcc/nios2-elf/4.1.2\libgcc.a(_clzsi2.o)
 .bss           0x0202700c        0x0 c:/altera/13.0/nios2eds/bin/gnu/h-i686-mingw32/bin/../lib/gcc/nios2-elf/4.1.2\libgcc.a(_pack_sf.o)
 .bss           0x0202700c        0x0 c:/altera/13.0/nios2eds/bin/gnu/h-i686-mingw32/bin/../lib/gcc/nios2-elf/4.1.2\libgcc.a(_unpack_sf.o)
 .bss           0x0202700c        0x0 c:/altera/13.0/nios2eds/bin/gnu/h-i686-mingw32/bin/../lib/gcc/nios2-elf/4.1.2\libgcc.a(_fpcmp_parts_sf.o)
 .bss           0x0202700c        0x0 c:/altera/13.0/nios2eds/bin/gnu/h-i686-mingw32/bin/../lib/gcc/nios2-elf/4.1.2\libgcc.a(_make_sf.o)