******************************************************************************
                  MSP430 Linker PC v4.0.0                      
******************************************************************************
>> Linked Tue Sep 03 09:23:22 2013

OUTPUT FILE NAME:   <AD9854.out>
ENTRY POINT SYMBOL: "_c_int00"  address: 0000c65e


MEMORY CONFIGURATION

         name            origin    length      used     unused   attr    fill
----------------------  --------  ---------  --------  --------  ----  --------
  SFR                   00000000   00000010  00000000  00000010  RWIX
  PERIPHERALS_8BIT      00000010   000000f0  00000000  000000f0  RWIX
  PERIPHERALS_16BIT     00000100   00000100  00000000  00000100  RWIX
  RAM                   00000200   00000200  0000005e  000001a2  RWIX
  INFOD                 00001000   00000040  00000000  00000040  RWIX
  INFOC                 00001040   00000040  00000000  00000040  RWIX
  INFOB                 00001080   00000040  00000000  00000040  RWIX
  INFOA                 000010c0   00000040  00000000  00000040  RWIX
  FLASH                 0000c000   00003fe0  000006f0  000038f0  RWIX
  INT00                 0000ffe0   00000002  00000000  00000002  RWIX
  INT01                 0000ffe2   00000002  00000000  00000002  RWIX
  INT02                 0000ffe4   00000002  00000000  00000002  RWIX
  INT03                 0000ffe6   00000002  00000000  00000002  RWIX
  INT04                 0000ffe8   00000002  00000000  00000002  RWIX
  INT05                 0000ffea   00000002  00000000  00000002  RWIX
  INT06                 0000ffec   00000002  00000000  00000002  RWIX
  INT07                 0000ffee   00000002  00000000  00000002  RWIX
  INT08                 0000fff0   00000002  00000000  00000002  RWIX
  INT09                 0000fff2   00000002  00000000  00000002  RWIX
  INT10                 0000fff4   00000002  00000000  00000002  RWIX
  INT11                 0000fff6   00000002  00000000  00000002  RWIX
  INT12                 0000fff8   00000002  00000000  00000002  RWIX
  INT13                 0000fffa   00000002  00000000  00000002  RWIX
  INT14                 0000fffc   00000002  00000000  00000002  RWIX
  RESET                 0000fffe   00000002  00000002  00000000  RWIX


SECTION ALLOCATION MAP

 output                                  attributes/
section   page    origin      length       input sections
--------  ----  ----------  ----------   ----------------
.cinit     0    0000c000    00000000     UNINITIALIZED

.pinit     0    0000c000    00000000     UNINITIALIZED

.bss       0    00000200    0000000e     UNINITIALIZED
                  00000200    00000006     ad9854.obj (.bss)
                  00000206    00000004     rts430.lib : _lock.obj (.bss)
                  0000020a    00000004                : boot.obj (.bss)

.stack     0    000003b0    00000050     UNINITIALIZED
                  000003b0    00000002     rts430.lib : boot.obj (.stack)
                  000003b2    0000004e     --HOLE--

.text      0    0000c000    000006f0     
                  0000c000    00000130     rts430.lib : fs_add.obj (.text)
                  0000c130    000000c2                : fs_mpy.obj (.text)
                  0000c1f2    000000b8     ad9854.obj (.text:Write_AD9854_Freq)
                  0000c2aa    0000008c     lcd.obj (.text:LCDWrite)
                  0000c336    0000007a     ad9854.obj (.text:Init_AD9854)
                  0000c3b0    0000005c     lcd.obj (.text:LCDInit)
                  0000c40c    0000005c     rts430.lib : lsr32.obj (.text:l_lsr_const)
                  0000c468    0000004c                : fs_toul.obj (.text)
                  0000c4b4    0000004a     spi.obj (.text:SpiSetCK)
                  0000c4fe    00000046     rts430.lib : fs_tou.obj (.text)
                  0000c544    0000003e                : lsl32.obj (.text:l_lsl_const)
                  0000c582    00000034     spi.obj (.text:SpiInit)
                  0000c5b6    0000002c     ad9854.obj (.text:Update_AD9854)
                  0000c5e2    0000002c     main.obj (.text:main)
                  0000c60e    0000002c     rts430.lib : lsl16.obj (.text)
                  0000c63a    00000024                : fs_utof.obj (.text)
                  0000c65e    0000001e                : boot.obj (.text:_c_int00_noinit_noexit)
                  0000c67c    0000001a     ad9854.obj (.text:AD9854SpiSendReceive)
                  0000c696    00000016     ad9854.obj (.text:Io_Reset_AD9854)
                  0000c6ac    00000010     spi.obj (.text:SpiReadDat)
                  0000c6bc    00000010     spi.obj (.text:SpiWriteDat)
                  0000c6cc    00000010     rts430.lib : epilog.obj (.text)
                  0000c6dc    0000000a     spi.obj (.text:SpiWriteData)
                  0000c6e6    00000004     rts430.lib : pre_init.obj (.text:_system_pre_init)
                  0000c6ea    00000004                : exit.obj (.text:abort)
                  0000c6ee    00000002                : _lock.obj (.text:_nop)

.reset     0    0000fffe    00000002     
                  0000fffe    00000002     rts430.lib : boot.obj (.reset)


GLOBAL SYMBOLS: SORTED ALPHABETICALLY BY Name 

address    name
--------   ----
00000200   .bss
0000c000   .text
0000c67c   AD9854SpiSendReceive
0000004a   ADC10AE0
000001b0   ADC10CTL0
000001b2   ADC10CTL1
00000048   ADC10DTC0
00000049   ADC10DTC1
000001b4   ADC10MEM
000001bc   ADC10SA
00000057   BCSCTL1
00000058   BCSCTL2
00000053   BCSCTL3
0000c6ea   C$$EXIT
00000059   CACTL1
0000005a   CACTL2
000010fb   CALBC1_12MHZ
000010f9   CALBC1_16MHZ
000010ff   CALBC1_1MHZ
000010fd   CALBC1_8MHZ
000010fa   CALDCO_12MHZ
000010f8   CALDCO_16MHZ
000010fe   CALDCO_1MHZ
000010fc   CALDCO_8MHZ
0000005b   CAPD
00000056   DCOCTL
00000128   FCTL1
0000012a   FCTL2
0000012c   FCTL3
00000200   FreqWord
00000000   IE1
00000001   IE2
00000002   IFG1
00000003   IFG2
0000c60e   I_LSL
0000c636   I_LSL_1
0000c624   I_LSL_10
0000c622   I_LSL_11
0000c620   I_LSL_12
0000c61e   I_LSL_13
0000c61c   I_LSL_14
0000c61a   I_LSL_15
0000c634   I_LSL_2
0000c632   I_LSL_3
0000c630   I_LSL_4
0000c62e   I_LSL_5
0000c62c   I_LSL_6
0000c62a   I_LSL_7
0000c628   I_LSL_8
0000c626   I_LSL_9
0000c336   Init_AD9854
0000c696   Io_Reset_AD9854
0000c3b0   LCDInit
0000c2aa   LCDWrite
0000c57c   L_LSL_1
0000c558   L_LSL_10
0000c554   L_LSL_11
0000c550   L_LSL_12
0000c54c   L_LSL_13
0000c548   L_LSL_14
0000c544   L_LSL_15
0000c578   L_LSL_2
0000c574   L_LSL_3
0000c570   L_LSL_4
0000c56c   L_LSL_5
0000c568   L_LSL_6
0000c564   L_LSL_7
0000c560   L_LSL_8
0000c55c   L_LSL_9
0000c460   L_LSR_1
0000c42a   L_LSR_10
0000c424   L_LSR_11
0000c41e   L_LSR_12
0000c418   L_LSR_13
0000c412   L_LSR_14
0000c40c   L_LSR_15
0000c45a   L_LSR_2
0000c454   L_LSR_3
0000c44e   L_LSR_4
0000c448   L_LSR_5
0000c442   L_LSR_6
0000c43c   L_LSR_7
0000c436   L_LSR_8
0000c430   L_LSR_9
00000022   P1DIR
00000025   P1IE
00000024   P1IES
00000023   P1IFG
00000020   P1IN
00000021   P1OUT
00000027   P1REN
00000026   P1SEL
00000041   P1SEL2
0000002a   P2DIR
0000002d   P2IE
0000002c   P2IES
0000002b   P2IFG
00000028   P2IN
00000029   P2OUT
0000002f   P2REN
0000002e   P2SEL
00000042   P2SEL2
0000001a   P3DIR
00000018   P3IN
00000019   P3OUT
00000010   P3REN
0000001b   P3SEL
00000043   P3SEL2
0000c582   SpiInit
0000c6ac   SpiReadDat
0000c4b4   SpiSetCK
0000c6bc   SpiWriteDat
0000c6dc   SpiWriteData
00000172   TA0CCR0
00000174   TA0CCR1
00000176   TA0CCR2
00000162   TA0CCTL0
00000164   TA0CCTL1
00000166   TA0CCTL2
00000160   TA0CTL
0000012e   TA0IV
00000170   TA0R
00000192   TA1CCR0
00000194   TA1CCR1
00000196   TA1CCR2
00000182   TA1CCTL0
00000184   TA1CCTL1
00000186   TA1CCTL2
00000180   TA1CTL
0000011e   TA1IV
00000190   TA1R
0000005d   UCA0ABCTL
00000062   UCA0BR0
00000063   UCA0BR1
00000060   UCA0CTL0
00000061   UCA0CTL1
0000005f   UCA0IRRCTL
0000005e   UCA0IRTCTL
00000064   UCA0MCTL
00000066   UCA0RXBUF
00000065   UCA0STAT
00000067   UCA0TXBUF
0000006a   UCB0BR0
0000006b   UCB0BR1
00000068   UCB0CTL0
00000069   UCB0CTL1
0000006c   UCB0I2CIE
00000118   UCB0I2COA
0000011a   UCB0I2CSA
0000006e   UCB0RXBUF
0000006d   UCB0STAT
0000006f   UCB0TXBUF
0000c5b6   Update_AD9854
00000120   WDTCTL
0000c1f2   Write_AD9854_Freq
00000400   __STACK_END
00000050   __STACK_SIZE
00000001   __TI_args_main
00000001   __TI_auto_init
00000001   __TI_exit
ffffffff   __binit__
00000200   __bss__
ffffffff   __c_args__
ffffffff   __cinit__
0000020e   __end__
0000c6f0   __etext__
0000c006   __fs_add
0000c130   __fs_mpy
0000c000   __fs_sub
0000c4fe   __fs_tou
0000c468   __fs_toul
0000c63a   __fs_utof
ffffffff   __pinit__
0000c000   __text__
0000c65e   _c_int00
0000c65e   _c_int00_noinit_noexit
0000020a   _cleanup_ptr
0000020c   _dtors_ptr
00000206   _lock
0000c6ee   _nop
0000fffe   _reset_vector
000003b0   _stack
0000c6e6   _system_pre_init
00000208   _unlock
0000c6ea   abort
ffffffff   binit
ffffffff   cinit
0000020e   end
0000c6f0   etext
0000c6d8   func_epilog_1
0000c6d6   func_epilog_2
0000c6d4   func_epilog_3
0000c6d2   func_epilog_4
0000c6d0   func_epilog_5
0000c6ce   func_epilog_6
0000c6cc   func_epilog_7
0000c5e2   main
ffffffff   pinit


GLOBAL SYMBOLS: SORTED BY Symbol Address 

address    name
--------   ----
00000000   IE1
00000001   IE2
00000001   __TI_args_main
00000001   __TI_auto_init
00000001   __TI_exit
00000002   IFG1
00000003   IFG2
00000010   P3REN
00000018   P3IN
00000019   P3OUT
0000001a   P3DIR
0000001b   P3SEL
00000020   P1IN
00000021   P1OUT
00000022   P1DIR
00000023   P1IFG
00000024   P1IES
00000025   P1IE
00000026   P1SEL
00000027   P1REN
00000028   P2IN
00000029   P2OUT
0000002a   P2DIR
0000002b   P2IFG
0000002c   P2IES
0000002d   P2IE
0000002e   P2SEL
0000002f   P2REN
00000041   P1SEL2
00000042   P2SEL2
00000043   P3SEL2
00000048   ADC10DTC0
00000049   ADC10DTC1
0000004a   ADC10AE0
00000050   __STACK_SIZE
00000053   BCSCTL3
00000056   DCOCTL
00000057   BCSCTL1
00000058   BCSCTL2
00000059   CACTL1
0000005a   CACTL2
0000005b   CAPD
0000005d   UCA0ABCTL
0000005e   UCA0IRTCTL
0000005f   UCA0IRRCTL
00000060   UCA0CTL0
00000061   UCA0CTL1
00000062   UCA0BR0
00000063   UCA0BR1
00000064   UCA0MCTL
00000065   UCA0STAT
00000066   UCA0RXBUF
00000067   UCA0TXBUF
00000068   UCB0CTL0
00000069   UCB0CTL1
0000006a   UCB0BR0
0000006b   UCB0BR1
0000006c   UCB0I2CIE
0000006d   UCB0STAT
0000006e   UCB0RXBUF
0000006f   UCB0TXBUF
00000118   UCB0I2COA
0000011a   UCB0I2CSA
0000011e   TA1IV
00000120   WDTCTL
00000128   FCTL1
0000012a   FCTL2
0000012c   FCTL3
0000012e   TA0IV
00000160   TA0CTL
00000162   TA0CCTL0
00000164   TA0CCTL1
00000166   TA0CCTL2
00000170   TA0R
00000172   TA0CCR0
00000174   TA0CCR1
00000176   TA0CCR2
00000180   TA1CTL
00000182   TA1CCTL0
00000184   TA1CCTL1
00000186   TA1CCTL2
00000190   TA1R
00000192   TA1CCR0
00000194   TA1CCR1
00000196   TA1CCR2
000001b0   ADC10CTL0
000001b2   ADC10CTL1
000001b4   ADC10MEM
000001bc   ADC10SA
00000200   .bss
00000200   FreqWord
00000200   __bss__
00000206   _lock
00000208   _unlock
0000020a   _cleanup_ptr
0000020c   _dtors_ptr
0000020e   __end__
0000020e   end
000003b0   _stack
00000400   __STACK_END
000010f8   CALDCO_16MHZ
000010f9   CALBC1_16MHZ
000010fa   CALDCO_12MHZ
000010fb   CALBC1_12MHZ
000010fc   CALDCO_8MHZ
000010fd   CALBC1_8MHZ
000010fe   CALDCO_1MHZ
000010ff   CALBC1_1MHZ
0000c000   .text
0000c000   __fs_sub
0000c000   __text__
0000c006   __fs_add
0000c130   __fs_mpy
0000c1f2   Write_AD9854_Freq
0000c2aa   LCDWrite
0000c336   Init_AD9854
0000c3b0   LCDInit
0000c40c   L_LSR_15
0000c412   L_LSR_14
0000c418   L_LSR_13
0000c41e   L_LSR_12
0000c424   L_LSR_11
0000c42a   L_LSR_10
0000c430   L_LSR_9
0000c436   L_LSR_8
0000c43c   L_LSR_7
0000c442   L_LSR_6
0000c448   L_LSR_5
0000c44e   L_LSR_4
0000c454   L_LSR_3
0000c45a   L_LSR_2
0000c460   L_LSR_1
0000c468   __fs_toul
0000c4b4   SpiSetCK
0000c4fe   __fs_tou
0000c544   L_LSL_15
0000c548   L_LSL_14
0000c54c   L_LSL_13
0000c550   L_LSL_12
0000c554   L_LSL_11
0000c558   L_LSL_10
0000c55c   L_LSL_9
0000c560   L_LSL_8
0000c564   L_LSL_7
0000c568   L_LSL_6
0000c56c   L_LSL_5
0000c570   L_LSL_4
0000c574   L_LSL_3
0000c578   L_LSL_2
0000c57c   L_LSL_1
0000c582   SpiInit
0000c5b6   Update_AD9854
0000c5e2   main
0000c60e   I_LSL
0000c61a   I_LSL_15
0000c61c   I_LSL_14
0000c61e   I_LSL_13
0000c620   I_LSL_12
0000c622   I_LSL_11
0000c624   I_LSL_10
0000c626   I_LSL_9
0000c628   I_LSL_8
0000c62a   I_LSL_7
0000c62c   I_LSL_6
0000c62e   I_LSL_5
0000c630   I_LSL_4
0000c632   I_LSL_3
0000c634   I_LSL_2
0000c636   I_LSL_1
0000c63a   __fs_utof
0000c65e   _c_int00
0000c65e   _c_int00_noinit_noexit
0000c67c   AD9854SpiSendReceive
0000c696   Io_Reset_AD9854
0000c6ac   SpiReadDat
0000c6bc   SpiWriteDat
0000c6cc   func_epilog_7
0000c6ce   func_epilog_6
0000c6d0   func_epilog_5
0000c6d2   func_epilog_4
0000c6d4   func_epilog_3
0000c6d6   func_epilog_2
0000c6d8   func_epilog_1
0000c6dc   SpiWriteData
0000c6e6   _system_pre_init
0000c6ea   C$$EXIT
0000c6ea   abort
0000c6ee   _nop
0000c6f0   __etext__
0000c6f0   etext
0000fffe   _reset_vector
ffffffff   __binit__
ffffffff   __c_args__
ffffffff   __cinit__
ffffffff   __pinit__
ffffffff   binit
ffffffff   cinit
ffffffff   pinit

[198 symbols]
