Flow report for freq_ms_djd
Fri Dec 06 21:49:02 2013
Quartus II 64-Bit Version 13.0.0 Build 156 04/24/2013 SJ Full Version


---------------------
; Table of Contents ;
---------------------
  1. Legal Notice
  2. Flow Summary
  3. Flow Settings
  4. Flow Non-Default Global Settings
  5. Flow Elapsed Time
  6. Flow OS Summary
  7. Flow Log
  8. Flow Messages
  9. Flow Suppressed Messages



----------------
; Legal Notice ;
----------------
Copyright (C) 1991-2013 Altera Corporation
Your use of Altera Corporation's design tools, logic functions 
and other software and tools, and its AMPP partner logic 
functions, and any output files from any of the foregoing 
(including device programming or simulation files), and any 
associated documentation or information are expressly subject 
to the terms and conditions of the Altera Program License 
Subscription Agreement, Altera MegaCore Function License 
Agreement, or other applicable license agreement, including, 
without limitation, that your use is for the sole purpose of 
programming logic devices manufactured by Altera and sold by 
Altera or its authorized distributors.  Please refer to the 
applicable agreement for further details.



+----------------------------------------------------------------------------------+
; Flow Summary                                                                     ;
+------------------------------------+---------------------------------------------+
; Flow Status                        ; Successful - Fri Dec 06 21:49:02 2013       ;
; Quartus II 64-Bit Version          ; 13.0.0 Build 156 04/24/2013 SJ Full Version ;
; Revision Name                      ; freq_ms_djd                                 ;
; Top-level Entity Name              ; djd                                         ;
; Family                             ; Cyclone II                                  ;
; Device                             ; EP2C8Q208C8                                 ;
; Timing Models                      ; Final                                       ;
; Total logic elements               ; 2,351 / 8,256 ( 28 % )                      ;
;     Total combinational functions  ; 2,194 / 8,256 ( 27 % )                      ;
;     Dedicated logic registers      ; 1,298 / 8,256 ( 16 % )                      ;
; Total registers                    ; 1298                                        ;
; Total pins                         ; 14 / 138 ( 10 % )                           ;
; Total virtual pins                 ; 0                                           ;
; Total memory bits                  ; 113,664 / 165,888 ( 69 % )                  ;
; Embedded Multiplier 9-bit elements ; 0 / 36 ( 0 % )                              ;
; Total PLLs                         ; 1 / 2 ( 50 % )                              ;
+------------------------------------+---------------------------------------------+


+-----------------------------------------+
; Flow Settings                           ;
+-------------------+---------------------+
; Option            ; Setting             ;
+-------------------+---------------------+
; Start date & time ; 12/06/2013 21:47:45 ;
; Main task         ; Compilation         ;
; Revision Name     ; freq_ms_djd         ;
+-------------------+---------------------+


+------------------------------------------------------------------------------------------------------------------------------------------------------------------+
; Flow Non-Default Global Settings                                                                                                                                 ;
+-------------------------------------+---------------------------------------------------------+---------------+---------------------------------+----------------+
; Assignment Name                     ; Value                                                   ; Default Value ; Entity Name                     ; Section Id     ;
+-------------------------------------+---------------------------------------------------------+---------------+---------------------------------+----------------+
; COMPILER_SIGNATURE_ID               ; 156044323261.138633766456860                            ; --            ; --                              ; --             ;
; EDA_OUTPUT_DATA_FORMAT              ; Verilog Hdl                                             ; --            ; --                              ; eda_simulation ;
; EDA_SIMULATION_TOOL                 ; ModelSim-Altera (Verilog)                               ; <None>        ; --                              ; --             ;
; IP_TOOL_ENV                         ; Qsys                                                    ; --            ; NIOS2                           ; --             ;
; IP_TOOL_ENV                         ; Qsys                                                    ; --            ; NIOS2_RAM                       ; --             ;
; IP_TOOL_ENV                         ; Qsys                                                    ; --            ; NIOS2_addr_router               ; --             ;
; IP_TOOL_ENV                         ; Qsys                                                    ; --            ; NIOS2_addr_router_001           ; --             ;
; IP_TOOL_ENV                         ; Qsys                                                    ; --            ; NIOS2_cmd_xbar_demux            ; --             ;
; IP_TOOL_ENV                         ; Qsys                                                    ; --            ; NIOS2_cmd_xbar_demux_001        ; --             ;
; IP_TOOL_ENV                         ; Qsys                                                    ; --            ; NIOS2_cmd_xbar_mux              ; --             ;
; IP_TOOL_ENV                         ; Qsys                                                    ; --            ; NIOS2_epcs                      ; --             ;
; IP_TOOL_ENV                         ; Qsys                                                    ; --            ; NIOS2_id_router                 ; --             ;
; IP_TOOL_ENV                         ; Qsys                                                    ; --            ; NIOS2_id_router_004             ; --             ;
; IP_TOOL_ENV                         ; Qsys                                                    ; --            ; NIOS2_irq_mapper                ; --             ;
; IP_TOOL_ENV                         ; Qsys                                                    ; --            ; NIOS2_jtag                      ; --             ;
; IP_TOOL_ENV                         ; Qsys                                                    ; --            ; NIOS2_nios2                     ; --             ;
; IP_TOOL_ENV                         ; Qsys                                                    ; --            ; NIOS2_rsp_xbar_demux            ; --             ;
; IP_TOOL_ENV                         ; Qsys                                                    ; --            ; NIOS2_rsp_xbar_demux_004        ; --             ;
; IP_TOOL_ENV                         ; Qsys                                                    ; --            ; NIOS2_rsp_xbar_mux              ; --             ;
; IP_TOOL_ENV                         ; Qsys                                                    ; --            ; NIOS2_rsp_xbar_mux_001          ; --             ;
; IP_TOOL_ENV                         ; Qsys                                                    ; --            ; NIOS2_sysid                     ; --             ;
; IP_TOOL_ENV                         ; Qsys                                                    ; --            ; altera_avalon_sc_fifo           ; --             ;
; IP_TOOL_ENV                         ; Qsys                                                    ; --            ; altera_merlin_master_agent      ; --             ;
; IP_TOOL_ENV                         ; Qsys                                                    ; --            ; altera_merlin_master_translator ; --             ;
; IP_TOOL_ENV                         ; Qsys                                                    ; --            ; altera_merlin_slave_agent       ; --             ;
; IP_TOOL_ENV                         ; Qsys                                                    ; --            ; altera_merlin_slave_translator  ; --             ;
; IP_TOOL_ENV                         ; Qsys                                                    ; --            ; altera_reset_controller         ; --             ;
; IP_TOOL_NAME                        ; ALTPLL                                                  ; --            ; --                              ; --             ;
; IP_TOOL_NAME                        ; Qsys                                                    ; --            ; NIOS2                           ; --             ;
; IP_TOOL_NAME                        ; altera_avalon_onchip_memory2                            ; --            ; NIOS2_RAM                       ; --             ;
; IP_TOOL_NAME                        ; altera_merlin_router                                    ; --            ; NIOS2_addr_router               ; --             ;
; IP_TOOL_NAME                        ; altera_merlin_router                                    ; --            ; NIOS2_addr_router_001           ; --             ;
; IP_TOOL_NAME                        ; altera_merlin_demultiplexer                             ; --            ; NIOS2_cmd_xbar_demux            ; --             ;
; IP_TOOL_NAME                        ; altera_merlin_demultiplexer                             ; --            ; NIOS2_cmd_xbar_demux_001        ; --             ;
; IP_TOOL_NAME                        ; altera_merlin_multiplexer                               ; --            ; NIOS2_cmd_xbar_mux              ; --             ;
; IP_TOOL_NAME                        ; altera_avalon_epcs_flash_controller                     ; --            ; NIOS2_epcs                      ; --             ;
; IP_TOOL_NAME                        ; altera_merlin_router                                    ; --            ; NIOS2_id_router                 ; --             ;
; IP_TOOL_NAME                        ; altera_merlin_router                                    ; --            ; NIOS2_id_router_004             ; --             ;
; IP_TOOL_NAME                        ; altera_irq_mapper                                       ; --            ; NIOS2_irq_mapper                ; --             ;
; IP_TOOL_NAME                        ; altera_avalon_jtag_uart                                 ; --            ; NIOS2_jtag                      ; --             ;
; IP_TOOL_NAME                        ; altera_nios2_qsys                                       ; --            ; NIOS2_nios2                     ; --             ;
; IP_TOOL_NAME                        ; altera_merlin_demultiplexer                             ; --            ; NIOS2_rsp_xbar_demux            ; --             ;
; IP_TOOL_NAME                        ; altera_merlin_demultiplexer                             ; --            ; NIOS2_rsp_xbar_demux_004        ; --             ;
; IP_TOOL_NAME                        ; altera_merlin_multiplexer                               ; --            ; NIOS2_rsp_xbar_mux              ; --             ;
; IP_TOOL_NAME                        ; altera_merlin_multiplexer                               ; --            ; NIOS2_rsp_xbar_mux_001          ; --             ;
; IP_TOOL_NAME                        ; altera_avalon_sysid_qsys                                ; --            ; NIOS2_sysid                     ; --             ;
; IP_TOOL_NAME                        ; altera_avalon_sc_fifo                                   ; --            ; altera_avalon_sc_fifo           ; --             ;
; IP_TOOL_NAME                        ; altera_merlin_master_agent                              ; --            ; altera_merlin_master_agent      ; --             ;
; IP_TOOL_NAME                        ; altera_merlin_master_translator                         ; --            ; altera_merlin_master_translator ; --             ;
; IP_TOOL_NAME                        ; altera_merlin_slave_agent                               ; --            ; altera_merlin_slave_agent       ; --             ;
; IP_TOOL_NAME                        ; altera_merlin_slave_translator                          ; --            ; altera_merlin_slave_translator  ; --             ;
; IP_TOOL_NAME                        ; altera_reset_controller                                 ; --            ; altera_reset_controller         ; --             ;
; IP_TOOL_VERSION                     ; 13.0                                                    ; --            ; --                              ; --             ;
; IP_TOOL_VERSION                     ; 13.0                                                    ; --            ; NIOS2                           ; --             ;
; IP_TOOL_VERSION                     ; 13.0.1                                                  ; --            ; NIOS2_RAM                       ; --             ;
; IP_TOOL_VERSION                     ; 13.0                                                    ; --            ; NIOS2_addr_router               ; --             ;
; IP_TOOL_VERSION                     ; 13.0                                                    ; --            ; NIOS2_addr_router_001           ; --             ;
; IP_TOOL_VERSION                     ; 13.0                                                    ; --            ; NIOS2_cmd_xbar_demux            ; --             ;
; IP_TOOL_VERSION                     ; 13.0                                                    ; --            ; NIOS2_cmd_xbar_demux_001        ; --             ;
; IP_TOOL_VERSION                     ; 13.0                                                    ; --            ; NIOS2_cmd_xbar_mux              ; --             ;
; IP_TOOL_VERSION                     ; 13.0.1                                                  ; --            ; NIOS2_epcs                      ; --             ;
; IP_TOOL_VERSION                     ; 13.0                                                    ; --            ; NIOS2_id_router                 ; --             ;
; IP_TOOL_VERSION                     ; 13.0                                                    ; --            ; NIOS2_id_router_004             ; --             ;
; IP_TOOL_VERSION                     ; 13.0                                                    ; --            ; NIOS2_irq_mapper                ; --             ;
; IP_TOOL_VERSION                     ; 13.0.1                                                  ; --            ; NIOS2_jtag                      ; --             ;
; IP_TOOL_VERSION                     ; 13.0                                                    ; --            ; NIOS2_nios2                     ; --             ;
; IP_TOOL_VERSION                     ; 13.0                                                    ; --            ; NIOS2_rsp_xbar_demux            ; --             ;
; IP_TOOL_VERSION                     ; 13.0                                                    ; --            ; NIOS2_rsp_xbar_demux_004        ; --             ;
; IP_TOOL_VERSION                     ; 13.0                                                    ; --            ; NIOS2_rsp_xbar_mux              ; --             ;
; IP_TOOL_VERSION                     ; 13.0                                                    ; --            ; NIOS2_rsp_xbar_mux_001          ; --             ;
; IP_TOOL_VERSION                     ; 13.0                                                    ; --            ; NIOS2_sysid                     ; --             ;
; IP_TOOL_VERSION                     ; 13.0                                                    ; --            ; altera_avalon_sc_fifo           ; --             ;
; IP_TOOL_VERSION                     ; 13.0                                                    ; --            ; altera_merlin_master_agent      ; --             ;
; IP_TOOL_VERSION                     ; 13.0                                                    ; --            ; altera_merlin_master_translator ; --             ;
; IP_TOOL_VERSION                     ; 13.0                                                    ; --            ; altera_merlin_slave_agent       ; --             ;
; IP_TOOL_VERSION                     ; 13.0                                                    ; --            ; altera_merlin_slave_translator  ; --             ;
; IP_TOOL_VERSION                     ; 13.0                                                    ; --            ; altera_reset_controller         ; --             ;
; MAX_CORE_JUNCTION_TEMP              ; 85                                                      ; --            ; --                              ; --             ;
; MIN_CORE_JUNCTION_TEMP              ; 0                                                       ; --            ; --                              ; --             ;
; MISC_FILE                           ; NIOS2/synthesis/../../NIOS2.cmp                         ; --            ; --                              ; --             ;
; MISC_FILE                           ; NIOS2/synthesis/../../NIOS2.qsys                        ; --            ; --                              ; --             ;
; MISC_FILE                           ; PLL.bsf                                                 ; --            ; --                              ; --             ;
; MISC_FILE                           ; PLL_bb.v                                                ; --            ; --                              ; --             ;
; MISC_FILE                           ; PLL.ppf                                                 ; --            ; --                              ; --             ;
; PARTITION_COLOR                     ; 16764057                                                ; --            ; djd                             ; Top            ;
; PARTITION_FITTER_PRESERVATION_LEVEL ; PLACEMENT_AND_ROUTING                                   ; --            ; djd                             ; Top            ;
; PARTITION_NETLIST_TYPE              ; SOURCE                                                  ; --            ; djd                             ; Top            ;
; PROJECT_OUTPUT_DIRECTORY            ; output_files                                            ; --            ; --                              ; --             ;
; SLD_INFO                            ; QSYS_NAME NIOS2 HAS_SOPCINFO 1 GENERATION_ID 1386328807 ; --            ; NIOS2                           ; --             ;
; SMART_RECOMPILE                     ; On                                                      ; Off           ; --                              ; --             ;
; SOPCINFO_FILE                       ; NIOS2/synthesis/../../NIOS2.sopcinfo                    ; --            ; --                              ; --             ;
; SYNTHESIS_ONLY_QIP                  ; On                                                      ; --            ; --                              ; --             ;
; TOP_LEVEL_ENTITY                    ; djd                                                     ; freq_ms_djd   ; --                              ; --             ;
+-------------------------------------+---------------------------------------------------------+---------------+---------------------------------+----------------+


+-------------------------------------------------------------------------------------------------------------------------------+
; Flow Elapsed Time                                                                                                             ;
+---------------------------+--------------+-------------------------+---------------------+------------------------------------+
; Module Name               ; Elapsed Time ; Average Processors Used ; Peak Virtual Memory ; Total CPU Time (on all processors) ;
+---------------------------+--------------+-------------------------+---------------------+------------------------------------+
; Analysis & Synthesis      ; 00:00:29     ; 1.0                     ; 569 MB              ; 00:00:25                           ;
; Fitter                    ; 00:00:30     ; 1.1                     ; 786 MB              ; 00:00:26                           ;
; Assembler                 ; 00:00:02     ; 1.0                     ; 430 MB              ; 00:00:02                           ;
; TimeQuest Timing Analyzer ; 00:00:02     ; 1.0                     ; 449 MB              ; 00:00:03                           ;
; EDA Netlist Writer        ; 00:00:04     ; 1.0                     ; 427 MB              ; 00:00:04                           ;
; Total                     ; 00:01:07     ; --                      ; --                  ; 00:01:00                           ;
+---------------------------+--------------+-------------------------+---------------------+------------------------------------+


+----------------------------------------------------------------------------------------+
; Flow OS Summary                                                                        ;
+---------------------------+------------------+-----------+------------+----------------+
; Module Name               ; Machine Hostname ; OS Name   ; OS Version ; Processor type ;
+---------------------------+------------------+-----------+------------+----------------+
; Analysis & Synthesis      ; qin-PC           ; Windows 7 ; 6.1        ; x86_64         ;
; Fitter                    ; qin-PC           ; Windows 7 ; 6.1        ; x86_64         ;
; Assembler                 ; qin-PC           ; Windows 7 ; 6.1        ; x86_64         ;
; TimeQuest Timing Analyzer ; qin-PC           ; Windows 7 ; 6.1        ; x86_64         ;
; EDA Netlist Writer        ; qin-PC           ; Windows 7 ; 6.1        ; x86_64         ;
+---------------------------+------------------+-----------+------------+----------------+


------------
; Flow Log ;
------------
quartus_map --read_settings_files=on --write_settings_files=off freq_ms_djd -c freq_ms_djd
quartus_fit --read_settings_files=off --write_settings_files=off freq_ms_djd -c freq_ms_djd
quartus_asm --read_settings_files=off --write_settings_files=off freq_ms_djd -c freq_ms_djd
quartus_sta freq_ms_djd -c freq_ms_djd
quartus_eda --read_settings_files=off --write_settings_files=off freq_ms_djd -c freq_ms_djd



