Archive member included because of file (symbol)

c:/altera/13.0/nios2eds/bin/gnu/h-i686-mingw32/bin/../lib/gcc/nios2-elf/4.1.2/mno-hw-mul\libgcc.a(_fixunsdfsi.o)
                              obj/default/dds.o (__fixunsdfsi)
c:/altera/13.0/nios2eds/bin/gnu/h-i686-mingw32/bin/../lib/gcc/nios2-elf/4.1.2/mno-hw-mul\libgcc.a(_fixunsdfdi.o)
                              obj/default/dds.o (__fixunsdfdi)
c:/altera/13.0/nios2eds/bin/gnu/h-i686-mingw32/bin/../lib/gcc/nios2-elf/4.1.2/mno-hw-mul\libgcc.a(_sf_to_df.o)
                              obj/default/dds.o (__extendsfdf2)
c:/altera/13.0/nios2eds/bin/gnu/h-i686-mingw32/bin/../lib/gcc/nios2-elf/4.1.2/mno-hw-mul\libgcc.a(_usi_to_sf.o)
                              obj/default/dds.o (__floatunsisf)
c:/altera/13.0/nios2eds/bin/gnu/h-i686-mingw32/bin/../lib/gcc/nios2-elf/4.1.2/mno-hw-mul\libgcc.a(_addsub_df.o)
                              c:/altera/13.0/nios2eds/bin/gnu/h-i686-mingw32/bin/../lib/gcc/nios2-elf/4.1.2/mno-hw-mul\libgcc.a(_fixunsdfsi.o) (__subdf3)
c:/altera/13.0/nios2eds/bin/gnu/h-i686-mingw32/bin/../lib/gcc/nios2-elf/4.1.2/mno-hw-mul\libgcc.a(_mul_df.o)
                              obj/default/dds.o (__muldf3)
c:/altera/13.0/nios2eds/bin/gnu/h-i686-mingw32/bin/../lib/gcc/nios2-elf/4.1.2/mno-hw-mul\libgcc.a(_ge_df.o)
                              c:/altera/13.0/nios2eds/bin/gnu/h-i686-mingw32/bin/../lib/gcc/nios2-elf/4.1.2/mno-hw-mul\libgcc.a(_fixunsdfsi.o) (__gedf2)
c:/altera/13.0/nios2eds/bin/gnu/h-i686-mingw32/bin/../lib/gcc/nios2-elf/4.1.2/mno-hw-mul\libgcc.a(_df_to_si.o)
                              c:/altera/13.0/nios2eds/bin/gnu/h-i686-mingw32/bin/../lib/gcc/nios2-elf/4.1.2/mno-hw-mul\libgcc.a(_fixunsdfsi.o) (__fixdfsi)
c:/altera/13.0/nios2eds/bin/gnu/h-i686-mingw32/bin/../lib/gcc/nios2-elf/4.1.2/mno-hw-mul\libgcc.a(_make_df.o)
                              c:/altera/13.0/nios2eds/bin/gnu/h-i686-mingw32/bin/../lib/gcc/nios2-elf/4.1.2/mno-hw-mul\libgcc.a(_sf_to_df.o) (__make_dp)
c:/altera/13.0/nios2eds/bin/gnu/h-i686-mingw32/bin/../lib/gcc/nios2-elf/4.1.2/mno-hw-mul\libgcc.a(_thenan_df.o)
                              c:/altera/13.0/nios2eds/bin/gnu/h-i686-mingw32/bin/../lib/gcc/nios2-elf/4.1.2/mno-hw-mul\libgcc.a(_addsub_df.o) (__thenan_df)
c:/altera/13.0/nios2eds/bin/gnu/h-i686-mingw32/bin/../lib/gcc/nios2-elf/4.1.2/mno-hw-mul\libgcc.a(_usi_to_df.o)
                              obj/default/dds.o (__floatunsidf)
c:/altera/13.0/nios2eds/bin/gnu/h-i686-mingw32/bin/../lib/gcc/nios2-elf/4.1.2/mno-hw-mul\libgcc.a(lib2-divmod.o)
                              obj/default/dds.o (__udivsi3)
c:/altera/13.0/nios2eds/bin/gnu/h-i686-mingw32/bin/../lib/gcc/nios2-elf/4.1.2/mno-hw-mul\libgcc.a(_muldi3.o)
                              c:/altera/13.0/nios2eds/bin/gnu/h-i686-mingw32/bin/../lib/gcc/nios2-elf/4.1.2/mno-hw-mul\libgcc.a(_mul_df.o) (__muldi3)
c:/altera/13.0/nios2eds/bin/gnu/h-i686-mingw32/bin/../lib/gcc/nios2-elf/4.1.2/mno-hw-mul\libgcc.a(_clzsi2.o)
                              c:/altera/13.0/nios2eds/bin/gnu/h-i686-mingw32/bin/../lib/gcc/nios2-elf/4.1.2/mno-hw-mul\libgcc.a(_usi_to_sf.o) (__clzsi2)
c:/altera/13.0/nios2eds/bin/gnu/h-i686-mingw32/bin/../lib/gcc/nios2-elf/4.1.2/mno-hw-mul\libgcc.a(_pack_sf.o)
                              c:/altera/13.0/nios2eds/bin/gnu/h-i686-mingw32/bin/../lib/gcc/nios2-elf/4.1.2/mno-hw-mul\libgcc.a(_usi_to_sf.o) (__pack_f)
c:/altera/13.0/nios2eds/bin/gnu/h-i686-mingw32/bin/../lib/gcc/nios2-elf/4.1.2/mno-hw-mul\libgcc.a(_unpack_sf.o)
                              c:/altera/13.0/nios2eds/bin/gnu/h-i686-mingw32/bin/../lib/gcc/nios2-elf/4.1.2/mno-hw-mul\libgcc.a(_sf_to_df.o) (__unpack_f)
c:/altera/13.0/nios2eds/bin/gnu/h-i686-mingw32/bin/../lib/gcc/nios2-elf/4.1.2/mno-hw-mul\libgcc.a(_pack_df.o)
                              c:/altera/13.0/nios2eds/bin/gnu/h-i686-mingw32/bin/../lib/gcc/nios2-elf/4.1.2/mno-hw-mul\libgcc.a(_addsub_df.o) (__pack_d)
c:/altera/13.0/nios2eds/bin/gnu/h-i686-mingw32/bin/../lib/gcc/nios2-elf/4.1.2/mno-hw-mul\libgcc.a(_unpack_df.o)
                              c:/altera/13.0/nios2eds/bin/gnu/h-i686-mingw32/bin/../lib/gcc/nios2-elf/4.1.2/mno-hw-mul\libgcc.a(_addsub_df.o) (__unpack_d)
c:/altera/13.0/nios2eds/bin/gnu/h-i686-mingw32/bin/../lib/gcc/nios2-elf/4.1.2/mno-hw-mul\libgcc.a(_fpcmp_parts_df.o)
                              c:/altera/13.0/nios2eds/bin/gnu/h-i686-mingw32/bin/../lib/gcc/nios2-elf/4.1.2/mno-hw-mul\libgcc.a(_ge_df.o) (__fpcmp_parts_d)
c:/altera/13.0/nios2eds/bin/gnu/h-i686-mingw32/bin/../lib/gcc/nios2-elf/4.1.2/mno-hw-mul\libgcc.a(lib2-mul.o)
                              c:/altera/13.0/nios2eds/bin/gnu/h-i686-mingw32/bin/../lib/gcc/nios2-elf/4.1.2/mno-hw-mul\libgcc.a(_muldi3.o) (__mulsi3)
c:/altera/13.0/nios2eds/bin/gnu/h-i686-mingw32/bin/../lib/gcc/nios2-elf/4.1.2/mno-hw-mul\libgcc.a(_clz.o)
                              c:/altera/13.0/nios2eds/bin/gnu/h-i686-mingw32/bin/../lib/gcc/nios2-elf/4.1.2/mno-hw-mul\libgcc.a(_clzsi2.o) (__clz_tab)
[...]
Memory Configuration

Name             Origin             Length             Attributes
sdram            0x02000000         0x02000000
onchip_memory2_0_BEFORE_EXCEPTION 0x04041000         0x00000020
onchip_memory2_0 0x04041020         0x00000fe0
reset            0x04043000         0x00000020
epcs_flash_controller_0 0x04043020         0x000007e0
*default*        0x00000000         0xffffffff

Linker script and memory map

LOAD ../DDS2_bsp//obj/HAL/src/crt0.o
LOAD obj/default/dds.o
LOAD obj/default/key.o
LOAD obj/default/lcd12864.o
LOAD obj/default/main.o
LOAD c:/altera/13.0/nios2eds/bin/gnu/h-i686-mingw32/bin/../lib/gcc/nios2-elf/4.1.2/../../../../nios2-elf/lib/mno-hw-mul\libstdc++.a
LOAD c:/altera/13.0/nios2eds/bin/gnu/h-i686-mingw32/bin/../lib/gcc/nios2-elf/4.1.2/../../../../nios2-elf/lib/mno-hw-mul\libm.a
LOAD c:/altera/13.0/nios2eds/bin/gnu/h-i686-mingw32/bin/../lib/gcc/nios2-elf/4.1.2/mno-hw-mul\libgcc.a
START GROUP
LOAD c:/altera/13.0/nios2eds/bin/gnu/h-i686-mingw32/bin/../lib/gcc/nios2-elf/4.1.2/../../../../nios2-elf/lib/mno-hw-mul\libc.a
LOAD c:/altera/13.0/nios2eds/bin/gnu/h-i686-mingw32/bin/../lib/gcc/nios2-elf/4.1.2/mno-hw-mul\libgcc.a
LOAD ../DDS2_bsp/\libhal_bsp.a
END GROUP
LOAD c:/altera/13.0/nios2eds/bin/gnu/h-i686-mingw32/bin/../lib/gcc/nios2-elf/4.1.2/mno-hw-mul\libgcc.a
                0x02000000                __alt_mem_sdram = 0x2000000
                0x04041000                __alt_mem_onchip_memory2_0 = 0x4041000
                0x04043000                __alt_mem_epcs_flash_controller_0 = 0x4043000

.entry          0x04043000        0x0
 *(.entry)
 .entry         0x04043000        0x0 ../DDS2_bsp//obj/HAL/src/crt0.o
                0x04043000                __reset

.exceptions     0x04041020      0x194
                0x04041020                PROVIDE (__ram_exceptions_start, ABSOLUTE (.))
                0x04041020                . = ALIGN (0x20)
 *(.irq)
 *(.exceptions.entry.label)
 .exceptions.entry.label
                0x04041020        0x0 ../DDS2_bsp/\libhal_bsp.a(alt_irq_entry.o)
                0x04041020                alt_irq_entry
 .exceptions.entry.label
                0x04041020        0x0 ../DDS2_bsp/\libhal_bsp.a(alt_exception_entry.o)
                0x04041020                alt_exception
 *(.exceptions.entry.user)
 *(.exceptions.entry)
 .exceptions.entry
                0x04041020       0x54 ../DDS2_bsp/\libhal_bsp.a(alt_exception_entry.o)
 *(.exceptions.irqtest.user)
 *(.exceptions.irqtest)
 .exceptions.irqtest
                0x04041074       0x10 ../DDS2_bsp/\libhal_bsp.a(alt_irq_entry.o)
 *(.exceptions.irqhandler.user)
 *(.exceptions.irqhandler)
 .exceptions.irqhandler
                0x04041084        0x4 ../DDS2_bsp/\libhal_bsp.a(alt_irq_entry.o)
 *(.exceptions.irqreturn.user)
 *(.exceptions.irqreturn)
 .exceptions.irqreturn
                0x04041088        0x4 ../DDS2_bsp/\libhal_bsp.a(alt_irq_entry.o)
 *(.exceptions.notirq.label)
 .exceptions.notirq.label
                0x0404108c        0x0 ../DDS2_bsp/\libhal_bsp.a(alt_irq_entry.o)
 *(.exceptions.notirq.user)
 *(.exceptions.notirq)
 .exceptions.notirq
                0x0404108c        0x8 ../DDS2_bsp/\libhal_bsp.a(alt_exception_entry.o)
 *(.exceptions.soft.user)
 *(.exceptions.soft)
 *(.exceptions.unknown.user)
 *(.exceptions.unknown)
 .exceptions.unknown
                0x04041094        0x4 ../DDS2_bsp/\libhal_bsp.a(alt_exception_entry.o)
 *(.exceptions.exit.label)
 .exceptions.exit.label
                0x04041098        0x0 ../DDS2_bsp/\libhal_bsp.a(alt_irq_entry.o)
 .exceptions.exit.label
                0x04041098        0x0 ../DDS2_bsp/\libhal_bsp.a(alt_exception_entry.o)
 *(.exceptions.exit.user)
 *(.exceptions.exit)
 .exceptions.exit
                0x04041098       0x54 ../DDS2_bsp/\libhal_bsp.a(alt_exception_entry.o)
 *(.exceptions)
 .exceptions    0x040410ec       0xc8 ../DDS2_bsp/\libhal_bsp.a(alt_irq_handler.o)
                0x040410ec                alt_irq_handler
                0x040411b4                PROVIDE (__ram_exceptions_end, ABSOLUTE (.))
                0x04041020                PROVIDE (__flash_exceptions_start, LOADADDR (.exceptions))

.text           0x02000000     0x5d78
                0x02000000                PROVIDE (stext, ABSOLUTE (.))
 *(.interp)
 *(.hash)
 *(.dynsym)
 *(.dynstr)
 *(.gnu.version)
 *(.gnu.version_d)
 *(.gnu.version_r)
 *(.rel.init)
 *(.rela.init)
 *(.rel.text .rel.text.* .rel.gnu.linkonce.t.*)
 *(.rela.text .rela.text.* .rela.gnu.linkonce.t.*)
 *(.rel.fini)
 *(.rela.fini)
 *(.rel.rodata .rel.rodata.* .rel.gnu.linkonce.r.*)
 *(.rela.rodata .rela.rodata.* .rela.gnu.linkonce.r.*)
 *(.rel.data .rel.data.* .rel.gnu.linkonce.d.*)
 *(.rela.data .rela.data.* .rela.gnu.linkonce.d.*)
 *(.rel.tdata .rel.tdata.* .rel.gnu.linkonce.td.*)
 *(.rela.tdata .rela.tdata.* .rela.gnu.linkonce.td.*)
 *(.rel.tbss .rel.tbss.* .rel.gnu.linkonce.tb.*)
 *(.rela.tbss .rela.tbss.* .rela.gnu.linkonce.tb.*)
 *(.rel.ctors)
 *(.rela.ctors)
 *(.rel.dtors)
 *(.rela.dtors)
 *(.rel.got)
 *(.rela.got)
 *(.rel.sdata .rel.sdata.* .rel.gnu.linkonce.s.*)
 *(.rela.sdata .rela.sdata.* .rela.gnu.linkonce.s.*)
 *(.rel.sbss .rel.sbss.* .rel.gnu.linkonce.sb.*)
 *(.rela.sbss .rela.sbss.* .rela.gnu.linkonce.sb.*)
 *(.rel.sdata2 .rel.sdata2.* .rel.gnu.linkonce.s2.*)
 *(.rela.sdata2 .rela.sdata2.* .rela.gnu.linkonce.s2.*)
 *(.rel.sbss2 .rel.sbss2.* .rel.gnu.linkonce.sb2.*)
 *(.rela.sbss2 .rela.sbss2.* .rela.gnu.linkonce.sb2.*)
 *(.rel.bss .rel.bss.* .rel.gnu.linkonce.b.*)
 *(.rela.bss .rela.bss.* .rela.gnu.linkonce.b.*)
 *(.rel.plt)
 *(.rela.plt)
 *(.rel.dyn)
 *(.init)
 *(.plt)
 *(.text .stub .text.* .gnu.linkonce.t.*)
 .text          0x02000000       0x38 ../DDS2_bsp//obj/HAL/src/crt0.o
                0x02000000                _start
 .text          0x02000038      0x7dc obj/default/dds.o
                0x02000038                WriteFreq
                0x020000dc                WritePhasew
                0x02000158                DDS_OUT
                0x020004f4                DDS_Phasew
                0x02000590                DDS_RAM_WR
                0x020007d0                DDS_Init
 .text          0x02000814      0x290 obj/default/key.o
                0x02000814                key
 .text          0x02000aa4      0x294 obj/default/lcd12864.o
                0x02000aa4                LCD_CheckBusy
                0x02000b20                LCD_WriteCom
                0x02000b98                LCD_WriteData
                0x02000c14                LCD_Init
                0x02000c88                LCD_ShowString
 .text          0x02000d38       0xb8 obj/default/main.o
                0x02000d38                main
 .text          0x02000df0       0xa4 c:/altera/13.0/nios2eds/bin/gnu/h-i686-mingw32/bin/../lib/gcc/nios2-elf/4.1.2/mno-hw-mul\libgcc.a(_fixunsdfsi.o)
                0x02000df0                __fixunsdfsi
 .text          0x02000e94       0xbc c:/altera/13.0/nios2eds/bin/gnu/h-i686-mingw32/bin/../lib/gcc/nios2-elf/4.1.2/mno-hw-mul\libgcc.a(_fixunsdfdi.o)
                0x02000e94                __fixunsdfdi
 .text          0x02000f50       0x54 c:/altera/13.0/nios2eds/bin/gnu/h-i686-mingw32/bin/../lib/gcc/nios2-elf/4.1.2/mno-hw-mul\libgcc.a(_sf_to_df.o)
                0x02000f50                __extendsfdf2
 .text          0x02000fa4       0xc0 c:/altera/13.0/nios2eds/bin/gnu/h-i686-mingw32/bin/../lib/gcc/nios2-elf/4.1.2/mno-hw-mul\libgcc.a(_usi_to_sf.o)
                0x02000fa4                __floatunsisf
 .text          0x02001064      0x504 c:/altera/13.0/nios2eds/bin/gnu/h-i686-mingw32/bin/../lib/gcc/nios2-elf/4.1.2/mno-hw-mul\libgcc.a(_addsub_df.o)
                0x02001474                __subdf3
                0x020014f4                __adddf3
 .text          0x02001568      0x3c4 c:/altera/13.0/nios2eds/bin/gnu/h-i686-mingw32/bin/../lib/gcc/nios2-elf/4.1.2/mno-hw-mul\libgcc.a(_mul_df.o)
                0x02001568                __muldf3
 .text          0x0200192c       0x88 c:/altera/13.0/nios2eds/bin/gnu/h-i686-mingw32/bin/../lib/gcc/nios2-elf/4.1.2/mno-hw-mul\libgcc.a(_ge_df.o)
                0x0200192c                __gedf2
 .text          0x020019b4       0xd8 c:/altera/13.0/nios2eds/bin/gnu/h-i686-mingw32/bin/../lib/gcc/nios2-elf/4.1.2/mno-hw-mul\libgcc.a(_df_to_si.o)
                0x020019b4                __fixdfsi
 .text          0x02001a8c       0x38 c:/altera/13.0/nios2eds/bin/gnu/h-i686-mingw32/bin/../lib/gcc/nios2-elf/4.1.2/mno-hw-mul\libgcc.a(_make_df.o)
                0x02001a8c                __make_dp
 .text          0x02001ac4        0x0 c:/altera/13.0/nios2eds/bin/gnu/h-i686-mingw32/bin/../lib/gcc/nios2-elf/4.1.2/mno-hw-mul\libgcc.a(_thenan_df.o)
 .text          0x02001ac4      0x194 c:/altera/13.0/nios2eds/bin/gnu/h-i686-mingw32/bin/../lib/gcc/nios2-elf/4.1.2/mno-hw-mul\libgcc.a(_usi_to_df.o)
                0x02001ac4                __floatunsidf
 .text          0x02001c58      0x14c c:/altera/13.0/nios2eds/bin/gnu/h-i686-mingw32/bin/../lib/gcc/nios2-elf/4.1.2/mno-hw-mul\libgcc.a(lib2-divmod.o)
                0x02001cd4                __divsi3
                0x02001d34                __modsi3
                0x02001d94                __udivsi3
                0x02001d9c                __umodsi3
 .text          0x02001da4      0x124 c:/altera/13.0/nios2eds/bin/gnu/h-i686-mingw32/bin/../lib/gcc/nios2-elf/4.1.2/mno-hw-mul\libgcc.a(_muldi3.o)
                0x02001da4                __muldi3
 .text          0x02001ec8       0x80 c:/altera/13.0/nios2eds/bin/gnu/h-i686-mingw32/bin/../lib/gcc/nios2-elf/4.1.2/mno-hw-mul\libgcc.a(_clzsi2.o)
                0x02001ec8                __clzsi2
 .text          0x02001f48      0x160 c:/altera/13.0/nios2eds/bin/gnu/h-i686-mingw32/bin/../lib/gcc/nios2-elf/4.1.2/mno-hw-mul\libgcc.a(_pack_sf.o)
                0x02001f48                __pack_f
 .text          0x020020a8       0xc8 c:/altera/13.0/nios2eds/bin/gnu/h-i686-mingw32/bin/../lib/gcc/nios2-elf/4.1.2/mno-hw-mul\libgcc.a(_unpack_sf.o)
                0x020020a8                __unpack_f
 .text          0x02002170      0x314 c:/altera/13.0/nios2eds/bin/gnu/h-i686-mingw32/bin/../lib/gcc/nios2-elf/4.1.2/mno-hw-mul\libgcc.a(_pack_df.o)
                0x02002170                __pack_d
 .text          0x02002484      0x138 c:/altera/13.0/nios2eds/bin/gnu/h-i686-mingw32/bin/../lib/gcc/nios2-elf/4.1.2/mno-hw-mul\libgcc.a(_unpack_df.o)
                0x02002484                __unpack_d
 .text          0x020025bc       0xc8 c:/altera/13.0/nios2eds/bin/gnu/h-i686-mingw32/bin/../lib/gcc/nios2-elf/4.1.2/mno-hw-mul\libgcc.a(_fpcmp_parts_df.o)
                0x020025bc                __fpcmp_parts_d
 .text          0x02002684       0x38 c:/altera/13.0/nios2eds/bin/gnu/h-i686-mingw32/bin/../lib/gcc/nios2-elf/4.1.2/mno-hw-mul\libgcc.a(lib2-mul.o)
                0x02002684                __mulsi3
 .text          0x020026bc        0x0 c:/altera/13.0/nios2eds/bin/gnu/h-i686-mingw32/bin/../lib/gcc/nios2-elf/4.1.2/mno-hw-mul\libgcc.a(_clz.o)
 .text          0x020026bc       0x6c ../DDS2_bsp/\libhal_bsp.a(alt_main.o)
                0x020026bc                alt_main
 .text          0x02002728       0x30 ../DDS2_bsp/\libhal_bsp.a(alt_usleep.o)
                0x02002728                usleep
 .text          0x02002758       0xbc ../DDS2_bsp/\libhal_bsp.a(alt_sys_init.o)
                0x02002758                alt_irq_init
                0x0200278c                alt_sys_init
 .text          0x02002814      0x9e4 ../DDS2_bsp/\libhal_bsp.a(altera_avalon_epcs_flash_controller.o)
                0x02002814                alt_epcs_flash_init
                0x02002c30                alt_epcs_flash_write
                0x02002eb0                alt_epcs_flash_get_info
                0x02002f40                alt_epcs_flash_erase_block
                0x02003044                alt_epcs_flash_write_block
                0x02003160                alt_epcs_flash_read
 .text          0x020031f8      0x148 ../DDS2_bsp/\libhal_bsp.a(altera_avalon_jtag_uart_fd.o)
                0x020031f8                altera_avalon_jtag_uart_read_fd
                0x02003250                altera_avalon_jtag_uart_write_fd
                0x020032a8                altera_avalon_jtag_uart_close_fd
                0x020032f0                altera_avalon_jtag_uart_ioctl_fd
 .text          0x02003340      0x40c ../DDS2_bsp/\libhal_bsp.a(altera_avalon_jtag_uart_init.o)
                0x02003340                altera_avalon_jtag_uart_init
                0x020036d8                altera_avalon_jtag_uart_close
 .text          0x0200374c       0xf4 ../DDS2_bsp/\libhal_bsp.a(altera_avalon_jtag_uart_ioctl.o)
                0x0200374c                altera_avalon_jtag_uart_ioctl
 .text          0x02003840      0x224 ../DDS2_bsp/\libhal_bsp.a(altera_avalon_jtag_uart_read.o)
                0x02003840                altera_avalon_jtag_uart_read
 .text          0x02003a64      0x240 ../DDS2_bsp/\libhal_bsp.a(altera_avalon_jtag_uart_write.o)
                0x02003a64                altera_avalon_jtag_uart_write
 .text          0x02003ca4      0x6d4 ../DDS2_bsp/\libhal_bsp.a(epcs_commands.o)
                0x02003ca4                epcs_read_status_register
                0x02003d04                epcs_sector_erase
                0x02003e6c                epcs_read_buffer
                0x02003fb8                epcs_write_enable
                0x02004008                epcs_write_status_register
                0x0200406c                epcs_write_buffer
                0x020041dc                epcs_read_electronic_signature
                0x02004248                epcs_read_device_id
                0x020042c8                epcs_enter_4_bytes_mode
                0x02004320                epcs_exit_4_bytes_mode
 .text          0x02004378      0x154 ../DDS2_bsp/\libhal_bsp.a(alt_alarm_start.o)
                0x02004378                alt_alarm_start
 .text          0x020044cc      0x15c ../DDS2_bsp/\libhal_bsp.a(alt_busy_sleep.o)
                0x020044cc                alt_busy_sleep
 .text          0x02004628      0x160 ../DDS2_bsp/\libhal_bsp.a(alt_close.o)
                0x02004628                close
 .text          0x02004788       0x2c ../DDS2_bsp/\libhal_bsp.a(alt_dev.o)
 .text          0x020047b4      0x114 ../DDS2_bsp/\libhal_bsp.a(alt_dev_llist_insert.o)
                0x020047b4                alt_dev_llist_insert
 .text          0x020048c8       0x64 ../DDS2_bsp/\libhal_bsp.a(alt_do_ctors.o)
                0x020048c8                _do_ctors
 .text          0x0200492c       0x64 ../DDS2_bsp/\libhal_bsp.a(alt_do_dtors.o)
                0x0200492c                _do_dtors
 .text          0x02004990        0x0 ../DDS2_bsp/\libhal_bsp.a(alt_errno.o)
 .text          0x02004990       0xd0 ../DDS2_bsp/\libhal_bsp.a(alt_flash_dev.o)
                0x02004990                alt_flash_open_dev
                0x02004a0c                alt_flash_close_dev
 .text          0x02004a60      0x1d4 ../DDS2_bsp/\libhal_bsp.a(alt_iic.o)
                0x02004a60                alt_ic_isr_register
                0x02004ab0                alt_ic_irq_enable
                0x02004b4c                alt_ic_irq_disable
                0x02004bec                alt_ic_irq_enabled
 .text          0x02004c34       0xf8 ../DDS2_bsp/\libhal_bsp.a(alt_iic_isr_register.o)
                0x02004c34                alt_iic_isr_register
 .text          0x02004d2c      0x150 ../DDS2_bsp/\libhal_bsp.a(alt_io_redirect.o)
                0x02004e04                alt_io_redirect
 .text          0x02004e7c        0x0 ../DDS2_bsp/\libhal_bsp.a(alt_irq_entry.o)
 .text          0x02004e7c        0x0 ../DDS2_bsp/\libhal_bsp.a(alt_irq_handler.o)
 .text          0x02004e7c        0x0 ../DDS2_bsp/\libhal_bsp.a(alt_irq_vars.o)
 .text          0x02004e7c      0x2e4 ../DDS2_bsp/\libhal_bsp.a(alt_open.o)
                0x02004f74                open
 .text          0x02005160       0x78 ../DDS2_bsp/\libhal_bsp.a(alt_release_fd.o)
                0x02005160                alt_release_fd
 .text          0x020051d8      0x1a4 ../DDS2_bsp/\libhal_bsp.a(alt_tick.o)
                0x020051d8                alt_alarm_stop
                0x02005270                alt_tick
 .text          0x0200537c       0x20 ../DDS2_bsp/\libhal_bsp.a(altera_nios2_qsys_irq.o)
                0x0200537c                altera_nios2_qsys_irq_init
 .text          0x0200539c      0x238 ../DDS2_bsp/\libhal_bsp.a(altera_avalon_spi.o)
                0x0200539c                alt_avalon_spi_command
 .text          0x020055d4        0x0 ../DDS2_bsp/\libhal_bsp.a(alt_exception_entry.o)
 .text          0x020055d4       0x94 ../DDS2_bsp/\libhal_bsp.a(alt_find_dev.o)
                0x020055d4                alt_find_dev
 .text          0x02005668      0x120 ../DDS2_bsp/\libhal_bsp.a(alt_find_file.o)
                0x02005668                alt_find_file
 .text          0x02005788       0xd0 ../DDS2_bsp/\libhal_bsp.a(alt_get_fd.o)
                0x02005788                alt_get_fd
 .text          0x02005858       0x14 c:/altera/13.0/nios2eds/bin/gnu/h-i686-mingw32/bin/../lib/gcc/nios2-elf/4.1.2/../../../../nios2-elf/lib/mno-hw-mul\libc.a(lib_a-atexit.o)
                0x02005858                atexit
 .text          0x0200586c       0x38 c:/altera/13.0/nios2eds/bin/gnu/h-i686-mingw32/bin/../lib/gcc/nios2-elf/4.1.2/../../../../nios2-elf/lib/mno-hw-mul\libc.a(lib_a-exit.o)
                0x0200586c                exit
 .text          0x020058a4        0x0 c:/altera/13.0/nios2eds/bin/gnu/h-i686-mingw32/bin/../lib/gcc/nios2-elf/4.1.2/../../../../nios2-elf/lib/mno-hw-mul\libc.a(lib_a-impure.o)
 .text          0x020058a4        0x0 c:/altera/13.0/nios2eds/bin/gnu/h-i686-mingw32/bin/../lib/gcc/nios2-elf/4.1.2/../../../../nios2-elf/lib/mno-hw-mul\libc.a(lib_a-int_errno.o)
 .text          0x020058a4       0x74 c:/altera/13.0/nios2eds/bin/gnu/h-i686-mingw32/bin/../lib/gcc/nios2-elf/4.1.2/../../../../nios2-elf/lib/mno-hw-mul\libc.a(lib_a-memcmp.o)
                0x020058a4                memcmp
 .text          0x02005918       0xa0 c:/altera/13.0/nios2eds/bin/gnu/h-i686-mingw32/bin/../lib/gcc/nios2-elf/4.1.2/../../../../nios2-elf/lib/mno-hw-mul\libc.a(lib_a-memcpy.o)
                0x02005918                memcpy
 .text          0x020059b8       0x74 c:/altera/13.0/nios2eds/bin/gnu/h-i686-mingw32/bin/../lib/gcc/nios2-elf/4.1.2/../../../../nios2-elf/lib/mno-hw-mul\libc.a(lib_a-strlen.o)
                0x020059b8                strlen
 .text          0x02005a2c      0x134 c:/altera/13.0/nios2eds/bin/gnu/h-i686-mingw32/bin/../lib/gcc/nios2-elf/4.1.2/../../../../nios2-elf/lib/mno-hw-mul\libc.a(lib_a-__atexit.o)
                0x02005a2c                __register_exitproc
 .text          0x02005b60      0x1b4 c:/altera/13.0/nios2eds/bin/gnu/h-i686-mingw32/bin/../lib/gcc/nios2-elf/4.1.2/../../../../nios2-elf/lib/mno-hw-mul\libc.a(lib_a-__call_atexit.o)
                0x02005b64                __call_exitprocs
 .text          0x02005d14       0x60 ../DDS2_bsp/\libhal_bsp.a(alt_exit.o)
                0x02005d54                _exit
 *(.gnu.warning.*)
 *(.fini)
                0x02005d74                PROVIDE (__etext, ABSOLUTE (.))
                0x02005d74                PROVIDE (_etext, ABSOLUTE (.))
                0x02005d74                PROVIDE (etext, ABSOLUTE (.))
 *(.eh_frame_hdr)
                0x02005d74                . = ALIGN (0x4)
                0x02005d74                PROVIDE (__preinit_array_start, ABSOLUTE (.))
 *(.preinit_array)
                0x02005d74                PROVIDE (__preinit_array_end, ABSOLUTE (.))
                0x02005d74                PROVIDE (__init_array_start, ABSOLUTE (.))
 *(.init_array)
                0x02005d74                PROVIDE (__init_array_end, ABSOLUTE (.))
                0x02005d74                PROVIDE (__fini_array_start, ABSOLUTE (.))
 *(.fini_array)
                0x02005d74                PROVIDE (__fini_array_end, ABSOLUTE (.))
 *(.eh_frame)
 *(.gcc_except_table)
 *(.dynamic)
                0x02005d74                PROVIDE (__CTOR_LIST__, ABSOLUTE (.))
 *(.ctors)
 *(SORT(.ctors.*))
 .ctors.65535   0x02005d74        0x4 c:/altera/13.0/nios2eds/bin/gnu/h-i686-mingw32/bin/../lib/gcc/nios2-elf/4.1.2/../../../../nios2-elf/lib/mno-hw-mul\libc.a(lib_a-__call_atexit.o)
                0x02005d78                PROVIDE (__CTOR_END__, ABSOLUTE (.))
                0x02005d78                PROVIDE (__DTOR_LIST__, ABSOLUTE (.))
 *(.dtors)
 *(SORT(.dtors.*))
                0x02005d78                PROVIDE (__DTOR_END__, ABSOLUTE (.))
 *(.jcr)
                0x02005d78                . = ALIGN (0x4)

.rodata         0x02005d78      0x194
                0x02005d78                PROVIDE (__ram_rodata_start, ABSOLUTE (.))
                0x02005d78                . = ALIGN (0x4)
 *(.rodata .rodata.* .gnu.linkonce.r.*)
 .rodata        0x02005d78       0x10 obj/default/dds.o
 .rodata        0x02005d88       0x18 obj/default/main.o
 .rodata        0x02005da0       0x14 c:/altera/13.0/nios2eds/bin/gnu/h-i686-mingw32/bin/../lib/gcc/nios2-elf/4.1.2/mno-hw-mul\libgcc.a(_thenan_df.o)
                0x02005da0                __thenan_df
 .rodata        0x02005db4      0x100 c:/altera/13.0/nios2eds/bin/gnu/h-i686-mingw32/bin/../lib/gcc/nios2-elf/4.1.2/mno-hw-mul\libgcc.a(_clz.o)
                0x02005db4                __clz_tab
 .rodata        0x02005eb4       0x14 ../DDS2_bsp/\libhal_bsp.a(alt_main.o)
 .rodata        0x02005ec8       0x34 ../DDS2_bsp/\libhal_bsp.a(alt_sys_init.o)
 .rodata        0x02005efc        0xc ../DDS2_bsp/\libhal_bsp.a(alt_dev.o)
 .rodata.str1.4
                0x02005f08        0x4 c:/altera/13.0/nios2eds/bin/gnu/h-i686-mingw32/bin/../lib/gcc/nios2-elf/4.1.2/../../../../nios2-elf/lib/mno-hw-mul\libc.a(lib_a-impure.o)
 *(.rodata1)
                0x02005f0c                . = ALIGN (0x4)
                0x02005f0c                PROVIDE (__ram_rodata_end, ABSOLUTE (.))
                0x02005d78                PROVIDE (__flash_rodata_start, LOADADDR (.rodata))

.rwdata         0x02005f0c     0x9708
                0x02005f0c                PROVIDE (__ram_rwdata_start, ABSOLUTE (.))
                0x02005f0c                . = ALIGN (0x4)
 *(.got.plt)
 *(.got)
 *(.data1)
 *(.data .data.* .gnu.linkonce.d.*)
 .data          0x02005f0c        0x0 ../DDS2_bsp//obj/HAL/src/crt0.o
 .data          0x02005f0c     0x8000 obj/default/dds.o
                0x02005f0c                fb
                0x02007f0c                jc
                0x02009f0c                san
                0x0200bf0c                sin
 .data          0x0200df0c        0x0 obj/default/key.o
 .data          0x0200df0c        0x0 obj/default/lcd12864.o
 .data          0x0200df0c        0x0 obj/default/main.o
 .data          0x0200df0c        0x0 c:/altera/13.0/nios2eds/bin/gnu/h-i686-mingw32/bin/../lib/gcc/nios2-elf/4.1.2/mno-hw-mul\libgcc.a(_fixunsdfsi.o)
 .data          0x0200df0c        0x0 c:/altera/13.0/nios2eds/bin/gnu/h-i686-mingw32/bin/../lib/gcc/nios2-elf/4.1.2/mno-hw-mul\libgcc.a(_fixunsdfdi.o)
 .data          0x0200df0c        0x0 c:/altera/13.0/nios2eds/bin/gnu/h-i686-mingw32/bin/../lib/gcc/nios2-elf/4.1.2/mno-hw-mul\libgcc.a(_sf_to_df.o)
 .data          0x0200df0c        0x0 c:/altera/13.0/nios2eds/bin/gnu/h-i686-mingw32/bin/../lib/gcc/nios2-elf/4.1.2/mno-hw-mul\libgcc.a(_usi_to_sf.o)
 .data          0x0200df0c        0x0 c:/altera/13.0/nios2eds/bin/gnu/h-i686-mingw32/bin/../lib/gcc/nios2-elf/4.1.2/mno-hw-mul\libgcc.a(_addsub_df.o)
 .data          0x0200df0c        0x0 c:/altera/13.0/nios2eds/bin/gnu/h-i686-mingw32/bin/../lib/gcc/nios2-elf/4.1.2/mno-hw-mul\libgcc.a(_mul_df.o)
 .data          0x0200df0c        0x0 c:/altera/13.0/nios2eds/bin/gnu/h-i686-mingw32/bin/../lib/gcc/nios2-elf/4.1.2/mno-hw-mul\libgcc.a(_ge_df.o)
 .data          0x0200df0c        0x0 c:/altera/13.0/nios2eds/bin/gnu/h-i686-mingw32/bin/../lib/gcc/nios2-elf/4.1.2/mno-hw-mul\libgcc.a(_df_to_si.o)
 .data          0x0200df0c        0x0 c:/altera/13.0/nios2eds/bin/gnu/h-i686-mingw32/bin/../lib/gcc/nios2-elf/4.1.2/mno-hw-mul\libgcc.a(_make_df.o)
 .data          0x0200df0c        0x0 c:/altera/13.0/nios2eds/bin/gnu/h-i686-mingw32/bin/../lib/gcc/nios2-elf/4.1.2/mno-hw-mul\libgcc.a(_thenan_df.o)
 .data          0x0200df0c        0x0 c:/altera/13.0/nios2eds/bin/gnu/h-i686-mingw32/bin/../lib/gcc/nios2-elf/4.1.2/mno-hw-mul\libgcc.a(_usi_to_df.o)
 .data          0x0200df0c        0x0 c:/altera/13.0/nios2eds/bin/gnu/h-i686-mingw32/bin/../lib/gcc/nios2-elf/4.1.2/mno-hw-mul\libgcc.a(lib2-divmod.o)
 .data          0x0200df0c        0x0 c:/altera/13.0/nios2eds/bin/gnu/h-i686-mingw32/bin/../lib/gcc/nios2-elf/4.1.2/mno-hw-mul\libgcc.a(_muldi3.o)
 .data          0x0200df0c        0x0 c:/altera/13.0/nios2eds/bin/gnu/h-i686-mingw32/bin/../lib/gcc/nios2-elf/4.1.2/mno-hw-mul\libgcc.a(_clzsi2.o)
 .data          0x0200df0c        0x0 c:/altera/13.0/nios2eds/bin/gnu/h-i686-mingw32/bin/../lib/gcc/nios2-elf/4.1.2/mno-hw-mul\libgcc.a(_pack_sf.o)
 .data          0x0200df0c        0x0 c:/altera/13.0/nios2eds/bin/gnu/h-i686-mingw32/bin/../lib/gcc/nios2-elf/4.1.2/mno-hw-mul\libgcc.a(_unpack_sf.o)
 .data          0x0200df0c        0x0 c:/altera/13.0/nios2eds/bin/gnu/h-i686-mingw32/bin/../lib/gcc/nios2-elf/4.1.2/mno-hw-mul\libgcc.a(_pack_df.o)
 .data          0x0200df0c        0x0 c:/altera/13.0/nios2eds/bin/gnu/h-i686-mingw32/bin/../lib/gcc/nios2-elf/4.1.2/mno-hw-mul\libgcc.a(_unpack_df.o)
 .data          0x0200df0c        0x0 c:/altera/13.0/nios2eds/bin/gnu/h-i686-mingw32/bin/../lib/gcc/nios2-elf/4.1.2/mno-hw-mul\libgcc.a(_fpcmp_parts_df.o)
 .data          0x0200df0c        0x0 c:/altera/13.0/nios2eds/bin/gnu/h-i686-mingw32/bin/../lib/gcc/nios2-elf/4.1.2/mno-hw-mul\libgcc.a(lib2-mul.o)
 .data          0x0200df0c        0x0 c:/altera/13.0/nios2eds/bin/gnu/h-i686-mingw32/bin/../lib/gcc/nios2-elf/4.1.2/mno-hw-mul\libgcc.a(_clz.o)
 .data          0x0200df0c        0x0 ../DDS2_bsp/\libhal_bsp.a(alt_main.o)
 .data          0x0200df0c        0x0 ../DDS2_bsp/\libhal_bsp.a(alt_usleep.o)
 .data          0x0200df0c     0x1128 ../DDS2_bsp/\libhal_bsp.a(alt_sys_init.o)
 .data          0x0200f034        0x0 ../DDS2_bsp/\libhal_bsp.a(altera_avalon_epcs_flash_controller.o)
 .data          0x0200f034        0x0 ../DDS2_bsp/\libhal_bsp.a(altera_avalon_jtag_uart_fd.o)
 .data          0x0200f034        0x0 ../DDS2_bsp/\libhal_bsp.a(altera_avalon_jtag_uart_init.o)
 .data          0x0200f034        0x0 ../DDS2_bsp/\libhal_bsp.a(altera_avalon_jtag_uart_ioctl.o)
 .data          0x0200f034        0x0 ../DDS2_bsp/\libhal_bsp.a(altera_avalon_jtag_uart_read.o)
 .data          0x0200f034        0x0 ../DDS2_bsp/\libhal_bsp.a(altera_avalon_jtag_uart_write.o)
 .data          0x0200f034        0x0 ../DDS2_bsp/\libhal_bsp.a(epcs_commands.o)
 .data          0x0200f034        0x0 ../DDS2_bsp/\libhal_bsp.a(alt_alarm_start.o)
 .data          0x0200f034        0x0 ../DDS2_bsp/\libhal_bsp.a(alt_busy_sleep.o)
 .data          0x0200f034        0x0 ../DDS2_bsp/\libhal_bsp.a(alt_close.o)
 .data          0x0200f034      0x1a8 ../DDS2_bsp/\libhal_bsp.a(alt_dev.o)
                0x0200f034                alt_dev_null
                0x0200f05c                alt_fd_list
 .data          0x0200f1dc        0x0 ../DDS2_bsp/\libhal_bsp.a(alt_dev_llist_insert.o)
 .data          0x0200f1dc        0x0 ../DDS2_bsp/\libhal_bsp.a(alt_do_ctors.o)
 .data          0x0200f1dc        0x0 ../DDS2_bsp/\libhal_bsp.a(alt_do_dtors.o)
 .data          0x0200f1dc        0x0 ../DDS2_bsp/\libhal_bsp.a(alt_errno.o)
 .data          0x0200f1dc        0x0 ../DDS2_bsp/\libhal_bsp.a(alt_flash_dev.o)
 .data          0x0200f1dc        0x0 ../DDS2_bsp/\libhal_bsp.a(alt_iic.o)
 .data          0x0200f1dc        0x0 ../DDS2_bsp/\libhal_bsp.a(alt_iic_isr_register.o)
 .data          0x0200f1dc        0x0 ../DDS2_bsp/\libhal_bsp.a(alt_io_redirect.o)
 .data          0x0200f1dc        0x0 ../DDS2_bsp/\libhal_bsp.a(alt_irq_entry.o)
 .data          0x0200f1dc        0x0 ../DDS2_bsp/\libhal_bsp.a(alt_irq_handler.o)
 .data          0x0200f1dc        0x0 ../DDS2_bsp/\libhal_bsp.a(alt_irq_vars.o)
 .data          0x0200f1dc        0x0 ../DDS2_bsp/\libhal_bsp.a(alt_open.o)
 .data          0x0200f1dc        0x0 ../DDS2_bsp/\libhal_bsp.a(alt_release_fd.o)
 .data          0x0200f1dc        0x0 ../DDS2_bsp/\libhal_bsp.a(alt_tick.o)
 .data          0x0200f1dc        0x0 ../DDS2_bsp/\libhal_bsp.a(altera_nios2_qsys_irq.o)
 .data          0x0200f1dc        0x0 ../DDS2_bsp/\libhal_bsp.a(altera_avalon_spi.o)
 .data          0x0200f1dc        0x0 ../DDS2_bsp/\libhal_bsp.a(alt_exception_entry.o)
 .data          0x0200f1dc        0x0 ../DDS2_bsp/\libhal_bsp.a(alt_find_dev.o)
 .data          0x0200f1dc        0x0 ../DDS2_bsp/\libhal_bsp.a(alt_find_file.o)
 .data          0x0200f1dc        0x0 ../DDS2_bsp/\libhal_bsp.a(alt_get_fd.o)
 .data          0x0200f1dc        0x0 c:/altera/13.0/nios2eds/bin/gnu/h-i686-mingw32/bin/../lib/gcc/nios2-elf/4.1.2/../../../../nios2-elf/lib/mno-hw-mul\libc.a(lib_a-atexit.o)
 .data          0x0200f1dc        0x0 c:/altera/13.0/nios2eds/bin/gnu/h-i686-mingw32/bin/../lib/gcc/nios2-elf/4.1.2/../../../../nios2-elf/lib/mno-hw-mul\libc.a(lib_a-exit.o)
 .data          0x0200f1dc      0x400 c:/altera/13.0/nios2eds/bin/gnu/h-i686-mingw32/bin/../lib/gcc/nios2-elf/4.1.2/../../../../nios2-elf/lib/mno-hw-mul\libc.a(lib_a-impure.o)
 .data          0x0200f5dc        0x0 c:/altera/13.0/nios2eds/bin/gnu/h-i686-mingw32/bin/../lib/gcc/nios2-elf/4.1.2/../../../../nios2-elf/lib/mno-hw-mul\libc.a(lib_a-int_errno.o)
 .data          0x0200f5dc        0x0 c:/altera/13.0/nios2eds/bin/gnu/h-i686-mingw32/bin/../lib/gcc/nios2-elf/4.1.2/../../../../nios2-elf/lib/mno-hw-mul\libc.a(lib_a-memcmp.o)
 .data          0x0200f5dc        0x0 c:/altera/13.0/nios2eds/bin/gnu/h-i686-mingw32/bin/../lib/gcc/nios2-elf/4.1.2/../../../../nios2-elf/lib/mno-hw-mul\libc.a(lib_a-memcpy.o)
 .data          0x0200f5dc        0x0 c:/altera/13.0/nios2eds/bin/gnu/h-i686-mingw32/bin/../lib/gcc/nios2-elf/4.1.2/../../../../nios2-elf/lib/mno-hw-mul\libc.a(lib_a-strlen.o)
 .data          0x0200f5dc        0x0 c:/altera/13.0/nios2eds/bin/gnu/h-i686-mingw32/bin/../lib/gcc/nios2-elf/4.1.2/../../../../nios2-elf/lib/mno-hw-mul\libc.a(lib_a-__atexit.o)
 .data          0x0200f5dc        0x0 c:/altera/13.0/nios2eds/bin/gnu/h-i686-mingw32/bin/../lib/gcc/nios2-elf/4.1.2/../../../../nios2-elf/lib/mno-hw-mul\libc.a(lib_a-__call_atexit.o)
 .data          0x0200f5dc        0x0 ../DDS2_bsp/\libhal_bsp.a(alt_exit.o)
                0x020175dc                _gp = ABSOLUTE ((. + 0x8000))
                0x020175dc                PROVIDE (gp, _gp)
 *(.rwdata .rwdata.*)
 *(.sdata .sdata.* .gnu.linkonce.s.*)
 .sdata         0x0200f5dc        0x4 obj/default/dds.o
                0x0200f5dc                freq
 .sdata         0x0200f5e0       0x14 ../DDS2_bsp/\libhal_bsp.a(alt_dev.o)
                0x0200f5e0                alt_fs_list
                0x0200f5e8                alt_dev_list
                0x0200f5f0                alt_max_fd
 .sdata         0x0200f5f4        0x4 ../DDS2_bsp/\libhal_bsp.a(alt_errno.o)
                0x0200f5f4                alt_errno
 .sdata         0x0200f5f8        0x8 ../DDS2_bsp/\libhal_bsp.a(alt_flash_dev.o)
                0x0200f5f8                alt_flash_dev_list
 .sdata         0x0200f600        0x4 ../DDS2_bsp/\libhal_bsp.a(alt_irq_vars.o)
                0x0200f600                alt_priority_mask
 .sdata         0x0200f604        0x8 ../DDS2_bsp/\libhal_bsp.a(alt_tick.o)
                0x0200f604                alt_alarm_list
 .sdata         0x0200f60c        0x8 c:/altera/13.0/nios2eds/bin/gnu/h-i686-mingw32/bin/../lib/gcc/nios2-elf/4.1.2/../../../../nios2-elf/lib/mno-hw-mul\libc.a(lib_a-impure.o)
                0x0200f60c                _impure_ptr
                0x0200f610                _global_impure_ptr
 *(.sdata2 .sdata2.* .gnu.linkonce.s2.*)
                0x0200f614                . = ALIGN (0x4)
                0x0200f614                _edata = ABSOLUTE (.)
                0x0200f614                PROVIDE (edata, ABSOLUTE (.))
                0x0200f614                PROVIDE (__ram_rwdata_end, ABSOLUTE (.))
                0x02005f0c                PROVIDE (__flash_rwdata_start, LOADADDR (.rwdata))

.bss            0x0200f614      0x2b0
                0x0200f614                __bss_start = ABSOLUTE (.)
                0x0200f614                PROVIDE (__sbss_start, ABSOLUTE (.))
                0x0200f614                PROVIDE (___sbss_start, ABSOLUTE (.))
 *(.dynsbss)
 *(.sbss .sbss.* .gnu.linkonce.sb.*)
 .sbss          0x0200f614        0x2 obj/default/dds.o
                0x0200f614                pha
 *fill*         0x0200f616        0x2 00
 .sbss          0x0200f618        0xc ../DDS2_bsp/\libhal_bsp.a(alt_main.o)
                0x0200f618                alt_argc
                0x0200f61c                alt_argv
                0x0200f620                alt_envp
 .sbss          0x0200f624        0x4 ../DDS2_bsp/\libhal_bsp.a(alt_irq_vars.o)
                0x0200f624                alt_irq_active
 .sbss          0x0200f628        0x8 ../DDS2_bsp/\libhal_bsp.a(alt_tick.o)
                0x0200f628                _alt_tick_rate
                0x0200f62c                _alt_nticks
 .sbss          0x0200f630        0x4 c:/altera/13.0/nios2eds/bin/gnu/h-i686-mingw32/bin/../lib/gcc/nios2-elf/4.1.2/../../../../nios2-elf/lib/mno-hw-mul\libc.a(lib_a-int_errno.o)
                0x0200f630                errno
 *(.sbss2 .sbss2.* .gnu.linkonce.sb2.*)
 *(.scommon)
                0x0200f634                PROVIDE (__sbss_end, ABSOLUTE (.))
                0x0200f634                PROVIDE (___sbss_end, ABSOLUTE (.))
 *(.dynbss)
 *(.bss .bss.* .gnu.linkonce.b.*)
 .bss           0x0200f634        0x0 ../DDS2_bsp//obj/HAL/src/crt0.o
 .bss           0x0200f634        0x0 obj/default/dds.o
 .bss           0x0200f634        0x0 obj/default/key.o
 .bss           0x0200f634        0x0 obj/default/lcd12864.o
 .bss           0x0200f634        0x0 obj/default/main.o
 .bss           0x0200f634        0x0 c:/altera/13.0/nios2eds/bin/gnu/h-i686-mingw32/bin/../lib/gcc/nios2-elf/4.1.2/mno-hw-mul\libgcc.a(_fixunsdfsi.o)
 .bss           0x0200f634        0x0 c:/altera/13.0/nios2eds/bin/gnu/h-i686-mingw32/bin/../lib/gcc/nios2-elf/4.1.2/mno-hw-mul\libgcc.a(_fixunsdfdi.o)
 .bss           0x0200f634        0x0 c:/altera/13.0/nios2eds/bin/gnu/h-i686-mingw32/bin/../lib/gcc/nios2-elf/4.1.2/mno-hw-mul\libgcc.a(_sf_to_df.o)
 .bss           0x0200f634        0x0 c:/altera/13.0/nios2eds/bin/gnu/h-i686-mingw32/bin/../lib/gcc/nios2-elf/4.1.2/mno-hw-mul\libgcc.a(_usi_to_sf.o)
 .bss           0x0200f634        0x0 c:/altera/13.0/nios2eds/bin/gnu/h-i686-mingw32/bin/../lib/gcc/nios2-elf/4.1.2/mno-hw-mul\libgcc.a(_addsub_df.o)
 .bss           0x0200f634        0x0 c:/altera/13.0/nios2eds/bin/gnu/h-i686-mingw32/bin/../lib/gcc/nios2-elf/4.1.2/mno-hw-mul\libgcc.a(_mul_df.o)
 .bss           0x0200f634        0x0 c:/altera/13.0/nios2eds/bin/gnu/h-i686-mingw32/bin/../lib/gcc/nios2-elf/4.1.2/mno-hw-mul\libgcc.a(_ge_df.o)
 .bss           0x0200f634        0x0 c:/altera/13.0/nios2eds/bin/gnu/h-i686-mingw32/bin/../lib/gcc/nios2-elf/4.1.2/mno-hw-mul\libgcc.a(_df_to_si.o)
 .bss           0x0200f634        0x0 c:/altera/13.0/nios2eds/bin/gnu/h-i686-mingw32/bin/../lib/gcc/nios2-elf/4.1.2/mno-hw-mul\libgcc.a(_make_df.o)
 .bss           0x0200f634        0x0 c:/altera/13.0/nios2eds/bin/gnu/h-i686-mingw32/bin/../lib/gcc/nios2-elf/4.1.2/mno-hw-mul\libgcc.a(_thenan_df.o)
 .bss           0x0200f634        0x0 c:/altera/13.0/nios2eds/bin/gnu/h-i686-mingw32/bin/../lib/gcc/nios2-elf/4.1.2/mno-hw-mul\libgcc.a(_usi_to_df.o)
 .bss           0x0200f634        0x0 c:/altera/13.0/nios2eds/bin/gnu/h-i686-mingw32/bin/../lib/gcc/nios2-elf/4.1.2/mno-hw-mul\libgcc.a(lib2-divmod.o)
 .bss           0x0200f634        0x0 c:/altera/13.0/nios2eds/bin/gnu/h-i686-mingw32/bin/../lib/gcc/nios2-elf/4.1.2/mno-hw-mul\libgcc.a(_muldi3.o)
 .bss           0x0200f634        0x0 c:/altera/13.0/nios2eds/bin/gnu/h-i686-mingw32/bin/../lib/gcc/nios2-elf/4.1.2/mno-hw-mul\libgcc.a(_clzsi2.o)
 .bss           0x0200f634        0x0 c:/altera/13.0/nios2eds/bin/gnu/h-i686-mingw32/bin/../lib/gcc/nios2-elf/4.1.2/mno-hw-mul\libgcc.a(_pack_sf.o)
 .bss           0x0200f634        0x0 c:/altera/13.0/nios2eds/bin/gnu/h-i686-mingw32/bin/../lib/gcc/nios2-elf/4.1.2/mno-hw-mul\libgcc.a(_unpack_sf.o)
 .bss           0x0200f634        0x0 c:/altera/13.0/nios2eds/bin/gnu/h-i686-mingw32/bin/../lib/gcc/nios2-elf/4.1.2/mno-hw-mul\libgcc.a(_pack_df.o)
 .bss           0x0200f634        0x0 c:/altera/13.0/nios2eds/bin/gnu/h-i686-mingw32/bin/../lib/gcc/nios2-elf/4.1.2/mno-hw-mul\libgcc.a(_unpack_df.o)
 .bss           0x0200f634        0x0 c:/altera/13.0/nios2eds/bin/gnu/h-i686-mingw32/bin/../lib/gcc/nios2-elf/4.1.2/mno-hw-mul\libgcc.a(_fpcmp_parts_df.o)
 .bss           0x0200f634        0x0 c:/altera/13.0/nios2eds/bin/gnu/h-i686-mingw32/bin/../lib/gcc/nios2-elf/4.1.2/mno-hw-mul\libgcc.a(lib2-mul.o)
 .bss           0x0200f634        0x0 c:/altera/13.0/nios2eds/bin/gnu/h-i686-mingw32/bin/../lib/gcc/nios2-elf/4.1.2/mno-hw-mul\libgcc.a(_clz.o)
 .bss           0x0200f634        0x0 ../DDS2_bsp/\libhal_bsp.a(alt_main.o)
 .bss           0x0200f634        0x0 ../DDS2_bsp/\libhal_bsp.a(alt_usleep.o)
 .bss           0x0200f634        0x0 ../DDS2_bsp/\libhal_bsp.a(alt_sys_init.o)
 .bss           0x0200f634        0x0 ../DDS2_bsp/\libhal_bsp.a(altera_avalon_epcs_flash_controller.o)
 .bss           0x0200f634        0x0 ../DDS2_bsp/\libhal_bsp.a(altera_avalon_jtag_uart_fd.o)
 .bss           0x0200f634        0x0 ../DDS2_bsp/\libhal_bsp.a(altera_avalon_jtag_uart_init.o)
 .bss           0x0200f634        0x0 ../DDS2_bsp/\libhal_bsp.a(altera_avalon_jtag_uart_ioctl.o)
 .bss           0x0200f634        0x0 ../DDS2_bsp/\libhal_bsp.a(altera_avalon_jtag_uart_read.o)
 .bss           0x0200f634        0x0 ../DDS2_bsp/\libhal_bsp.a(altera_avalon_jtag_uart_write.o)
 .bss           0x0200f634        0x0 ../DDS2_bsp/\libhal_bsp.a(epcs_commands.o)
 .bss           0x0200f634        0x0 ../DDS2_bsp/\libhal_bsp.a(alt_alarm_start.o)
 .bss           0x0200f634        0x0 ../DDS2_bsp/\libhal_bsp.a(alt_busy_sleep.o)
 .bss           0x0200f634        0x0 ../DDS2_bsp/\libhal_bsp.a(alt_close.o)
 .bss           0x0200f634        0x0 ../DDS2_bsp/\libhal_bsp.a(alt_dev.o)
 .bss           0x0200f634        0x0 ../DDS2_bsp/\libhal_bsp.a(alt_dev_llist_insert.o)
 .bss           0x0200f634        0x0 ../DDS2_bsp/\libhal_bsp.a(alt_do_ctors.o)
 .bss           0x0200f634        0x0 ../DDS2_bsp/\libhal_bsp.a(alt_do_dtors.o)
 .bss           0x0200f634        0x0 ../DDS2_bsp/\libhal_bsp.a(alt_errno.o)
 .bss           0x0200f634        0x0 ../DDS2_bsp/\libhal_bsp.a(alt_flash_dev.o)
 .bss           0x0200f634        0x0 ../DDS2_bsp/\libhal_bsp.a(alt_iic.o)
 .bss           0x0200f634        0x0 ../DDS2_bsp/\libhal_bsp.a(alt_iic_isr_register.o)
 .bss           0x0200f634        0x0 ../DDS2_bsp/\libhal_bsp.a(alt_io_redirect.o)
 .bss           0x0200f634        0x0 ../DDS2_bsp/\libhal_bsp.a(alt_irq_entry.o)
 .bss           0x0200f634        0x0 ../DDS2_bsp/\libhal_bsp.a(alt_irq_handler.o)
 .bss           0x0200f634        0x0 ../DDS2_bsp/\libhal_bsp.a(alt_irq_vars.o)
 .bss           0x0200f634        0x0 ../DDS2_bsp/\libhal_bsp.a(alt_open.o)
 .bss           0x0200f634        0x0 ../DDS2_bsp/\libhal_bsp.a(alt_release_fd.o)
 .bss           0x0200f634        0x0 ../DDS2_bsp/\libhal_bsp.a(alt_tick.o)
 .bss           0x0200f634        0x0 ../DDS2_bsp/\libhal_bsp.a(altera_nios2_qsys_irq.o)
 .bss           0x0200f634        0x0 ../DDS2_bsp/\libhal_bsp.a(altera_avalon_spi.o)
 .bss           0x0200f634        0x0 ../DDS2_bsp/\libhal_bsp.a(alt_exception_entry.o)
 .bss           0x0200f634        0x0 ../DDS2_bsp/\libhal_bsp.a(alt_find_dev.o)
 .bss           0x0200f634        0x0 ../DDS2_bsp/\libhal_bsp.a(alt_find_file.o)
 .bss           0x0200f634        0x0 ../DDS2_bsp/\libhal_bsp.a(alt_get_fd.o)
 .bss           0x0200f634        0x0 c:/altera/13.0/nios2eds/bin/gnu/h-i686-mingw32/bin/../lib/gcc/nios2-elf/4.1.2/../../../../nios2-elf/lib/mno-hw-mul\libc.a(lib_a-atexit.o)
 .bss           0x0200f634        0x0 c:/altera/13.0/nios2eds/bin/gnu/h-i686-mingw32/bin/../lib/gcc/nios2-elf/4.1.2/../../../../nios2-elf/lib/mno-hw-mul\libc.a(lib_a-exit.o)
 .bss           0x0200f634        0x0 c:/altera/13.0/nios2eds/bin/gnu/h-i686-mingw32/bin/../lib/gcc/nios2-elf/4.1.2/../../../../nios2-elf/lib/mno-hw-mul\libc.a(lib_a-impure.o)
 .bss           0x0200f634        0x0 c:/altera/13.0/nios2eds/bin/gnu/h-i686-mingw32/bin/../lib/gcc/nios2-elf/4.1.2/../../../../nios2-elf/lib/mno-hw-mul\libc.a(lib_a-int_errno.o)
 .bss           0x0200f634        0x0 c:/altera/13.0/nios2eds/bin/gnu/h-i686-mingw32/bin/../lib/gcc/nios2-elf/4.1.2/../../../../nios2-elf/lib/mno-hw-mul\libc.a(lib_a-memcmp.o)
 .bss           0x0200f634        0x0 c:/altera/13.0/nios2eds/bin/gnu/h-i686-mingw32/bin/../lib/gcc/nios2-elf/4.1.2/../../../../nios2-elf/lib/mno-hw-mul\libc.a(lib_a-memcpy.o)
 .bss           0x0200f634        0x0 c:/altera/13.0/nios2eds/bin/gnu/h-i686-mingw32/bin/../lib/gcc/nios2-elf/4.1.2/../../../../nios2-elf/lib/mno-hw-mul\libc.a(lib_a-strlen.o)
 .bss           0x0200f634        0x0 c:/altera/13.0/nios2eds/bin/gnu/h-i686-mingw32/bin/../lib/gcc/nios2-elf/4.1.2/../../../../nios2-elf/lib/mno-hw-mul\libc.a(lib_a-__atexit.o)
 .bss           0x0200f634        0x0 c:/altera/13.0/nios2eds/bin/gnu/h-i686-mingw32/bin/../lib/gcc/nios2-elf/4.1.2/../../../../nios2-elf/lib/mno-hw-mul\libc.a(lib_a-__call_atexit.o)
 .bss           0x0200f634        0x0 ../DDS2_bsp/\libhal_bsp.a(alt_exit.o)
 *(COMMON)
 COMMON         0x0200f634      0x100 ../DDS2_bsp/\libhal_bsp.a(alt_irq_handler.o)
                0x0200f634                alt_irq
 COMMON         0x0200f734      0x190 c:/altera/13.0/nios2eds/bin/gnu/h-i686-mingw32/bin/../lib/gcc/nios2-elf/4.1.2/../../../../nios2-elf/lib/mno-hw-mul\libc.a(lib_a-atexit.o)
                0x0200f734                _atexit0
                0x0200f8c4                . = ALIGN (0x4)
                0x0200f8c4                __bss_end = ABSOLUTE (.)

.sdram          0x0200f8c4        0x0
                0x0200f8c4                PROVIDE (_alt_partition_sdram_start, ABSOLUTE (.))
 *(.sdram. sdram.*)
                0x0200f8c4                . = ALIGN (0x4)
                0x0200f8c4                PROVIDE (_alt_partition_sdram_end, ABSOLUTE (.))
                0x0200f8c4                _end = ABSOLUTE (.)
                0x0200f8c4                end = ABSOLUTE (.)
                0x0200f8c4                __alt_stack_base = ABSOLUTE (.)
                0x0200f8c4                PROVIDE (_alt_partition_sdram_load_addr, LOADADDR (.sdram))

.onchip_memory2_0
                0x040411b4        0x0
                0x040411b4                PROVIDE (_alt_partition_onchip_memory2_0_start, ABSOLUTE (.))
 *(.onchip_memory2_0. onchip_memory2_0.*)
                0x040411b4                . = ALIGN (0x4)
                0x040411b4                PROVIDE (_alt_partition_onchip_memory2_0_end, ABSOLUTE (.))
                0x040411b4                PROVIDE (_alt_partition_onchip_memory2_0_load_addr, LOADADDR (.onchip_memory2_0))

.epcs_flash_controller_0
                0x04043020        0x0
                0x04043020                PROVIDE (_alt_partition_epcs_flash_controller_0_start, ABSOLUTE (.))
 *(.epcs_flash_controller_0. epcs_flash_controller_0.*)
                0x04043020                . = ALIGN (0x4)
                0x04043020                PROVIDE (_alt_partition_epcs_flash_controller_0_end, ABSOLUTE (.))
                0x04043020                PROVIDE (_alt_partition_epcs_flash_controller_0_load_addr, LOADADDR (.epcs_flash_controller_0))

.stab
 *(.stab)

.stabstr
 *(.stabstr)

.stab.excl
 *(.stab.excl)

.stab.exclstr
 *(.stab.exclstr)

.stab.index
 *(.stab.index)

.stab.indexstr
 *(.stab.indexstr)

.comment        0x00000000       0x23
 *(.comment)
 .comment       0x00000000       0x23 obj/default/dds.o
                                 0x24 (size before relaxing)
 .comment       0x00000000       0x24 obj/default/key.o
 .comment       0x00000000       0x24 obj/default/lcd12864.o
 .comment       0x00000000       0x24 obj/default/main.o
 .comment       0x00000000       0x24 c:/altera/13.0/nios2eds/bin/gnu/h-i686-mingw32/bin/../lib/gcc/nios2-elf/4.1.2/mno-hw-mul\libgcc.a(_fixunsdfsi.o)
 .comment       0x00000000       0x24 c:/altera/13.0/nios2eds/bin/gnu/h-i686-mingw32/bin/../lib/gcc/nios2-elf/4.1.2/mno-hw-mul\libgcc.a(_fixunsdfdi.o)
 .comment       0x00000000       0x24 c:/altera/13.0/nios2eds/bin/gnu/h-i686-mingw32/bin/../lib/gcc/nios2-elf/4.1.2/mno-hw-mul\libgcc.a(_sf_to_df.o)
 .comment       0x00000000       0x24 c:/altera/13.0/nios2eds/bin/gnu/h-i686-mingw32/bin/../lib/gcc/nios2-elf/4.1.2/mno-hw-mul\libgcc.a(_usi_to_sf.o)
 .comment       0x00000000       0x24 c:/altera/13.0/nios2eds/bin/gnu/h-i686-mingw32/bin/../lib/gcc/nios2-elf/4.1.2/mno-hw-mul\libgcc.a(_addsub_df.o)
 .comment       0x00000000       0x24 c:/altera/13.0/nios2eds/bin/gnu/h-i686-mingw32/bin/../lib/gcc/nios2-elf/4.1.2/mno-hw-mul\libgcc.a(_mul_df.o)
 .comment       0x00000000       0x24 c:/altera/13.0/nios2eds/bin/gnu/h-i686-mingw32/bin/../lib/gcc/nios2-elf/4.1.2/mno-hw-mul\libgcc.a(_ge_df.o)
 .comment       0x00000000       0x24 c:/altera/13.0/nios2eds/bin/gnu/h-i686-mingw32/bin/../lib/gcc/nios2-elf/4.1.2/mno-hw-mul\libgcc.a(_df_to_si.o)
 .comment       0x00000000       0x24 c:/altera/13.0/nios2eds/bin/gnu/h-i686-mingw32/bin/../lib/gcc/nios2-elf/4.1.2/mno-hw-mul\libgcc.a(_make_df.o)
 .comment       0x00000000       0x24 c:/altera/13.0/nios2eds/bin/gnu/h-i686-mingw32/bin/../lib/gcc/nios2-elf/4.1.2/mno-hw-mul\libgcc.a(_thenan_df.o)
 .comment       0x00000000       0x24 c:/altera/13.0/nios2eds/bin/gnu/h-i686-mingw32/bin/../lib/gcc/nios2-elf/4.1.2/mno-hw-mul\libgcc.a(_usi_to_df.o)
 .comment       0x00000000       0x24 c:/altera/13.0/nios2eds/bin/gnu/h-i686-mingw32/bin/../lib/gcc/nios2-elf/4.1.2/mno-hw-mul\libgcc.a(lib2-divmod.o)
 .comment       0x00000000       0x24 c:/altera/13.0/nios2eds/bin/gnu/h-i686-mingw32/bin/../lib/gcc/nios2-elf/4.1.2/mno-hw-mul\libgcc.a(_muldi3.o)
 .comment       0x00000000       0x24 c:/altera/13.0/nios2eds/bin/gnu/h-i686-mingw32/bin/../lib/gcc/nios2-elf/4.1.2/mno-hw-mul\libgcc.a(_clzsi2.o)
 .comment       0x00000000       0x24 c:/altera/13.0/nios2eds/bin/gnu/h-i686-mingw32/bin/../lib/gcc/nios2-elf/4.1.2/mno-hw-mul\libgcc.a(_pack_sf.o)
 .comment       0x00000000       0x24 c:/altera/13.0/nios2eds/bin/gnu/h-i686-mingw32/bin/../lib/gcc/nios2-elf/4.1.2/mno-hw-mul\libgcc.a(_unpack_sf.o)
 .comment       0x00000000       0x24 c:/altera/13.0/nios2eds/bin/gnu/h-i686-mingw32/bin/../lib/gcc/nios2-elf/4.1.2/mno-hw-mul\libgcc.a(_pack_df.o)
 .comment       0x00000000       0x24 c:/altera/13.0/nios2eds/bin/gnu/h-i686-mingw32/bin/../lib/gcc/nios2-elf/4.1.2/mno-hw-mul\libgcc.a(_unpack_df.o)
 .comment       0x00000000       0x24 c:/altera/13.0/nios2eds/bin/gnu/h-i686-mingw32/bin/../lib/gcc/nios2-elf/4.1.2/mno-hw-mul\libgcc.a(_fpcmp_parts_df.o)
 .comment       0x00000000       0x24 c:/altera/13.0/nios2eds/bin/gnu/h-i686-mingw32/bin/../lib/gcc/nios2-elf/4.1.2/mno-hw-mul\libgcc.a(lib2-mul.o)
 .comment       0x00000000       0x24 c:/altera/13.0/nios2eds/bin/gnu/h-i686-mingw32/bin/../lib/gcc/nios2-elf/4.1.2/mno-hw-mul\libgcc.a(_clz.o)
 .comment       0x00000000       0x24 ../DDS2_bsp/\libhal_bsp.a(alt_main.o)
 .comment       0x00000000       0x24 ../DDS2_bsp/\libhal_bsp.a(alt_usleep.o)
 .comment       0x00000000       0x24 ../DDS2_bsp/\libhal_bsp.a(alt_sys_init.o)
 .comment       0x00000000       0x24 ../DDS2_bsp/\libhal_bsp.a(altera_avalon_epcs_flash_controller.o)
 .comment       0x00000000       0x24 ../DDS2_bsp/\libhal_bsp.a(altera_avalon_jtag_uart_fd.o)
 .comment       0x00000000       0x24 ../DDS2_bsp/\libhal_bsp.a(altera_avalon_jtag_uart_init.o)
 .comment       0x00000000       0x24 ../DDS2_bsp/\libhal_bsp.a(altera_avalon_jtag_uart_ioctl.o)
 .comment       0x00000000       0x24 ../DDS2_bsp/\libhal_bsp.a(altera_avalon_jtag_uart_read.o)
 .comment       0x00000000       0x24 ../DDS2_bsp/\libhal_bsp.a(altera_avalon_jtag_uart_write.o)
 .comment       0x00000000       0x24 ../DDS2_bsp/\libhal_bsp.a(epcs_commands.o)
 .comment       0x00000000       0x24 ../DDS2_bsp/\libhal_bsp.a(alt_alarm_start.o)
 .comment       0x00000000       0x24 ../DDS2_bsp/\libhal_bsp.a(alt_busy_sleep.o)
 .comment       0x00000000       0x24 ../DDS2_bsp/\libhal_bsp.a(alt_close.o)
 .comment       0x00000000       0x24 ../DDS2_bsp/\libhal_bsp.a(alt_dev.o)
 .comment       0x00000000       0x24 ../DDS2_bsp/\libhal_bsp.a(alt_dev_llist_insert.o)
 .comment       0x00000000       0x24 ../DDS2_bsp/\libhal_bsp.a(alt_do_ctors.o)
 .comment       0x00000000       0x24 ../DDS2_bsp/\libhal_bsp.a(alt_do_dtors.o)
 .comment       0x00000000       0x24 ../DDS2_bsp/\libhal_bsp.a(alt_errno.o)
 .comment       0x00000000       0x24 ../DDS2_bsp/\libhal_bsp.a(alt_flash_dev.o)
 .comment       0x00000000       0x24 ../DDS2_bsp/\libhal_bsp.a(alt_iic.o)
 .comment       0x00000000       0x24 ../DDS2_bsp/\libhal_bsp.a(alt_iic_isr_register.o)
 .comment       0x00000000       0x24 ../DDS2_bsp/\libhal_bsp.a(alt_io_redirect.o)
 .comment       0x00000000       0x24 ../DDS2_bsp/\libhal_bsp.a(alt_irq_handler.o)
 .comment       0x00000000       0x24 ../DDS2_bsp/\libhal_bsp.a(alt_irq_vars.o)
 .comment       0x00000000       0x24 ../DDS2_bsp/\libhal_bsp.a(alt_open.o)
 .comment       0x00000000       0x24 ../DDS2_bsp/\libhal_bsp.a(alt_release_fd.o)
 .comment       0x00000000       0x24 ../DDS2_bsp/\libhal_bsp.a(alt_tick.o)
 .comment       0x00000000       0x24 ../DDS2_bsp/\libhal_bsp.a(altera_nios2_qsys_irq.o)
 .comment       0x00000000       0x24 ../DDS2_bsp/\libhal_bsp.a(altera_avalon_spi.o)
 .comment       0x00000000       0x24 ../DDS2_bsp/\libhal_bsp.a(alt_find_dev.o)
 .comment       0x00000000       0x24 ../DDS2_bsp/\libhal_bsp.a(alt_find_file.o)
 .comment       0x00000000       0x24 ../DDS2_bsp/\libhal_bsp.a(alt_get_fd.o)
 .comment       0x00000000       0x24 c:/altera/13.0/nios2eds/bin/gnu/h-i686-mingw32/bin/../lib/gcc/nios2-elf/4.1.2/../../../../nios2-elf/lib/mno-hw-mul\libc.a(lib_a-atexit.o)
 .comment       0x00000000       0x24 c:/altera/13.0/nios2eds/bin/gnu/h-i686-mingw32/bin/../lib/gcc/nios2-elf/4.1.2/../../../../nios2-elf/lib/mno-hw-mul\libc.a(lib_a-exit.o)
 .comment       0x00000000       0x24 c:/altera/13.0/nios2eds/bin/gnu/h-i686-mingw32/bin/../lib/gcc/nios2-elf/4.1.2/../../../../nios2-elf/lib/mno-hw-mul\libc.a(lib_a-impure.o)
 .comment       0x00000000       0x24 c:/altera/13.0/nios2eds/bin/gnu/h-i686-mingw32/bin/../lib/gcc/nios2-elf/4.1.2/../../../../nios2-elf/lib/mno-hw-mul\libc.a(lib_a-int_errno.o)
 .comment       0x00000000       0x24 c:/altera/13.0/nios2eds/bin/gnu/h-i686-mingw32/bin/../lib/gcc/nios2-elf/4.1.2/../../../../nios2-elf/lib/mno-hw-mul\libc.a(lib_a-memcmp.o)
 .comment       0x00000000       0x24 c:/altera/13.0/nios2eds/bin/gnu/h-i686-mingw32/bin/../lib/gcc/nios2-elf/4.1.2/../../../../nios2-elf/lib/mno-hw-mul\libc.a(lib_a-memcpy.o)
 .comment       0x00000000       0x24 c:/altera/13.0/nios2eds/bin/gnu/h-i686-mingw32/bin/../lib/gcc/nios2-elf/4.1.2/../../../../nios2-elf/lib/mno-hw-mul\libc.a(lib_a-strlen.o)
 .comment       0x00000000       0x24 c:/altera/13.0/nios2eds/bin/gnu/h-i686-mingw32/bin/../lib/gcc/nios2-elf/4.1.2/../../../../nios2-elf/lib/mno-hw-mul\libc.a(lib_a-__atexit.o)
 .comment       0x00000000       0x24 c:/altera/13.0/nios2eds/bin/gnu/h-i686-mingw32/bin/../lib/gcc/nios2-elf/4.1.2/../../../../nios2-elf/lib/mno-hw-mul\libc.a(lib_a-__call_atexit.o)
 .comment       0x00000000       0x24 ../DDS2_bsp/\libhal_bsp.a(alt_exit.o)

.debug
 *(.debug)

.line
 *(.line)

.debug_srcinfo
 *(.debug_srcinfo)

.debug_sfnames
 *(.debug_sfnames)

.debug_aranges  0x00000000      0x830
 *(.debug_aranges)
 .debug_aranges
                0x00000000       0x20 ../DDS2_bsp//obj/HAL/src/crt0.o
 .debug_aranges
                0x00000020       0x20 obj/default/dds.o
 .debug_aranges
                0x00000040       0x20 obj/default/key.o
 .debug_aranges
                0x00000060       0x20 obj/default/lcd12864.o
 .debug_aranges
                0x00000080       0x20 obj/default/main.o
 .debug_aranges
                0x000000a0       0x20 c:/altera/13.0/nios2eds/bin/gnu/h-i686-mingw32/bin/../lib/gcc/nios2-elf/4.1.2/mno-hw-mul\libgcc.a(_fixunsdfsi.o)
 .debug_aranges
                0x000000c0       0x20 c:/altera/13.0/nios2eds/bin/gnu/h-i686-mingw32/bin/../lib/gcc/nios2-elf/4.1.2/mno-hw-mul\libgcc.a(_fixunsdfdi.o)
 .debug_aranges
                0x000000e0       0x20 c:/altera/13.0/nios2eds/bin/gnu/h-i686-mingw32/bin/../lib/gcc/nios2-elf/4.1.2/mno-hw-mul\libgcc.a(_sf_to_df.o)
 .debug_aranges
                0x00000100       0x20 c:/altera/13.0/nios2eds/bin/gnu/h-i686-mingw32/bin/../lib/gcc/nios2-elf/4.1.2/mno-hw-mul\libgcc.a(_usi_to_sf.o)
 .debug_aranges
                0x00000120       0x20 c:/altera/13.0/nios2eds/bin/gnu/h-i686-mingw32/bin/../lib/gcc/nios2-elf/4.1.2/mno-hw-mul\libgcc.a(_addsub_df.o)
 .debug_aranges
                0x00000140       0x20 c:/altera/13.0/nios2eds/bin/gnu/h-i686-mingw32/bin/../lib/gcc/nios2-elf/4.1.2/mno-hw-mul\libgcc.a(_mul_df.o)
 .debug_aranges
                0x00000160       0x20 c:/altera/13.0/nios2eds/bin/gnu/h-i686-mingw32/bin/../lib/gcc/nios2-elf/4.1.2/mno-hw-mul\libgcc.a(_ge_df.o)
 .debug_aranges
                0x00000180       0x20 c:/altera/13.0/nios2eds/bin/gnu/h-i686-mingw32/bin/../lib/gcc/nios2-elf/4.1.2/mno-hw-mul\libgcc.a(_df_to_si.o)
 .debug_aranges
                0x000001a0       0x20 c:/altera/13.0/nios2eds/bin/gnu/h-i686-mingw32/bin/../lib/gcc/nios2-elf/4.1.2/mno-hw-mul\libgcc.a(_make_df.o)
 .debug_aranges
                0x000001c0       0x20 c:/altera/13.0/nios2eds/bin/gnu/h-i686-mingw32/bin/../lib/gcc/nios2-elf/4.1.2/mno-hw-mul\libgcc.a(_usi_to_df.o)
 .debug_aranges
                0x000001e0       0x20 c:/altera/13.0/nios2eds/bin/gnu/h-i686-mingw32/bin/../lib/gcc/nios2-elf/4.1.2/mno-hw-mul\libgcc.a(lib2-divmod.o)
 .debug_aranges
                0x00000200       0x20 c:/altera/13.0/nios2eds/bin/gnu/h-i686-mingw32/bin/../lib/gcc/nios2-elf/4.1.2/mno-hw-mul\libgcc.a(_muldi3.o)
 .debug_aranges
                0x00000220       0x20 c:/altera/13.0/nios2eds/bin/gnu/h-i686-mingw32/bin/../lib/gcc/nios2-elf/4.1.2/mno-hw-mul\libgcc.a(_clzsi2.o)
 .debug_aranges
                0x00000240       0x20 c:/altera/13.0/nios2eds/bin/gnu/h-i686-mingw32/bin/../lib/gcc/nios2-elf/4.1.2/mno-hw-mul\libgcc.a(_pack_sf.o)
 .debug_aranges
                0x00000260       0x20 c:/altera/13.0/nios2eds/bin/gnu/h-i686-mingw32/bin/../lib/gcc/nios2-elf/4.1.2/mno-hw-mul\libgcc.a(_unpack_sf.o)
 .debug_aranges
                0x00000280       0x20 c:/altera/13.0/nios2eds/bin/gnu/h-i686-mingw32/bin/../lib/gcc/nios2-elf/4.1.2/mno-hw-mul\libgcc.a(_pack_df.o)
 .debug_aranges
                0x000002a0       0x20 c:/altera/13.0/nios2eds/bin/gnu/h-i686-mingw32/bin/../lib/gcc/nios2-elf/4.1.2/mno-hw-mul\libgcc.a(_unpack_df.o)
 .debug_aranges
                0x000002c0       0x20 c:/altera/13.0/nios2eds/bin/gnu/h-i686-mingw32/bin/../lib/gcc/nios2-elf/4.1.2/mno-hw-mul\libgcc.a(_fpcmp_parts_df.o)
 .debug_aranges
                0x000002e0       0x20 c:/altera/13.0/nios2eds/bin/gnu/h-i686-mingw32/bin/../lib/gcc/nios2-elf/4.1.2/mno-hw-mul\libgcc.a(lib2-mul.o)
 .debug_aranges
                0x00000300       0x20 ../DDS2_bsp/\libhal_bsp.a(alt_main.o)
 .debug_aranges
                0x00000320       0x20 ../DDS2_bsp/\libhal_bsp.a(alt_usleep.o)
 .debug_aranges
                0x00000340       0x20 ../DDS2_bsp/\libhal_bsp.a(alt_sys_init.o)
 .debug_aranges
                0x00000360       0x20 ../DDS2_bsp/\libhal_bsp.a(altera_avalon_epcs_flash_controller.o)
 .debug_aranges
                0x00000380       0x20 ../DDS2_bsp/\libhal_bsp.a(altera_avalon_jtag_uart_fd.o)
 .debug_aranges
                0x000003a0       0x20 ../DDS2_bsp/\libhal_bsp.a(altera_avalon_jtag_uart_init.o)
 .debug_aranges
                0x000003c0       0x20 ../DDS2_bsp/\libhal_bsp.a(altera_avalon_jtag_uart_ioctl.o)
 .debug_aranges
                0x000003e0       0x20 ../DDS2_bsp/\libhal_bsp.a(altera_avalon_jtag_uart_read.o)
 .debug_aranges
                0x00000400       0x20 ../DDS2_bsp/\libhal_bsp.a(altera_avalon_jtag_uart_write.o)
 .debug_aranges
                0x00000420       0x20 ../DDS2_bsp/\libhal_bsp.a(epcs_commands.o)
 .debug_aranges
                0x00000440       0x20 ../DDS2_bsp/\libhal_bsp.a(alt_alarm_start.o)
 .debug_aranges
                0x00000460       0x20 ../DDS2_bsp/\libhal_bsp.a(alt_busy_sleep.o)
 .debug_aranges
                0x00000480       0x20 ../DDS2_bsp/\libhal_bsp.a(alt_close.o)
 .debug_aranges
                0x000004a0       0x20 ../DDS2_bsp/\libhal_bsp.a(alt_dev.o)
 .debug_aranges
                0x000004c0       0x20 ../DDS2_bsp/\libhal_bsp.a(alt_dev_llist_insert.o)
 .debug_aranges
                0x000004e0       0x20 ../DDS2_bsp/\libhal_bsp.a(alt_do_ctors.o)
 .debug_aranges
                0x00000500       0x20 ../DDS2_bsp/\libhal_bsp.a(alt_do_dtors.o)
 .debug_aranges
                0x00000520       0x20 ../DDS2_bsp/\libhal_bsp.a(alt_flash_dev.o)
 .debug_aranges
                0x00000540       0x20 ../DDS2_bsp/\libhal_bsp.a(alt_iic.o)
 .debug_aranges
                0x00000560       0x20 ../DDS2_bsp/\libhal_bsp.a(alt_iic_isr_register.o)
 .debug_aranges
                0x00000580       0x20 ../DDS2_bsp/\libhal_bsp.a(alt_io_redirect.o)
 .debug_aranges
                0x000005a0       0x30 ../DDS2_bsp/\libhal_bsp.a(alt_irq_entry.o)
 .debug_aranges
                0x000005d0       0x28 ../DDS2_bsp/\libhal_bsp.a(alt_irq_handler.o)
 .debug_aranges
                0x000005f8       0x20 ../DDS2_bsp/\libhal_bsp.a(alt_open.o)
 .debug_aranges
                0x00000618       0x20 ../DDS2_bsp/\libhal_bsp.a(alt_release_fd.o)
 .debug_aranges
                0x00000638       0x20 ../DDS2_bsp/\libhal_bsp.a(alt_tick.o)
 .debug_aranges
                0x00000658       0x20 ../DDS2_bsp/\libhal_bsp.a(altera_nios2_qsys_irq.o)
 .debug_aranges
                0x00000678       0x20 ../DDS2_bsp/\libhal_bsp.a(altera_avalon_spi.o)
 .debug_aranges
                0x00000698       0x38 ../DDS2_bsp/\libhal_bsp.a(alt_exception_entry.o)
 .debug_aranges
                0x000006d0       0x20 ../DDS2_bsp/\libhal_bsp.a(alt_find_dev.o)
 .debug_aranges
                0x000006f0       0x20 ../DDS2_bsp/\libhal_bsp.a(alt_find_file.o)
 .debug_aranges
                0x00000710       0x20 ../DDS2_bsp/\libhal_bsp.a(alt_get_fd.o)
 .debug_aranges
                0x00000730       0x20 c:/altera/13.0/nios2eds/bin/gnu/h-i686-mingw32/bin/../lib/gcc/nios2-elf/4.1.2/../../../../nios2-elf/lib/mno-hw-mul\libc.a(lib_a-atexit.o)
 .debug_aranges
                0x00000750       0x20 c:/altera/13.0/nios2eds/bin/gnu/h-i686-mingw32/bin/../lib/gcc/nios2-elf/4.1.2/../../../../nios2-elf/lib/mno-hw-mul\libc.a(lib_a-exit.o)
 .debug_aranges
                0x00000770       0x20 c:/altera/13.0/nios2eds/bin/gnu/h-i686-mingw32/bin/../lib/gcc/nios2-elf/4.1.2/../../../../nios2-elf/lib/mno-hw-mul\libc.a(lib_a-memcmp.o)
 .debug_aranges
                0x00000790       0x20 c:/altera/13.0/nios2eds/bin/gnu/h-i686-mingw32/bin/../lib/gcc/nios2-elf/4.1.2/../../../../nios2-elf/lib/mno-hw-mul\libc.a(lib_a-memcpy.o)
 .debug_aranges
                0x000007b0       0x20 c:/altera/13.0/nios2eds/bin/gnu/h-i686-mingw32/bin/../lib/gcc/nios2-elf/4.1.2/../../../../nios2-elf/lib/mno-hw-mul\libc.a(lib_a-strlen.o)
 .debug_aranges
                0x000007d0       0x20 c:/altera/13.0/nios2eds/bin/gnu/h-i686-mingw32/bin/../lib/gcc/nios2-elf/4.1.2/../../../../nios2-elf/lib/mno-hw-mul\libc.a(lib_a-__atexit.o)
 .debug_aranges
                0x000007f0       0x20 c:/altera/13.0/nios2eds/bin/gnu/h-i686-mingw32/bin/../lib/gcc/nios2-elf/4.1.2/../../../../nios2-elf/lib/mno-hw-mul\libc.a(lib_a-__call_atexit.o)
 .debug_aranges
                0x00000810       0x20 ../DDS2_bsp/\libhal_bsp.a(alt_exit.o)

.debug_pubnames
                0x00000000      0xdb8
 *(.debug_pubnames)
 .debug_pubnames
                0x00000000       0x96 obj/default/dds.o
 .debug_pubnames
                0x00000096       0x1a obj/default/key.o
 .debug_pubnames
                0x000000b0       0x67 obj/default/lcd12864.o
 .debug_pubnames
                0x00000117       0x1b obj/default/main.o
 .debug_pubnames
                0x00000132       0x23 c:/altera/13.0/nios2eds/bin/gnu/h-i686-mingw32/bin/../lib/gcc/nios2-elf/4.1.2/mno-hw-mul\libgcc.a(_fixunsdfsi.o)
 .debug_pubnames
                0x00000155       0x23 c:/altera/13.0/nios2eds/bin/gnu/h-i686-mingw32/bin/../lib/gcc/nios2-elf/4.1.2/mno-hw-mul\libgcc.a(_fixunsdfdi.o)
 .debug_pubnames
                0x00000178       0x24 c:/altera/13.0/nios2eds/bin/gnu/h-i686-mingw32/bin/../lib/gcc/nios2-elf/4.1.2/mno-hw-mul\libgcc.a(_sf_to_df.o)
 .debug_pubnames
                0x0000019c       0x24 c:/altera/13.0/nios2eds/bin/gnu/h-i686-mingw32/bin/../lib/gcc/nios2-elf/4.1.2/mno-hw-mul\libgcc.a(_usi_to_sf.o)
 .debug_pubnames
                0x000001c0       0x2c c:/altera/13.0/nios2eds/bin/gnu/h-i686-mingw32/bin/../lib/gcc/nios2-elf/4.1.2/mno-hw-mul\libgcc.a(_addsub_df.o)
 .debug_pubnames
                0x000001ec       0x1f c:/altera/13.0/nios2eds/bin/gnu/h-i686-mingw32/bin/../lib/gcc/nios2-elf/4.1.2/mno-hw-mul\libgcc.a(_mul_df.o)
 .debug_pubnames
                0x0000020b       0x1e c:/altera/13.0/nios2eds/bin/gnu/h-i686-mingw32/bin/../lib/gcc/nios2-elf/4.1.2/mno-hw-mul\libgcc.a(_ge_df.o)
 .debug_pubnames
                0x00000229       0x20 c:/altera/13.0/nios2eds/bin/gnu/h-i686-mingw32/bin/../lib/gcc/nios2-elf/4.1.2/mno-hw-mul\libgcc.a(_df_to_si.o)
 .debug_pubnames
                0x00000249       0x20 c:/altera/13.0/nios2eds/bin/gnu/h-i686-mingw32/bin/../lib/gcc/nios2-elf/4.1.2/mno-hw-mul\libgcc.a(_make_df.o)
 .debug_pubnames
                0x00000269       0x22 c:/altera/13.0/nios2eds/bin/gnu/h-i686-mingw32/bin/../lib/gcc/nios2-elf/4.1.2/mno-hw-mul\libgcc.a(_thenan_df.o)
 .debug_pubnames
                0x0000028b       0x24 c:/altera/13.0/nios2eds/bin/gnu/h-i686-mingw32/bin/../lib/gcc/nios2-elf/4.1.2/mno-hw-mul\libgcc.a(_usi_to_df.o)
 .debug_pubnames
                0x000002af       0x48 c:/altera/13.0/nios2eds/bin/gnu/h-i686-mingw32/bin/../lib/gcc/nios2-elf/4.1.2/mno-hw-mul\libgcc.a(lib2-divmod.o)
 .debug_pubnames
                0x000002f7       0x1f c:/altera/13.0/nios2eds/bin/gnu/h-i686-mingw32/bin/../lib/gcc/nios2-elf/4.1.2/mno-hw-mul\libgcc.a(_muldi3.o)
 .debug_pubnames
                0x00000316       0x1f c:/altera/13.0/nios2eds/bin/gnu/h-i686-mingw32/bin/../lib/gcc/nios2-elf/4.1.2/mno-hw-mul\libgcc.a(_clzsi2.o)
 .debug_pubnames
                0x00000335       0x1f c:/altera/13.0/nios2eds/bin/gnu/h-i686-mingw32/bin/../lib/gcc/nios2-elf/4.1.2/mno-hw-mul\libgcc.a(_pack_sf.o)
 .debug_pubnames
                0x00000354       0x21 c:/altera/13.0/nios2eds/bin/gnu/h-i686-mingw32/bin/../lib/gcc/nios2-elf/4.1.2/mno-hw-mul\libgcc.a(_unpack_sf.o)
 .debug_pubnames
                0x00000375       0x1f c:/altera/13.0/nios2eds/bin/gnu/h-i686-mingw32/bin/../lib/gcc/nios2-elf/4.1.2/mno-hw-mul\libgcc.a(_pack_df.o)
 .debug_pubnames
                0x00000394       0x21 c:/altera/13.0/nios2eds/bin/gnu/h-i686-mingw32/bin/../lib/gcc/nios2-elf/4.1.2/mno-hw-mul\libgcc.a(_unpack_df.o)
 .debug_pubnames
                0x000003b5       0x26 c:/altera/13.0/nios2eds/bin/gnu/h-i686-mingw32/bin/../lib/gcc/nios2-elf/4.1.2/mno-hw-mul\libgcc.a(_fpcmp_parts_df.o)
 .debug_pubnames
                0x000003db       0x1f c:/altera/13.0/nios2eds/bin/gnu/h-i686-mingw32/bin/../lib/gcc/nios2-elf/4.1.2/mno-hw-mul\libgcc.a(lib2-mul.o)
 .debug_pubnames
                0x000003fa       0x20 c:/altera/13.0/nios2eds/bin/gnu/h-i686-mingw32/bin/../lib/gcc/nios2-elf/4.1.2/mno-hw-mul\libgcc.a(_clz.o)
 .debug_pubnames
                0x0000041a       0x46 ../DDS2_bsp/\libhal_bsp.a(alt_main.o)
 .debug_pubnames
                0x00000460       0x1d ../DDS2_bsp/\libhal_bsp.a(alt_usleep.o)
 .debug_pubnames
                0x0000047d       0x34 ../DDS2_bsp/\libhal_bsp.a(alt_sys_init.o)
 .debug_pubnames
                0x000004b1       0xb5 ../DDS2_bsp/\libhal_bsp.a(altera_avalon_epcs_flash_controller.o)
 .debug_pubnames
                0x00000566       0xa5 ../DDS2_bsp/\libhal_bsp.a(altera_avalon_jtag_uart_fd.o)
 .debug_pubnames
                0x0000060b       0x55 ../DDS2_bsp/\libhal_bsp.a(altera_avalon_jtag_uart_init.o)
 .debug_pubnames
                0x00000660       0x34 ../DDS2_bsp/\libhal_bsp.a(altera_avalon_jtag_uart_ioctl.o)
 .debug_pubnames
                0x00000694       0x33 ../DDS2_bsp/\libhal_bsp.a(altera_avalon_jtag_uart_read.o)
 .debug_pubnames
                0x000006c7       0x34 ../DDS2_bsp/\libhal_bsp.a(altera_avalon_jtag_uart_write.o)
 .debug_pubnames
                0x000006fb      0x118 ../DDS2_bsp/\libhal_bsp.a(epcs_commands.o)
 .debug_pubnames
                0x00000813       0x26 ../DDS2_bsp/\libhal_bsp.a(alt_alarm_start.o)
 .debug_pubnames
                0x00000839       0x25 ../DDS2_bsp/\libhal_bsp.a(alt_busy_sleep.o)
 .debug_pubnames
                0x0000085e       0x1c ../DDS2_bsp/\libhal_bsp.a(alt_close.o)
 .debug_pubnames
                0x0000087a       0x63 ../DDS2_bsp/\libhal_bsp.a(alt_dev.o)
 .debug_pubnames
                0x000008dd       0x2b ../DDS2_bsp/\libhal_bsp.a(alt_dev_llist_insert.o)
 .debug_pubnames
                0x00000908       0x20 ../DDS2_bsp/\libhal_bsp.a(alt_do_ctors.o)
 .debug_pubnames
                0x00000928       0x20 ../DDS2_bsp/\libhal_bsp.a(alt_do_dtors.o)
 .debug_pubnames
                0x00000948       0x20 ../DDS2_bsp/\libhal_bsp.a(alt_errno.o)
 .debug_pubnames
                0x00000968       0x58 ../DDS2_bsp/\libhal_bsp.a(alt_flash_dev.o)
 .debug_pubnames
                0x000009c0       0x6e ../DDS2_bsp/\libhal_bsp.a(alt_iic.o)
 .debug_pubnames
                0x00000a2e       0x2b ../DDS2_bsp/\libhal_bsp.a(alt_iic_isr_register.o)
 .debug_pubnames
                0x00000a59       0x26 ../DDS2_bsp/\libhal_bsp.a(alt_io_redirect.o)
 .debug_pubnames
                0x00000a7f       0x32 ../DDS2_bsp/\libhal_bsp.a(alt_irq_handler.o)
 .debug_pubnames
                0x00000ab1       0x3b ../DDS2_bsp/\libhal_bsp.a(alt_irq_vars.o)
 .debug_pubnames
                0x00000aec       0x1b ../DDS2_bsp/\libhal_bsp.a(alt_open.o)
 .debug_pubnames
                0x00000b07       0x25 ../DDS2_bsp/\libhal_bsp.a(alt_release_fd.o)
 .debug_pubnames
                0x00000b2c       0x68 ../DDS2_bsp/\libhal_bsp.a(alt_tick.o)
 .debug_pubnames
                0x00000b94       0x31 ../DDS2_bsp/\libhal_bsp.a(altera_nios2_qsys_irq.o)
 .debug_pubnames
                0x00000bc5       0x2d ../DDS2_bsp/\libhal_bsp.a(altera_avalon_spi.o)
 .debug_pubnames
                0x00000bf2       0x23 ../DDS2_bsp/\libhal_bsp.a(alt_find_dev.o)
 .debug_pubnames
                0x00000c15       0x24 ../DDS2_bsp/\libhal_bsp.a(alt_find_file.o)
 .debug_pubnames
                0x00000c39       0x21 ../DDS2_bsp/\libhal_bsp.a(alt_get_fd.o)
 .debug_pubnames
                0x00000c5a       0x2a c:/altera/13.0/nios2eds/bin/gnu/h-i686-mingw32/bin/../lib/gcc/nios2-elf/4.1.2/../../../../nios2-elf/lib/mno-hw-mul\libc.a(lib_a-atexit.o)
 .debug_pubnames
                0x00000c84       0x1b c:/altera/13.0/nios2eds/bin/gnu/h-i686-mingw32/bin/../lib/gcc/nios2-elf/4.1.2/../../../../nios2-elf/lib/mno-hw-mul\libc.a(lib_a-exit.o)
 .debug_pubnames
                0x00000c9f       0x39 c:/altera/13.0/nios2eds/bin/gnu/h-i686-mingw32/bin/../lib/gcc/nios2-elf/4.1.2/../../../../nios2-elf/lib/mno-hw-mul\libc.a(lib_a-impure.o)
 .debug_pubnames
                0x00000cd8       0x1c c:/altera/13.0/nios2eds/bin/gnu/h-i686-mingw32/bin/../lib/gcc/nios2-elf/4.1.2/../../../../nios2-elf/lib/mno-hw-mul\libc.a(lib_a-int_errno.o)
 .debug_pubnames
                0x00000cf4       0x1d c:/altera/13.0/nios2eds/bin/gnu/h-i686-mingw32/bin/../lib/gcc/nios2-elf/4.1.2/../../../../nios2-elf/lib/mno-hw-mul\libc.a(lib_a-memcmp.o)
 .debug_pubnames
                0x00000d11       0x1d c:/altera/13.0/nios2eds/bin/gnu/h-i686-mingw32/bin/../lib/gcc/nios2-elf/4.1.2/../../../../nios2-elf/lib/mno-hw-mul\libc.a(lib_a-memcpy.o)
 .debug_pubnames
                0x00000d2e       0x1d c:/altera/13.0/nios2eds/bin/gnu/h-i686-mingw32/bin/../lib/gcc/nios2-elf/4.1.2/../../../../nios2-elf/lib/mno-hw-mul\libc.a(lib_a-strlen.o)
 .debug_pubnames
                0x00000d4b       0x2a c:/altera/13.0/nios2eds/bin/gnu/h-i686-mingw32/bin/../lib/gcc/nios2-elf/4.1.2/../../../../nios2-elf/lib/mno-hw-mul\libc.a(lib_a-__atexit.o)
 .debug_pubnames
                0x00000d75       0x27 c:/altera/13.0/nios2eds/bin/gnu/h-i686-mingw32/bin/../lib/gcc/nios2-elf/4.1.2/../../../../nios2-elf/lib/mno-hw-mul\libc.a(lib_a-__call_atexit.o)
 .debug_pubnames
                0x00000d9c       0x1c ../DDS2_bsp/\libhal_bsp.a(alt_exit.o)

.debug_info     0x00000000     0xe6cc
 *(.debug_info .gnu.linkonce.wi.*)
 .debug_info    0x00000000       0x54 ../DDS2_bsp//obj/HAL/src/crt0.o
 .debug_info    0x00000054      0x30e obj/default/dds.o
 .debug_info    0x00000362      0x13c obj/default/key.o
 .debug_info    0x0000049e      0x1fa obj/default/lcd12864.o
 .debug_info    0x00000698      0x132 obj/default/main.o
 .debug_info    0x000007ca       0xce c:/altera/13.0/nios2eds/bin/gnu/h-i686-mingw32/bin/../lib/gcc/nios2-elf/4.1.2/mno-hw-mul\libgcc.a(_fixunsdfsi.o)
 .debug_info    0x00000898       0xfc c:/altera/13.0/nios2eds/bin/gnu/h-i686-mingw32/bin/../lib/gcc/nios2-elf/4.1.2/mno-hw-mul\libgcc.a(_fixunsdfdi.o)
 .debug_info    0x00000994      0x245 c:/altera/13.0/nios2eds/bin/gnu/h-i686-mingw32/bin/../lib/gcc/nios2-elf/4.1.2/mno-hw-mul\libgcc.a(_sf_to_df.o)
 .debug_info    0x00000bd9      0x213 c:/altera/13.0/nios2eds/bin/gnu/h-i686-mingw32/bin/../lib/gcc/nios2-elf/4.1.2/mno-hw-mul\libgcc.a(_usi_to_sf.o)
 .debug_info    0x00000dec      0x493 c:/altera/13.0/nios2eds/bin/gnu/h-i686-mingw32/bin/../lib/gcc/nios2-elf/4.1.2/mno-hw-mul\libgcc.a(_addsub_df.o)
 .debug_info    0x0000127f      0x488 c:/altera/13.0/nios2eds/bin/gnu/h-i686-mingw32/bin/../lib/gcc/nios2-elf/4.1.2/mno-hw-mul\libgcc.a(_mul_df.o)
 .debug_info    0x00001707      0x29d c:/altera/13.0/nios2eds/bin/gnu/h-i686-mingw32/bin/../lib/gcc/nios2-elf/4.1.2/mno-hw-mul\libgcc.a(_ge_df.o)
 .debug_info    0x000019a4      0x2cd c:/altera/13.0/nios2eds/bin/gnu/h-i686-mingw32/bin/../lib/gcc/nios2-elf/4.1.2/mno-hw-mul\libgcc.a(_df_to_si.o)
 .debug_info    0x00001c71      0x1d6 c:/altera/13.0/nios2eds/bin/gnu/h-i686-mingw32/bin/../lib/gcc/nios2-elf/4.1.2/mno-hw-mul\libgcc.a(_make_df.o)
 .debug_info    0x00001e47      0x164 c:/altera/13.0/nios2eds/bin/gnu/h-i686-mingw32/bin/../lib/gcc/nios2-elf/4.1.2/mno-hw-mul\libgcc.a(_thenan_df.o)
 .debug_info    0x00001fab      0x213 c:/altera/13.0/nios2eds/bin/gnu/h-i686-mingw32/bin/../lib/gcc/nios2-elf/4.1.2/mno-hw-mul\libgcc.a(_usi_to_df.o)
 .debug_info    0x000021be      0x21c c:/altera/13.0/nios2eds/bin/gnu/h-i686-mingw32/bin/../lib/gcc/nios2-elf/4.1.2/mno-hw-mul\libgcc.a(lib2-divmod.o)
 .debug_info    0x000023da      0x210 c:/altera/13.0/nios2eds/bin/gnu/h-i686-mingw32/bin/../lib/gcc/nios2-elf/4.1.2/mno-hw-mul\libgcc.a(_muldi3.o)
 .debug_info    0x000025ea      0x130 c:/altera/13.0/nios2eds/bin/gnu/h-i686-mingw32/bin/../lib/gcc/nios2-elf/4.1.2/mno-hw-mul\libgcc.a(_clzsi2.o)
 .debug_info    0x0000271a      0x2f2 c:/altera/13.0/nios2eds/bin/gnu/h-i686-mingw32/bin/../lib/gcc/nios2-elf/4.1.2/mno-hw-mul\libgcc.a(_pack_sf.o)
 .debug_info    0x00002a0c      0x25a c:/altera/13.0/nios2eds/bin/gnu/h-i686-mingw32/bin/../lib/gcc/nios2-elf/4.1.2/mno-hw-mul\libgcc.a(_unpack_sf.o)
 .debug_info    0x00002c66      0x2fc c:/altera/13.0/nios2eds/bin/gnu/h-i686-mingw32/bin/../lib/gcc/nios2-elf/4.1.2/mno-hw-mul\libgcc.a(_pack_df.o)
 .debug_info    0x00002f62      0x268 c:/altera/13.0/nios2eds/bin/gnu/h-i686-mingw32/bin/../lib/gcc/nios2-elf/4.1.2/mno-hw-mul\libgcc.a(_unpack_df.o)
 .debug_info    0x000031ca      0x21b c:/altera/13.0/nios2eds/bin/gnu/h-i686-mingw32/bin/../lib/gcc/nios2-elf/4.1.2/mno-hw-mul\libgcc.a(_fpcmp_parts_df.o)
 .debug_info    0x000033e5       0xf3 c:/altera/13.0/nios2eds/bin/gnu/h-i686-mingw32/bin/../lib/gcc/nios2-elf/4.1.2/mno-hw-mul\libgcc.a(lib2-mul.o)
 .debug_info    0x000034d8       0xc9 c:/altera/13.0/nios2eds/bin/gnu/h-i686-mingw32/bin/../lib/gcc/nios2-elf/4.1.2/mno-hw-mul\libgcc.a(_clz.o)
 .debug_info    0x000035a1      0x1fa ../DDS2_bsp/\libhal_bsp.a(alt_main.o)
 .debug_info    0x0000379b      0x13d ../DDS2_bsp/\libhal_bsp.a(alt_usleep.o)
 .debug_info    0x000038d8      0xac2 ../DDS2_bsp/\libhal_bsp.a(alt_sys_init.o)
 .debug_info    0x0000439a      0xb7e ../DDS2_bsp/\libhal_bsp.a(altera_avalon_epcs_flash_controller.o)
 .debug_info    0x00004f18      0x7ae ../DDS2_bsp/\libhal_bsp.a(altera_avalon_jtag_uart_fd.o)
 .debug_info    0x000056c6      0x5d6 ../DDS2_bsp/\libhal_bsp.a(altera_avalon_jtag_uart_init.o)
 .debug_info    0x00005c9c      0x418 ../DDS2_bsp/\libhal_bsp.a(altera_avalon_jtag_uart_ioctl.o)
 .debug_info    0x000060b4      0x51b ../DDS2_bsp/\libhal_bsp.a(altera_avalon_jtag_uart_read.o)
 .debug_info    0x000065cf      0x513 ../DDS2_bsp/\libhal_bsp.a(altera_avalon_jtag_uart_write.o)
 .debug_info    0x00006ae2      0x611 ../DDS2_bsp/\libhal_bsp.a(epcs_commands.o)
 .debug_info    0x000070f3      0x417 ../DDS2_bsp/\libhal_bsp.a(alt_alarm_start.o)
 .debug_info    0x0000750a      0x180 ../DDS2_bsp/\libhal_bsp.a(alt_busy_sleep.o)
 .debug_info    0x0000768a      0x43c ../DDS2_bsp/\libhal_bsp.a(alt_close.o)
 .debug_info    0x00007ac6      0x654 ../DDS2_bsp/\libhal_bsp.a(alt_dev.o)
 .debug_info    0x0000811a      0x28c ../DDS2_bsp/\libhal_bsp.a(alt_dev_llist_insert.o)
 .debug_info    0x000083a6       0xe4 ../DDS2_bsp/\libhal_bsp.a(alt_do_ctors.o)
 .debug_info    0x0000848a       0xe3 ../DDS2_bsp/\libhal_bsp.a(alt_do_dtors.o)
 .debug_info    0x0000856d      0x139 ../DDS2_bsp/\libhal_bsp.a(alt_errno.o)
 .debug_info    0x000086a6      0x56e ../DDS2_bsp/\libhal_bsp.a(alt_flash_dev.o)
 .debug_info    0x00008c14      0x468 ../DDS2_bsp/\libhal_bsp.a(alt_iic.o)
 .debug_info    0x0000907c      0x2e9 ../DDS2_bsp/\libhal_bsp.a(alt_iic_isr_register.o)
 .debug_info    0x00009365      0x66a ../DDS2_bsp/\libhal_bsp.a(alt_io_redirect.o)
 .debug_info    0x000099cf       0x59 ../DDS2_bsp/\libhal_bsp.a(alt_irq_entry.o)
 .debug_info    0x00009a28      0x24a ../DDS2_bsp/\libhal_bsp.a(alt_irq_handler.o)
 .debug_info    0x00009c72      0x13c ../DDS2_bsp/\libhal_bsp.a(alt_irq_vars.o)
 .debug_info    0x00009dae      0x4fa ../DDS2_bsp/\libhal_bsp.a(alt_open.o)
 .debug_info    0x0000a2a8      0x3c7 ../DDS2_bsp/\libhal_bsp.a(alt_release_fd.o)
 .debug_info    0x0000a66f      0x3d3 ../DDS2_bsp/\libhal_bsp.a(alt_tick.o)
 .debug_info    0x0000aa42      0x138 ../DDS2_bsp/\libhal_bsp.a(altera_nios2_qsys_irq.o)
 .debug_info    0x0000ab7a      0x27e ../DDS2_bsp/\libhal_bsp.a(altera_avalon_spi.o)
 .debug_info    0x0000adf8       0x5f ../DDS2_bsp/\libhal_bsp.a(alt_exception_entry.o)
 .debug_info    0x0000ae57      0x3ed ../DDS2_bsp/\libhal_bsp.a(alt_find_dev.o)
 .debug_info    0x0000b244      0x3f4 ../DDS2_bsp/\libhal_bsp.a(alt_find_file.o)
 .debug_info    0x0000b638      0x435 ../DDS2_bsp/\libhal_bsp.a(alt_get_fd.o)
 .debug_info    0x0000ba6d      0x181 c:/altera/13.0/nios2eds/bin/gnu/h-i686-mingw32/bin/../lib/gcc/nios2-elf/4.1.2/../../../../nios2-elf/lib/mno-hw-mul\libc.a(lib_a-atexit.o)
 .debug_info    0x0000bbee      0x93f c:/altera/13.0/nios2eds/bin/gnu/h-i686-mingw32/bin/../lib/gcc/nios2-elf/4.1.2/../../../../nios2-elf/lib/mno-hw-mul\libc.a(lib_a-exit.o)
 .debug_info    0x0000c52d      0x93d c:/altera/13.0/nios2eds/bin/gnu/h-i686-mingw32/bin/../lib/gcc/nios2-elf/4.1.2/../../../../nios2-elf/lib/mno-hw-mul\libc.a(lib_a-impure.o)
 .debug_info    0x0000ce6a       0x8c c:/altera/13.0/nios2eds/bin/gnu/h-i686-mingw32/bin/../lib/gcc/nios2-elf/4.1.2/../../../../nios2-elf/lib/mno-hw-mul\libc.a(lib_a-int_errno.o)
 .debug_info    0x0000cef6      0x115 c:/altera/13.0/nios2eds/bin/gnu/h-i686-mingw32/bin/../lib/gcc/nios2-elf/4.1.2/../../../../nios2-elf/lib/mno-hw-mul\libc.a(lib_a-memcmp.o)
 .debug_info    0x0000d00b      0x106 c:/altera/13.0/nios2eds/bin/gnu/h-i686-mingw32/bin/../lib/gcc/nios2-elf/4.1.2/../../../../nios2-elf/lib/mno-hw-mul\libc.a(lib_a-memcpy.o)
 .debug_info    0x0000d111       0xdb c:/altera/13.0/nios2eds/bin/gnu/h-i686-mingw32/bin/../lib/gcc/nios2-elf/4.1.2/../../../../nios2-elf/lib/mno-hw-mul\libc.a(lib_a-strlen.o)
 .debug_info    0x0000d1ec      0x99c c:/altera/13.0/nios2eds/bin/gnu/h-i686-mingw32/bin/../lib/gcc/nios2-elf/4.1.2/../../../../nios2-elf/lib/mno-hw-mul\libc.a(lib_a-__atexit.o)
 .debug_info    0x0000db88      0x9e2 c:/altera/13.0/nios2eds/bin/gnu/h-i686-mingw32/bin/../lib/gcc/nios2-elf/4.1.2/../../../../nios2-elf/lib/mno-hw-mul\libc.a(lib_a-__call_atexit.o)
 .debug_info    0x0000e56a      0x162 ../DDS2_bsp/\libhal_bsp.a(alt_exit.o)

.debug_abbrev   0x00000000     0x41af
 *(.debug_abbrev)
 .debug_abbrev  0x00000000       0x14 ../DDS2_bsp//obj/HAL/src/crt0.o
 .debug_abbrev  0x00000014       0xbe obj/default/dds.o
 .debug_abbrev  0x000000d2       0x5d obj/default/key.o
 .debug_abbrev  0x0000012f       0x9f obj/default/lcd12864.o
 .debug_abbrev  0x000001ce       0x5d obj/default/main.o
 .debug_abbrev  0x0000022b       0x5d c:/altera/13.0/nios2eds/bin/gnu/h-i686-mingw32/bin/../lib/gcc/nios2-elf/4.1.2/mno-hw-mul\libgcc.a(_fixunsdfsi.o)
 .debug_abbrev  0x00000288       0x82 c:/altera/13.0/nios2eds/bin/gnu/h-i686-mingw32/bin/../lib/gcc/nios2-elf/4.1.2/mno-hw-mul\libgcc.a(_fixunsdfdi.o)
 .debug_abbrev  0x0000030a      0x128 c:/altera/13.0/nios2eds/bin/gnu/h-i686-mingw32/bin/../lib/gcc/nios2-elf/4.1.2/mno-hw-mul\libgcc.a(_sf_to_df.o)
 .debug_abbrev  0x00000432      0x155 c:/altera/13.0/nios2eds/bin/gnu/h-i686-mingw32/bin/../lib/gcc/nios2-elf/4.1.2/mno-hw-mul\libgcc.a(_usi_to_sf.o)
 .debug_abbrev  0x00000587      0x1d2 c:/altera/13.0/nios2eds/bin/gnu/h-i686-mingw32/bin/../lib/gcc/nios2-elf/4.1.2/mno-hw-mul\libgcc.a(_addsub_df.o)
 .debug_abbrev  0x00000759      0x204 c:/altera/13.0/nios2eds/bin/gnu/h-i686-mingw32/bin/../lib/gcc/nios2-elf/4.1.2/mno-hw-mul\libgcc.a(_mul_df.o)
 .debug_abbrev  0x0000095d      0x151 c:/altera/13.0/nios2eds/bin/gnu/h-i686-mingw32/bin/../lib/gcc/nios2-elf/4.1.2/mno-hw-mul\libgcc.a(_ge_df.o)
 .debug_abbrev  0x00000aae      0x176 c:/altera/13.0/nios2eds/bin/gnu/h-i686-mingw32/bin/../lib/gcc/nios2-elf/4.1.2/mno-hw-mul\libgcc.a(_df_to_si.o)
 .debug_abbrev  0x00000c24      0x10f c:/altera/13.0/nios2eds/bin/gnu/h-i686-mingw32/bin/../lib/gcc/nios2-elf/4.1.2/mno-hw-mul\libgcc.a(_make_df.o)
 .debug_abbrev  0x00000d33       0xba c:/altera/13.0/nios2eds/bin/gnu/h-i686-mingw32/bin/../lib/gcc/nios2-elf/4.1.2/mno-hw-mul\libgcc.a(_thenan_df.o)
 .debug_abbrev  0x00000ded      0x155 c:/altera/13.0/nios2eds/bin/gnu/h-i686-mingw32/bin/../lib/gcc/nios2-elf/4.1.2/mno-hw-mul\libgcc.a(_usi_to_df.o)
 .debug_abbrev  0x00000f42       0xe0 c:/altera/13.0/nios2eds/bin/gnu/h-i686-mingw32/bin/../lib/gcc/nios2-elf/4.1.2/mno-hw-mul\libgcc.a(lib2-divmod.o)
 .debug_abbrev  0x00001022       0xfb c:/altera/13.0/nios2eds/bin/gnu/h-i686-mingw32/bin/../lib/gcc/nios2-elf/4.1.2/mno-hw-mul\libgcc.a(_muldi3.o)
 .debug_abbrev  0x0000111d       0xb9 c:/altera/13.0/nios2eds/bin/gnu/h-i686-mingw32/bin/../lib/gcc/nios2-elf/4.1.2/mno-hw-mul\libgcc.a(_clzsi2.o)
 .debug_abbrev  0x000011d6      0x1aa c:/altera/13.0/nios2eds/bin/gnu/h-i686-mingw32/bin/../lib/gcc/nios2-elf/4.1.2/mno-hw-mul\libgcc.a(_pack_sf.o)
 .debug_abbrev  0x00001380      0x158 c:/altera/13.0/nios2eds/bin/gnu/h-i686-mingw32/bin/../lib/gcc/nios2-elf/4.1.2/mno-hw-mul\libgcc.a(_unpack_sf.o)
 .debug_abbrev  0x000014d8      0x1b1 c:/altera/13.0/nios2eds/bin/gnu/h-i686-mingw32/bin/../lib/gcc/nios2-elf/4.1.2/mno-hw-mul\libgcc.a(_pack_df.o)
 .debug_abbrev  0x00001689      0x149 c:/altera/13.0/nios2eds/bin/gnu/h-i686-mingw32/bin/../lib/gcc/nios2-elf/4.1.2/mno-hw-mul\libgcc.a(_unpack_df.o)
 .debug_abbrev  0x000017d2      0x132 c:/altera/13.0/nios2eds/bin/gnu/h-i686-mingw32/bin/../lib/gcc/nios2-elf/4.1.2/mno-hw-mul\libgcc.a(_fpcmp_parts_df.o)
 .debug_abbrev  0x00001904       0x7b c:/altera/13.0/nios2eds/bin/gnu/h-i686-mingw32/bin/../lib/gcc/nios2-elf/4.1.2/mno-hw-mul\libgcc.a(lib2-mul.o)
 .debug_abbrev  0x0000197f       0x61 c:/altera/13.0/nios2eds/bin/gnu/h-i686-mingw32/bin/../lib/gcc/nios2-elf/4.1.2/mno-hw-mul\libgcc.a(_clz.o)
 .debug_abbrev  0x000019e0       0xb7 ../DDS2_bsp/\libhal_bsp.a(alt_main.o)
 .debug_abbrev  0x00001a97       0x5d ../DDS2_bsp/\libhal_bsp.a(alt_usleep.o)
 .debug_abbrev  0x00001af4      0x167 ../DDS2_bsp/\libhal_bsp.a(alt_sys_init.o)
 .debug_abbrev  0x00001c5b      0x1bf ../DDS2_bsp/\libhal_bsp.a(altera_avalon_epcs_flash_controller.o)
 .debug_abbrev  0x00001e1a       0xf7 ../DDS2_bsp/\libhal_bsp.a(altera_avalon_jtag_uart_fd.o)
 .debug_abbrev  0x00001f11      0x17c ../DDS2_bsp/\libhal_bsp.a(altera_avalon_jtag_uart_init.o)
 .debug_abbrev  0x0000208d       0xf0 ../DDS2_bsp/\libhal_bsp.a(altera_avalon_jtag_uart_ioctl.o)
 .debug_abbrev  0x0000217d      0x191 ../DDS2_bsp/\libhal_bsp.a(altera_avalon_jtag_uart_read.o)
 .debug_abbrev  0x0000230e      0x18d ../DDS2_bsp/\libhal_bsp.a(altera_avalon_jtag_uart_write.o)
 .debug_abbrev  0x0000249b      0x145 ../DDS2_bsp/\libhal_bsp.a(epcs_commands.o)
 .debug_abbrev  0x000025e0      0x172 ../DDS2_bsp/\libhal_bsp.a(alt_alarm_start.o)
 .debug_abbrev  0x00002752       0x6c ../DDS2_bsp/\libhal_bsp.a(alt_busy_sleep.o)
 .debug_abbrev  0x000027be       0xfb ../DDS2_bsp/\libhal_bsp.a(alt_close.o)
 .debug_abbrev  0x000028b9       0xc7 ../DDS2_bsp/\libhal_bsp.a(alt_dev.o)
 .debug_abbrev  0x00002980       0xf6 ../DDS2_bsp/\libhal_bsp.a(alt_dev_llist_insert.o)
 .debug_abbrev  0x00002a76       0x76 ../DDS2_bsp/\libhal_bsp.a(alt_do_ctors.o)
 .debug_abbrev  0x00002aec       0x76 ../DDS2_bsp/\libhal_bsp.a(alt_do_dtors.o)
 .debug_abbrev  0x00002b62       0x5e ../DDS2_bsp/\libhal_bsp.a(alt_errno.o)
 .debug_abbrev  0x00002bc0      0x121 ../DDS2_bsp/\libhal_bsp.a(alt_flash_dev.o)
 .debug_abbrev  0x00002ce1      0x134 ../DDS2_bsp/\libhal_bsp.a(alt_iic.o)
 .debug_abbrev  0x00002e15      0x14e ../DDS2_bsp/\libhal_bsp.a(alt_iic_isr_register.o)
 .debug_abbrev  0x00002f63       0xf0 ../DDS2_bsp/\libhal_bsp.a(alt_io_redirect.o)
 .debug_abbrev  0x00003053       0x12 ../DDS2_bsp/\libhal_bsp.a(alt_irq_entry.o)
 .debug_abbrev  0x00003065      0x10c ../DDS2_bsp/\libhal_bsp.a(alt_irq_handler.o)
 .debug_abbrev  0x00003171       0x44 ../DDS2_bsp/\libhal_bsp.a(alt_irq_vars.o)
 .debug_abbrev  0x000031b5      0x112 ../DDS2_bsp/\libhal_bsp.a(alt_open.o)
 .debug_abbrev  0x000032c7       0xc1 ../DDS2_bsp/\libhal_bsp.a(alt_release_fd.o)
 .debug_abbrev  0x00003388      0x150 ../DDS2_bsp/\libhal_bsp.a(alt_tick.o)
 .debug_abbrev  0x000034d8       0x3f ../DDS2_bsp/\libhal_bsp.a(altera_nios2_qsys_irq.o)
 .debug_abbrev  0x00003517       0x7c ../DDS2_bsp/\libhal_bsp.a(altera_avalon_spi.o)
 .debug_abbrev  0x00003593       0x12 ../DDS2_bsp/\libhal_bsp.a(alt_exception_entry.o)
 .debug_abbrev  0x000035a5       0xcf ../DDS2_bsp/\libhal_bsp.a(alt_find_dev.o)
 .debug_abbrev  0x00003674       0xcf ../DDS2_bsp/\libhal_bsp.a(alt_find_file.o)
 .debug_abbrev  0x00003743       0xfb ../DDS2_bsp/\libhal_bsp.a(alt_get_fd.o)
 .debug_abbrev  0x0000383e       0xb7 c:/altera/13.0/nios2eds/bin/gnu/h-i686-mingw32/bin/../lib/gcc/nios2-elf/4.1.2/../../../../nios2-elf/lib/mno-hw-mul\libc.a(lib_a-atexit.o)
 .debug_abbrev  0x000038f5      0x16e c:/altera/13.0/nios2eds/bin/gnu/h-i686-mingw32/bin/../lib/gcc/nios2-elf/4.1.2/../../../../nios2-elf/lib/mno-hw-mul\libc.a(lib_a-exit.o)
 .debug_abbrev  0x00003a63      0x157 c:/altera/13.0/nios2eds/bin/gnu/h-i686-mingw32/bin/../lib/gcc/nios2-elf/4.1.2/../../../../nios2-elf/lib/mno-hw-mul\libc.a(lib_a-impure.o)
 .debug_abbrev  0x00003bba       0x3b c:/altera/13.0/nios2eds/bin/gnu/h-i686-mingw32/bin/../lib/gcc/nios2-elf/4.1.2/../../../../nios2-elf/lib/mno-hw-mul\libc.a(lib_a-int_errno.o)
 .debug_abbrev  0x00003bf5       0x7c c:/altera/13.0/nios2eds/bin/gnu/h-i686-mingw32/bin/../lib/gcc/nios2-elf/4.1.2/../../../../nios2-elf/lib/mno-hw-mul\libc.a(lib_a-memcmp.o)
 .debug_abbrev  0x00003c71       0xb5 c:/altera/13.0/nios2eds/bin/gnu/h-i686-mingw32/bin/../lib/gcc/nios2-elf/4.1.2/../../../../nios2-elf/lib/mno-hw-mul\libc.a(lib_a-memcpy.o)
 .debug_abbrev  0x00003d26       0x8b c:/altera/13.0/nios2eds/bin/gnu/h-i686-mingw32/bin/../lib/gcc/nios2-elf/4.1.2/../../../../nios2-elf/lib/mno-hw-mul\libc.a(lib_a-strlen.o)
 .debug_abbrev  0x00003db1      0x1ae c:/altera/13.0/nios2eds/bin/gnu/h-i686-mingw32/bin/../lib/gcc/nios2-elf/4.1.2/../../../../nios2-elf/lib/mno-hw-mul\libc.a(lib_a-__atexit.o)
 .debug_abbrev  0x00003f5f      0x1de c:/altera/13.0/nios2eds/bin/gnu/h-i686-mingw32/bin/../lib/gcc/nios2-elf/4.1.2/../../../../nios2-elf/lib/mno-hw-mul\libc.a(lib_a-__call_atexit.o)
 .debug_abbrev  0x0000413d       0x72 ../DDS2_bsp/\libhal_bsp.a(alt_exit.o)

.debug_line     0x00000000     0x9972
 *(.debug_line)
 .debug_line    0x00000000       0x51 ../DDS2_bsp//obj/HAL/src/crt0.o
 .debug_line    0x00000051      0x4f9 obj/default/dds.o
 .debug_line    0x0000054a      0x2c7 obj/default/key.o
 .debug_line    0x00000811      0x383 obj/default/lcd12864.o
 .debug_line    0x00000b94      0x241 obj/default/main.o
 .debug_line    0x00000dd5       0xff c:/altera/13.0/nios2eds/bin/gnu/h-i686-mingw32/bin/../lib/gcc/nios2-elf/4.1.2/mno-hw-mul\libgcc.a(_fixunsdfsi.o)
 .debug_line    0x00000ed4       0xef c:/altera/13.0/nios2eds/bin/gnu/h-i686-mingw32/bin/../lib/gcc/nios2-elf/4.1.2/mno-hw-mul\libgcc.a(_fixunsdfdi.o)
 .debug_line    0x00000fc3       0xd1 c:/altera/13.0/nios2eds/bin/gnu/h-i686-mingw32/bin/../lib/gcc/nios2-elf/4.1.2/mno-hw-mul\libgcc.a(_sf_to_df.o)
 .debug_line    0x00001094      0x183 c:/altera/13.0/nios2eds/bin/gnu/h-i686-mingw32/bin/../lib/gcc/nios2-elf/4.1.2/mno-hw-mul\libgcc.a(_usi_to_sf.o)
 .debug_line    0x00001217      0x430 c:/altera/13.0/nios2eds/bin/gnu/h-i686-mingw32/bin/../lib/gcc/nios2-elf/4.1.2/mno-hw-mul\libgcc.a(_addsub_df.o)
 .debug_line    0x00001647      0x3e5 c:/altera/13.0/nios2eds/bin/gnu/h-i686-mingw32/bin/../lib/gcc/nios2-elf/4.1.2/mno-hw-mul\libgcc.a(_mul_df.o)
 .debug_line    0x00001a2c      0x129 c:/altera/13.0/nios2eds/bin/gnu/h-i686-mingw32/bin/../lib/gcc/nios2-elf/4.1.2/mno-hw-mul\libgcc.a(_ge_df.o)
 .debug_line    0x00001b55      0x149 c:/altera/13.0/nios2eds/bin/gnu/h-i686-mingw32/bin/../lib/gcc/nios2-elf/4.1.2/mno-hw-mul\libgcc.a(_df_to_si.o)
 .debug_line    0x00001c9e       0xe9 c:/altera/13.0/nios2eds/bin/gnu/h-i686-mingw32/bin/../lib/gcc/nios2-elf/4.1.2/mno-hw-mul\libgcc.a(_make_df.o)
 .debug_line    0x00001d87       0x94 c:/altera/13.0/nios2eds/bin/gnu/h-i686-mingw32/bin/../lib/gcc/nios2-elf/4.1.2/mno-hw-mul\libgcc.a(_thenan_df.o)
 .debug_line    0x00001e1b      0x189 c:/altera/13.0/nios2eds/bin/gnu/h-i686-mingw32/bin/../lib/gcc/nios2-elf/4.1.2/mno-hw-mul\libgcc.a(_usi_to_df.o)
 .debug_line    0x00001fa4      0x24f c:/altera/13.0/nios2eds/bin/gnu/h-i686-mingw32/bin/../lib/gcc/nios2-elf/4.1.2/mno-hw-mul\libgcc.a(lib2-divmod.o)
 .debug_line    0x000021f3      0x14f c:/altera/13.0/nios2eds/bin/gnu/h-i686-mingw32/bin/../lib/gcc/nios2-elf/4.1.2/mno-hw-mul\libgcc.a(_muldi3.o)
 .debug_line    0x00002342      0x105 c:/altera/13.0/nios2eds/bin/gnu/h-i686-mingw32/bin/../lib/gcc/nios2-elf/4.1.2/mno-hw-mul\libgcc.a(_clzsi2.o)
 .debug_line    0x00002447      0x1ca c:/altera/13.0/nios2eds/bin/gnu/h-i686-mingw32/bin/../lib/gcc/nios2-elf/4.1.2/mno-hw-mul\libgcc.a(_pack_sf.o)
 .debug_line    0x00002611      0x197 c:/altera/13.0/nios2eds/bin/gnu/h-i686-mingw32/bin/../lib/gcc/nios2-elf/4.1.2/mno-hw-mul\libgcc.a(_unpack_sf.o)
 .debug_line    0x000027a8      0x222 c:/altera/13.0/nios2eds/bin/gnu/h-i686-mingw32/bin/../lib/gcc/nios2-elf/4.1.2/mno-hw-mul\libgcc.a(_pack_df.o)
 .debug_line    0x000029ca      0x1e4 c:/altera/13.0/nios2eds/bin/gnu/h-i686-mingw32/bin/../lib/gcc/nios2-elf/4.1.2/mno-hw-mul\libgcc.a(_unpack_df.o)
 .debug_line    0x00002bae      0x187 c:/altera/13.0/nios2eds/bin/gnu/h-i686-mingw32/bin/../lib/gcc/nios2-elf/4.1.2/mno-hw-mul\libgcc.a(_fpcmp_parts_df.o)
 .debug_line    0x00002d35      0x11a c:/altera/13.0/nios2eds/bin/gnu/h-i686-mingw32/bin/../lib/gcc/nios2-elf/4.1.2/mno-hw-mul\libgcc.a(lib2-mul.o)
 .debug_line    0x00002e4f       0xaa c:/altera/13.0/nios2eds/bin/gnu/h-i686-mingw32/bin/../lib/gcc/nios2-elf/4.1.2/mno-hw-mul\libgcc.a(_clz.o)
 .debug_line    0x00002ef9      0x2c4 ../DDS2_bsp/\libhal_bsp.a(alt_main.o)
 .debug_line    0x000031bd      0x1f9 ../DDS2_bsp/\libhal_bsp.a(alt_usleep.o)
 .debug_line    0x000033b6      0x2f9 ../DDS2_bsp/\libhal_bsp.a(alt_sys_init.o)
 .debug_line    0x000036af      0x6e9 ../DDS2_bsp/\libhal_bsp.a(altera_avalon_epcs_flash_controller.o)
 .debug_line    0x00003d98      0x214 ../DDS2_bsp/\libhal_bsp.a(altera_avalon_jtag_uart_fd.o)
 .debug_line    0x00003fac      0x4a5 ../DDS2_bsp/\libhal_bsp.a(altera_avalon_jtag_uart_init.o)
 .debug_line    0x00004451      0x311 ../DDS2_bsp/\libhal_bsp.a(altera_avalon_jtag_uart_ioctl.o)
 .debug_line    0x00004762      0x3f1 ../DDS2_bsp/\libhal_bsp.a(altera_avalon_jtag_uart_read.o)
 .debug_line    0x00004b53      0x3ff ../DDS2_bsp/\libhal_bsp.a(altera_avalon_jtag_uart_write.o)
 .debug_line    0x00004f52      0x405 ../DDS2_bsp/\libhal_bsp.a(epcs_commands.o)
 .debug_line    0x00005357      0x2d6 ../DDS2_bsp/\libhal_bsp.a(alt_alarm_start.o)
 .debug_line    0x0000562d      0x253 ../DDS2_bsp/\libhal_bsp.a(alt_busy_sleep.o)
 .debug_line    0x00005880      0x293 ../DDS2_bsp/\libhal_bsp.a(alt_close.o)
 .debug_line    0x00005b13      0x24e ../DDS2_bsp/\libhal_bsp.a(alt_dev.o)
 .debug_line    0x00005d61      0x254 ../DDS2_bsp/\libhal_bsp.a(alt_dev_llist_insert.o)
 .debug_line    0x00005fb5       0x83 ../DDS2_bsp/\libhal_bsp.a(alt_do_ctors.o)
 .debug_line    0x00006038       0x83 ../DDS2_bsp/\libhal_bsp.a(alt_do_dtors.o)
 .debug_line    0x000060bb      0x1a4 ../DDS2_bsp/\libhal_bsp.a(alt_errno.o)
 .debug_line    0x0000625f      0x262 ../DDS2_bsp/\libhal_bsp.a(alt_flash_dev.o)
 .debug_line    0x000064c1      0x2c2 ../DDS2_bsp/\libhal_bsp.a(alt_iic.o)
 .debug_line    0x00006783      0x243 ../DDS2_bsp/\libhal_bsp.a(alt_iic_isr_register.o)
 .debug_line    0x000069c6      0x2ae ../DDS2_bsp/\libhal_bsp.a(alt_io_redirect.o)
 .debug_line    0x00006c74       0x6b ../DDS2_bsp/\libhal_bsp.a(alt_irq_entry.o)
 .debug_line    0x00006cdf      0x242 ../DDS2_bsp/\libhal_bsp.a(alt_irq_handler.o)
 .debug_line    0x00006f21       0x72 ../DDS2_bsp/\libhal_bsp.a(alt_irq_vars.o)
 .debug_line    0x00006f93      0x2f9 ../DDS2_bsp/\libhal_bsp.a(alt_open.o)
 .debug_line    0x0000728c       0xed ../DDS2_bsp/\libhal_bsp.a(alt_release_fd.o)
 .debug_line    0x00007379      0x2d6 ../DDS2_bsp/\libhal_bsp.a(alt_tick.o)
 .debug_line    0x0000764f      0x1c8 ../DDS2_bsp/\libhal_bsp.a(altera_nios2_qsys_irq.o)
 .debug_line    0x00007817      0x1ef ../DDS2_bsp/\libhal_bsp.a(altera_avalon_spi.o)
 .debug_line    0x00007a06       0xab ../DDS2_bsp/\libhal_bsp.a(alt_exception_entry.o)
 .debug_line    0x00007ab1      0x265 ../DDS2_bsp/\libhal_bsp.a(alt_find_dev.o)
 .debug_line    0x00007d16      0x276 ../DDS2_bsp/\libhal_bsp.a(alt_find_file.o)
 .debug_line    0x00007f8c      0x291 ../DDS2_bsp/\libhal_bsp.a(alt_get_fd.o)
 .debug_line    0x0000821d      0x1fd c:/altera/13.0/nios2eds/bin/gnu/h-i686-mingw32/bin/../lib/gcc/nios2-elf/4.1.2/../../../../nios2-elf/lib/mno-hw-mul\libc.a(lib_a-atexit.o)
 .debug_line    0x0000841a      0x235 c:/altera/13.0/nios2eds/bin/gnu/h-i686-mingw32/bin/../lib/gcc/nios2-elf/4.1.2/../../../../nios2-elf/lib/mno-hw-mul\libc.a(lib_a-exit.o)
 .debug_line    0x0000864f      0x227 c:/altera/13.0/nios2eds/bin/gnu/h-i686-mingw32/bin/../lib/gcc/nios2-elf/4.1.2/../../../../nios2-elf/lib/mno-hw-mul\libc.a(lib_a-impure.o)
 .debug_line    0x00008876      0x1dc c:/altera/13.0/nios2eds/bin/gnu/h-i686-mingw32/bin/../lib/gcc/nios2-elf/4.1.2/../../../../nios2-elf/lib/mno-hw-mul\libc.a(lib_a-int_errno.o)
 .debug_line    0x00008a52      0x299 c:/altera/13.0/nios2eds/bin/gnu/h-i686-mingw32/bin/../lib/gcc/nios2-elf/4.1.2/../../../../nios2-elf/lib/mno-hw-mul\libc.a(lib_a-memcmp.o)
 .debug_line    0x00008ceb      0x1ac c:/altera/13.0/nios2eds/bin/gnu/h-i686-mingw32/bin/../lib/gcc/nios2-elf/4.1.2/../../../../nios2-elf/lib/mno-hw-mul\libc.a(lib_a-memcpy.o)
 .debug_line    0x00008e97      0x267 c:/altera/13.0/nios2eds/bin/gnu/h-i686-mingw32/bin/../lib/gcc/nios2-elf/4.1.2/../../../../nios2-elf/lib/mno-hw-mul\libc.a(lib_a-strlen.o)
 .debug_line    0x000090fe      0x310 c:/altera/13.0/nios2eds/bin/gnu/h-i686-mingw32/bin/../lib/gcc/nios2-elf/4.1.2/../../../../nios2-elf/lib/mno-hw-mul\libc.a(lib_a-__atexit.o)
 .debug_line    0x0000940e      0x364 c:/altera/13.0/nios2eds/bin/gnu/h-i686-mingw32/bin/../lib/gcc/nios2-elf/4.1.2/../../../../nios2-elf/lib/mno-hw-mul\libc.a(lib_a-__call_atexit.o)
 .debug_line    0x00009772      0x200 ../DDS2_bsp/\libhal_bsp.a(alt_exit.o)

.debug_frame    0x00000000     0x102c
 *(.debug_frame)
 .debug_frame   0x00000000       0xb8 obj/default/dds.o
 .debug_frame   0x000000b8       0x2c obj/default/key.o
 .debug_frame   0x000000e4       0x9c obj/default/lcd12864.o
 .debug_frame   0x00000180       0x2c obj/default/main.o
 .debug_frame   0x000001ac       0x30 c:/altera/13.0/nios2eds/bin/gnu/h-i686-mingw32/bin/../lib/gcc/nios2-elf/4.1.2/mno-hw-mul\libgcc.a(_fixunsdfsi.o)
 .debug_frame   0x000001dc       0x30 c:/altera/13.0/nios2eds/bin/gnu/h-i686-mingw32/bin/../lib/gcc/nios2-elf/4.1.2/mno-hw-mul\libgcc.a(_fixunsdfdi.o)
 .debug_frame   0x0000020c       0x28 c:/altera/13.0/nios2eds/bin/gnu/h-i686-mingw32/bin/../lib/gcc/nios2-elf/4.1.2/mno-hw-mul\libgcc.a(_sf_to_df.o)
 .debug_frame   0x00000234       0x2c c:/altera/13.0/nios2eds/bin/gnu/h-i686-mingw32/bin/../lib/gcc/nios2-elf/4.1.2/mno-hw-mul\libgcc.a(_usi_to_sf.o)
 .debug_frame   0x00000260       0x70 c:/altera/13.0/nios2eds/bin/gnu/h-i686-mingw32/bin/../lib/gcc/nios2-elf/4.1.2/mno-hw-mul\libgcc.a(_addsub_df.o)
 .debug_frame   0x000002d0       0x3c c:/altera/13.0/nios2eds/bin/gnu/h-i686-mingw32/bin/../lib/gcc/nios2-elf/4.1.2/mno-hw-mul\libgcc.a(_mul_df.o)
 .debug_frame   0x0000030c       0x2c c:/altera/13.0/nios2eds/bin/gnu/h-i686-mingw32/bin/../lib/gcc/nios2-elf/4.1.2/mno-hw-mul\libgcc.a(_ge_df.o)
 .debug_frame   0x00000338       0x28 c:/altera/13.0/nios2eds/bin/gnu/h-i686-mingw32/bin/../lib/gcc/nios2-elf/4.1.2/mno-hw-mul\libgcc.a(_df_to_si.o)
 .debug_frame   0x00000360       0x28 c:/altera/13.0/nios2eds/bin/gnu/h-i686-mingw32/bin/../lib/gcc/nios2-elf/4.1.2/mno-hw-mul\libgcc.a(_make_df.o)
 .debug_frame   0x00000388       0x38 c:/altera/13.0/nios2eds/bin/gnu/h-i686-mingw32/bin/../lib/gcc/nios2-elf/4.1.2/mno-hw-mul\libgcc.a(_usi_to_df.o)