Archive member included because of file (symbol)

../djd03_bsp/\libhal_bsp.a(alt_main.o)
                              ../djd03_bsp//obj/HAL/src/crt0.o (alt_main)
../djd03_bsp/\libhal_bsp.a(alt_putstr.o)
                              obj/default/hello_world_small.o (alt_putstr)
../djd03_bsp/\libhal_bsp.a(alt_sys_init.o)
                              ../djd03_bsp/\libhal_bsp.a(alt_main.o) (alt_sys_init)
../djd03_bsp/\libhal_bsp.a(altera_avalon_jtag_uart_write.o)
                              ../djd03_bsp/\libhal_bsp.a(alt_putstr.o) (altera_avalon_jtag_uart_write)
../djd03_bsp/\libhal_bsp.a(altera_nios2_qsys_irq.o)
                              ../djd03_bsp/\libhal_bsp.a(alt_sys_init.o) (altera_nios2_qsys_irq_init)
c:/altera/13.0/nios2eds/bin/gnu/h-i686-mingw32/bin/../lib/gcc/nios2-elf/4.1.2/../../../../nios2-elf/lib/mno-hw-mul\libsmallc.a(lib_a-strlen.o)
                              ../djd03_bsp/\libhal_bsp.a(alt_putstr.o) (strlen)

Memory Configuration

Name             Origin             Length             Attributes
RAM_BEFORE_EXCEPTION 0x00004000         0x00000020
RAM              0x00004020         0x00002fe0
reset            0x00009000         0x00000020
epcs             0x00009020         0x000007e0
*default*        0x00000000         0xffffffff

Linker script and memory map

LOAD ../djd03_bsp//obj/HAL/src/crt0.o
                0x00009000                exit = _exit
LOAD obj/default/hello_world_small.o
LOAD c:/altera/13.0/nios2eds/bin/gnu/h-i686-mingw32/bin/../lib/gcc/nios2-elf/4.1.2/../../../../nios2-elf/lib/mno-hw-mul\libstdc++.a
LOAD c:/altera/13.0/nios2eds/bin/gnu/h-i686-mingw32/bin/../lib/gcc/nios2-elf/4.1.2/../../../../nios2-elf/lib/mno-hw-mul\libm.a
LOAD c:/altera/13.0/nios2eds/bin/gnu/h-i686-mingw32/bin/../lib/gcc/nios2-elf/4.1.2/mno-hw-mul\libgcc.a
START GROUP
LOAD c:/altera/13.0/nios2eds/bin/gnu/h-i686-mingw32/bin/../lib/gcc/nios2-elf/4.1.2/../../../../nios2-elf/lib/mno-hw-mul\libsmallc.a
LOAD c:/altera/13.0/nios2eds/bin/gnu/h-i686-mingw32/bin/../lib/gcc/nios2-elf/4.1.2/mno-hw-mul\libgcc.a
LOAD ../djd03_bsp/\libhal_bsp.a
END GROUP
LOAD c:/altera/13.0/nios2eds/bin/gnu/h-i686-mingw32/bin/../lib/gcc/nios2-elf/4.1.2/mno-hw-mul\libgcc.a
                0x00004000                __alt_mem_RAM = 0x4000
                0x00009000                __alt_mem_epcs = 0x9000

.entry          0x00009000        0x0
 *(.entry)
 .entry         0x00009000        0x0 ../djd03_bsp//obj/HAL/src/crt0.o
                0x00009000                _exit
                0x00009000                __reset

.exceptions     0x00004020        0x0
                0x00004020                PROVIDE (__ram_exceptions_start, ABSOLUTE (.))
                0x00004020                . = ALIGN (0x20)
 *(.irq)
 *(.exceptions.entry.label)
 *(.exceptions.entry.user)
 *(.exceptions.entry)
 *(.exceptions.irqtest.user)
 *(.exceptions.irqtest)
 *(.exceptions.irqhandler.user)
 *(.exceptions.irqhandler)
 *(.exceptions.irqreturn.user)
 *(.exceptions.irqreturn)
 *(.exceptions.notirq.label)
 *(.exceptions.notirq.user)
 *(.exceptions.notirq)
 *(.exceptions.soft.user)
 *(.exceptions.soft)
 *(.exceptions.unknown.user)
 *(.exceptions.unknown)
 *(.exceptions.exit.label)
 *(.exceptions.exit.user)
 *(.exceptions.exit)
 *(.exceptions)
                0x00004020                PROVIDE (__ram_exceptions_end, ABSOLUTE (.))
                0x00004020                PROVIDE (__flash_exceptions_start, LOADADDR (.exceptions))

.text           0x00004020      0x134
                0x00004020                PROVIDE (stext, ABSOLUTE (.))
 *(.interp)
 *(.hash)
 *(.dynsym)
 *(.dynstr)
 *(.gnu.version)
 *(.gnu.version_d)
 *(.gnu.version_r)
 *(.rel.init)
 *(.rela.init)
 *(.rel.text .rel.text.* .rel.gnu.linkonce.t.*)
 *(.rela.text .rela.text.* .rela.gnu.linkonce.t.*)
 *(.rel.fini)
 *(.rela.fini)
 *(.rel.rodata .rel.rodata.* .rel.gnu.linkonce.r.*)
 *(.rela.rodata .rela.rodata.* .rela.gnu.linkonce.r.*)
 *(.rel.data .rel.data.* .rel.gnu.linkonce.d.*)
 *(.rela.data .rela.data.* .rela.gnu.linkonce.d.*)
 *(.rel.tdata .rel.tdata.* .rel.gnu.linkonce.td.*)
 *(.rela.tdata .rela.tdata.* .rela.gnu.linkonce.td.*)
 *(.rel.tbss .rel.tbss.* .rel.gnu.linkonce.tb.*)
 *(.rela.tbss .rela.tbss.* .rela.gnu.linkonce.tb.*)
 *(.rel.ctors)
 *(.rela.ctors)
 *(.rel.dtors)
 *(.rela.dtors)
 *(.rel.got)
 *(.rela.got)
 *(.rel.sdata .rel.sdata.* .rel.gnu.linkonce.s.*)
 *(.rela.sdata .rela.sdata.* .rela.gnu.linkonce.s.*)
 *(.rel.sbss .rel.sbss.* .rel.gnu.linkonce.sb.*)
 *(.rela.sbss .rela.sbss.* .rela.gnu.linkonce.sb.*)
 *(.rel.sdata2 .rel.sdata2.* .rel.gnu.linkonce.s2.*)
 *(.rela.sdata2 .rela.sdata2.* .rela.gnu.linkonce.s2.*)
 *(.rel.sbss2 .rel.sbss2.* .rel.gnu.linkonce.sb2.*)
 *(.rela.sbss2 .rela.sbss2.* .rela.gnu.linkonce.sb2.*)
 *(.rel.bss .rel.bss.* .rel.gnu.linkonce.b.*)
 *(.rela.bss .rela.bss.* .rela.gnu.linkonce.b.*)
 *(.rel.plt)
 *(.rela.plt)
 *(.rel.dyn)
 *(.init)
 *(.plt)
 *(.text .stub .text.* .gnu.linkonce.t.*)
 .text          0x00004020       0x38 ../djd03_bsp//obj/HAL/src/crt0.o
                0x00004020                _start
 .text          0x00004058       0x18 obj/default/hello_world_small.o
                0x00004058                main
 .text          0x00004070       0x2c ../djd03_bsp/\libhal_bsp.a(alt_main.o)
                0x00004070                alt_main
 .text          0x0000409c       0x38 ../djd03_bsp/\libhal_bsp.a(alt_putstr.o)
                0x0000409c                alt_putstr
 .text          0x000040d4       0x24 ../djd03_bsp/\libhal_bsp.a(alt_sys_init.o)
                0x000040d4                alt_sys_init
                0x000040d8                alt_irq_init
 .text          0x000040f8       0x34 ../djd03_bsp/\libhal_bsp.a(altera_avalon_jtag_uart_write.o)
                0x000040f8                altera_avalon_jtag_uart_write
 .text          0x0000412c        0x8 ../djd03_bsp/\libhal_bsp.a(altera_nios2_qsys_irq.o)
                0x0000412c                altera_nios2_qsys_irq_init
 .text          0x00004134       0x20 c:/altera/13.0/nios2eds/bin/gnu/h-i686-mingw32/bin/../lib/gcc/nios2-elf/4.1.2/../../../../nios2-elf/lib/mno-hw-mul\libsmallc.a(lib_a-strlen.o)
                0x00004134                strlen
 *(.gnu.warning.*)
 *(.fini)
                0x00004154                PROVIDE (__etext, ABSOLUTE (.))
                0x00004154                PROVIDE (_etext, ABSOLUTE (.))
                0x00004154                PROVIDE (etext, ABSOLUTE (.))
 *(.eh_frame_hdr)
                0x00004154                . = ALIGN (0x4)
                0x00004154                PROVIDE (__preinit_array_start, ABSOLUTE (.))
 *(.preinit_array)
                0x00004154                PROVIDE (__preinit_array_end, ABSOLUTE (.))
                0x00004154                PROVIDE (__init_array_start, ABSOLUTE (.))
 *(.init_array)
                0x00004154                PROVIDE (__init_array_end, ABSOLUTE (.))
                0x00004154                PROVIDE (__fini_array_start, ABSOLUTE (.))
 *(.fini_array)
                0x00004154                PROVIDE (__fini_array_end, ABSOLUTE (.))
 *(.eh_frame)
 *(.gcc_except_table)
 *(.dynamic)
                0x00004154                PROVIDE (__CTOR_LIST__, ABSOLUTE (.))
 *(.ctors)
 *(SORT(.ctors.*))
                0x00004154                PROVIDE (__CTOR_END__, ABSOLUTE (.))
                0x00004154                PROVIDE (__DTOR_LIST__, ABSOLUTE (.))
 *(.dtors)
 *(SORT(.dtors.*))
                0x00004154                PROVIDE (__DTOR_END__, ABSOLUTE (.))
 *(.jcr)
                0x00004154                . = ALIGN (0x4)

.rodata         0x00004154       0x18
                0x00004154                PROVIDE (__ram_rodata_start, ABSOLUTE (.))
                0x00004154                . = ALIGN (0x4)
 *(.rodata .rodata.* .gnu.linkonce.r.*)
 .rodata.str1.1
                0x00004154       0x15 obj/default/hello_world_small.o
 *(.rodata1)
                0x0000416c                . = ALIGN (0x4)
 *fill*         0x00004169        0x3 00
                0x0000416c                PROVIDE (__ram_rodata_end, ABSOLUTE (.))
                0x00004154                PROVIDE (__flash_rodata_start, LOADADDR (.rodata))

.rwdata         0x0000416c        0x4
                0x0000416c                PROVIDE (__ram_rwdata_start, ABSOLUTE (.))
                0x0000416c                . = ALIGN (0x4)
 *(.got.plt)
 *(.got)
 *(.data1)
 *(.data .data.* .gnu.linkonce.d.*)
 .data          0x0000416c        0x0 ../djd03_bsp//obj/HAL/src/crt0.o
 .data          0x0000416c        0x0 obj/default/hello_world_small.o
 .data          0x0000416c        0x0 ../djd03_bsp/\libhal_bsp.a(alt_main.o)
 .data          0x0000416c        0x0 ../djd03_bsp/\libhal_bsp.a(alt_putstr.o)
 .data          0x0000416c        0x0 ../djd03_bsp/\libhal_bsp.a(alt_sys_init.o)
 .data          0x0000416c        0x0 ../djd03_bsp/\libhal_bsp.a(altera_avalon_jtag_uart_write.o)
 .data          0x0000416c        0x0 ../djd03_bsp/\libhal_bsp.a(altera_nios2_qsys_irq.o)
 .data          0x0000416c        0x0 c:/altera/13.0/nios2eds/bin/gnu/h-i686-mingw32/bin/../lib/gcc/nios2-elf/4.1.2/../../../../nios2-elf/lib/mno-hw-mul\libsmallc.a(lib_a-strlen.o)
                0x0000c16c                _gp = ABSOLUTE ((. + 0x8000))
                0x0000c16c                PROVIDE (gp, _gp)
 *(.rwdata .rwdata.*)
 *(.sdata .sdata.* .gnu.linkonce.s.*)
 .sdata         0x0000416c        0x4 ../djd03_bsp/\libhal_bsp.a(alt_sys_init.o)
                0x0000416c                jtag
 *(.sdata2 .sdata2.* .gnu.linkonce.s2.*)
                0x00004170                . = ALIGN (0x4)
                0x00004170                _edata = ABSOLUTE (.)
                0x00004170                PROVIDE (edata, ABSOLUTE (.))
                0x00004170                PROVIDE (__ram_rwdata_end, ABSOLUTE (.))
                0x0000416c                PROVIDE (__flash_rwdata_start, LOADADDR (.rwdata))

.bss            0x00004170        0xc
                0x00004170                __bss_start = ABSOLUTE (.)
                0x00004170                PROVIDE (__sbss_start, ABSOLUTE (.))
                0x00004170                PROVIDE (___sbss_start, ABSOLUTE (.))
 *(.dynsbss)
 *(.sbss .sbss.* .gnu.linkonce.sb.*)
 .sbss          0x00004170        0xc ../djd03_bsp/\libhal_bsp.a(alt_main.o)
                0x00004170                alt_argc
                0x00004174                alt_argv
                0x00004178                alt_envp
 *(.sbss2 .sbss2.* .gnu.linkonce.sb2.*)
 *(.scommon)
                0x0000417c                PROVIDE (__sbss_end, ABSOLUTE (.))
                0x0000417c                PROVIDE (___sbss_end, ABSOLUTE (.))
 *(.dynbss)
 *(.bss .bss.* .gnu.linkonce.b.*)
 .bss           0x0000417c        0x0 ../djd03_bsp//obj/HAL/src/crt0.o
 .bss           0x0000417c        0x0 obj/default/hello_world_small.o
 .bss           0x0000417c        0x0 ../djd03_bsp/\libhal_bsp.a(alt_main.o)
 .bss           0x0000417c        0x0 ../djd03_bsp/\libhal_bsp.a(alt_putstr.o)
 .bss           0x0000417c        0x0 ../djd03_bsp/\libhal_bsp.a(alt_sys_init.o)
 .bss           0x0000417c        0x0 ../djd03_bsp/\libhal_bsp.a(altera_avalon_jtag_uart_write.o)
 .bss           0x0000417c        0x0 ../djd03_bsp/\libhal_bsp.a(altera_nios2_qsys_irq.o)
 .bss           0x0000417c        0x0 c:/altera/13.0/nios2eds/bin/gnu/h-i686-mingw32/bin/../lib/gcc/nios2-elf/4.1.2/../../../../nios2-elf/lib/mno-hw-mul\libsmallc.a(lib_a-strlen.o)
 *(COMMON)
                0x0000417c                . = ALIGN (0x4)
                0x0000417c                __bss_end = ABSOLUTE (.)

.RAM            0x0000417c        0x0
                0x0000417c                PROVIDE (_alt_partition_RAM_start, ABSOLUTE (.))
 *(.RAM. RAM.*)
                0x0000417c                . = ALIGN (0x4)
                0x0000417c                PROVIDE (_alt_partition_RAM_end, ABSOLUTE (.))
                0x0000417c                _end = ABSOLUTE (.)
                0x0000417c                end = ABSOLUTE (.)
                0x0000417c                __alt_stack_base = ABSOLUTE (.)
                0x0000417c                PROVIDE (_alt_partition_RAM_load_addr, LOADADDR (.RAM))

.epcs           0x00009020        0x0
                0x00009020                PROVIDE (_alt_partition_epcs_start, ABSOLUTE (.))
 *(.epcs. epcs.*)
                0x00009020                . = ALIGN (0x4)
                0x00009020                PROVIDE (_alt_partition_epcs_end, ABSOLUTE (.))
                0x00009020                PROVIDE (_alt_partition_epcs_load_addr, LOADADDR (.epcs))

.stab
 *(.stab)

.stabstr
 *(.stabstr)

.stab.excl
 *(.stab.excl)

.stab.exclstr
 *(.stab.exclstr)

.stab.index
 *(.stab.index)

.stab.indexstr
 *(.stab.indexstr)

.comment        0x00000000       0x23
 *(.comment)
 .comment       0x00000000       0x23 obj/default/hello_world_small.o
                                 0x24 (size before relaxing)
 .comment       0x00000000       0x24 ../djd03_bsp/\libhal_bsp.a(alt_main.o)
 .comment       0x00000000       0x24 ../djd03_bsp/\libhal_bsp.a(alt_putstr.o)
 .comment       0x00000000       0x24 ../djd03_bsp/\libhal_bsp.a(alt_sys_init.o)
 .comment       0x00000000       0x24 ../djd03_bsp/\libhal_bsp.a(altera_avalon_jtag_uart_write.o)
 .comment       0x00000000       0x24 ../djd03_bsp/\libhal_bsp.a(altera_nios2_qsys_irq.o)
 .comment       0x00000000       0x24 c:/altera/13.0/nios2eds/bin/gnu/h-i686-mingw32/bin/../lib/gcc/nios2-elf/4.1.2/../../../../nios2-elf/lib/mno-hw-mul\libsmallc.a(lib_a-strlen.o)

.debug
 *(.debug)

.line
 *(.line)

.debug_srcinfo
 *(.debug_srcinfo)

.debug_sfnames
 *(.debug_sfnames)

.debug_aranges  0x00000000      0x100
 *(.debug_aranges)
 .debug_aranges
                0x00000000       0x20 ../djd03_bsp//obj/HAL/src/crt0.o
 .debug_aranges
                0x00000020       0x20 obj/default/hello_world_small.o
 .debug_aranges
                0x00000040       0x20 ../djd03_bsp/\libhal_bsp.a(alt_main.o)
 .debug_aranges
                0x00000060       0x20 ../djd03_bsp/\libhal_bsp.a(alt_putstr.o)
 .debug_aranges
                0x00000080       0x20 ../djd03_bsp/\libhal_bsp.a(alt_sys_init.o)
 .debug_aranges
                0x000000a0       0x20 ../djd03_bsp/\libhal_bsp.a(altera_avalon_jtag_uart_write.o)
 .debug_aranges
                0x000000c0       0x20 ../djd03_bsp/\libhal_bsp.a(altera_nios2_qsys_irq.o)
 .debug_aranges
                0x000000e0       0x20 c:/altera/13.0/nios2eds/bin/gnu/h-i686-mingw32/bin/../lib/gcc/nios2-elf/4.1.2/../../../../nios2-elf/lib/mno-hw-mul\libsmallc.a(lib_a-strlen.o)

.debug_pubnames
                0x00000000      0x141
 *(.debug_pubnames)
 .debug_pubnames
                0x00000000       0x1b obj/default/hello_world_small.o
 .debug_pubnames
                0x0000001b       0x46 ../djd03_bsp/\libhal_bsp.a(alt_main.o)
 .debug_pubnames
                0x00000061       0x21 ../djd03_bsp/\libhal_bsp.a(alt_putstr.o)
 .debug_pubnames
                0x00000082       0x3d ../djd03_bsp/\libhal_bsp.a(alt_sys_init.o)
 .debug_pubnames
                0x000000bf       0x34 ../djd03_bsp/\libhal_bsp.a(altera_avalon_jtag_uart_write.o)
 .debug_pubnames
                0x000000f3       0x31 ../djd03_bsp/\libhal_bsp.a(altera_nios2_qsys_irq.o)
 .debug_pubnames
                0x00000124       0x1d c:/altera/13.0/nios2eds/bin/gnu/h-i686-mingw32/bin/../lib/gcc/nios2-elf/4.1.2/../../../../nios2-elf/lib/mno-hw-mul\libsmallc.a(lib_a-strlen.o)

.debug_info     0x00000000      0x6f3
 *(.debug_info .gnu.linkonce.wi.*)
 .debug_info    0x00000000       0x5c ../djd03_bsp//obj/HAL/src/crt0.o
 .debug_info    0x0000005c       0x45 obj/default/hello_world_small.o
 .debug_info    0x000000a1      0x125 ../djd03_bsp/\libhal_bsp.a(alt_main.o)
 .debug_info    0x000001c6       0xc5 ../djd03_bsp/\libhal_bsp.a(alt_putstr.o)
 .debug_info    0x0000028b      0x18a ../djd03_bsp/\libhal_bsp.a(alt_sys_init.o)
 .debug_info    0x00000415      0x18f ../djd03_bsp/\libhal_bsp.a(altera_avalon_jtag_uart_write.o)
 .debug_info    0x000005a4       0x8d ../djd03_bsp/\libhal_bsp.a(altera_nios2_qsys_irq.o)
 .debug_info    0x00000631       0xc2 c:/altera/13.0/nios2eds/bin/gnu/h-i686-mingw32/bin/../lib/gcc/nios2-elf/4.1.2/../../../../nios2-elf/lib/mno-hw-mul\libsmallc.a(lib_a-strlen.o)

.debug_abbrev   0x00000000      0x3f6
 *(.debug_abbrev)
 .debug_abbrev  0x00000000       0x14 ../djd03_bsp//obj/HAL/src/crt0.o
 .debug_abbrev  0x00000014       0x34 obj/default/hello_world_small.o
 .debug_abbrev  0x00000048       0xa6 ../djd03_bsp/\libhal_bsp.a(alt_main.o)
 .debug_abbrev  0x000000ee       0x7c ../djd03_bsp/\libhal_bsp.a(alt_putstr.o)
 .debug_abbrev  0x0000016a       0xe3 ../djd03_bsp/\libhal_bsp.a(alt_sys_init.o)
 .debug_abbrev  0x0000024d       0xf0 ../djd03_bsp/\libhal_bsp.a(altera_avalon_jtag_uart_write.o)
 .debug_abbrev  0x0000033d       0x3f ../djd03_bsp/\libhal_bsp.a(altera_nios2_qsys_irq.o)
 .debug_abbrev  0x0000037c       0x7a c:/altera/13.0/nios2eds/bin/gnu/h-i686-mingw32/bin/../lib/gcc/nios2-elf/4.1.2/../../../../nios2-elf/lib/mno-hw-mul\libsmallc.a(lib_a-strlen.o)

.debug_line     0x00000000      0xf8a
 *(.debug_line)
 .debug_line    0x00000000       0x51 ../djd03_bsp//obj/HAL/src/crt0.o
 .debug_line    0x00000051       0xdc obj/default/hello_world_small.o
 .debug_line    0x0000012d      0x2bc ../djd03_bsp/\libhal_bsp.a(alt_main.o)
 .debug_line    0x000003e9      0x1d3 ../djd03_bsp/\libhal_bsp.a(alt_putstr.o)
 .debug_line    0x000005bc      0x2d1 ../djd03_bsp/\libhal_bsp.a(alt_sys_init.o)
 .debug_line    0x0000088d      0x2ee ../djd03_bsp/\libhal_bsp.a(altera_avalon_jtag_uart_write.o)
 .debug_line    0x00000b7b      0x1c8 ../djd03_bsp/\libhal_bsp.a(altera_nios2_qsys_irq.o)
 .debug_line    0x00000d43      0x247 c:/altera/13.0/nios2eds/bin/gnu/h-i686-mingw32/bin/../lib/gcc/nios2-elf/4.1.2/../../../../nios2-elf/lib/mno-hw-mul\libsmallc.a(lib_a-strlen.o)

.debug_frame    0x00000000      0x110
 *(.debug_frame)
 .debug_frame   0x00000000       0x28 obj/default/hello_world_small.o
 .debug_frame   0x00000028       0x28 ../djd03_bsp/\libhal_bsp.a(alt_main.o)
 .debug_frame   0x00000050       0x28 ../djd03_bsp/\libhal_bsp.a(alt_putstr.o)
 .debug_frame   0x00000078       0x38 ../djd03_bsp/\libhal_bsp.a(alt_sys_init.o)
 .debug_frame   0x000000b0       0x20 ../djd03_bsp/\libhal_bsp.a(altera_avalon_jtag_uart_write.o)
 .debug_frame   0x000000d0       0x20 ../djd03_bsp/\libhal_bsp.a(altera_nios2_qsys_irq.o)
 .debug_frame   0x000000f0       0x20 c:/altera/13.0/nios2eds/bin/gnu/h-i686-mingw32/bin/../lib/gcc/nios2-elf/4.1.2/../../../../nios2-elf/lib/mno-hw-mul\libsmallc.a(lib_a-strlen.o)

.debug_str      0x00000000      0x391
 *(.debug_str)
 .debug_str     0x00000000       0x43 obj/default/hello_world_small.o
                                 0x48 (size before relaxing)
 .debug_str     0x00000043       0xec ../djd03_bsp/\libhal_bsp.a(alt_main.o)
                                0x131 (size before relaxing)
 .debug_str     0x0000012f       0x45 ../djd03_bsp/\libhal_bsp.a(alt_putstr.o)
                                0x101 (size before relaxing)
 .debug_str     0x00000174       0xa0 ../djd03_bsp/\libhal_bsp.a(alt_sys_init.o)
                                0x1b2 (size before relaxing)
 .debug_str     0x00000214       0x56 ../djd03_bsp/\libhal_bsp.a(altera_avalon_jtag_uart_write.o)
                                0x1a9 (size before relaxing)
 .debug_str     0x0000026a       0x3b ../djd03_bsp/\libhal_bsp.a(altera_nios2_qsys_irq.o)
                                 0xf7 (size before relaxing)
 .debug_str     0x000002a5       0xec c:/altera/13.0/nios2eds/bin/gnu/h-i686-mingw32/bin/../lib/gcc/nios2-elf/4.1.2/../../../../nios2-elf/lib/mno-hw-mul\libsmallc.a(lib_a-strlen.o)
                                0x181 (size before relaxing)

.debug_loc      0x00000000       0xfc
 *(.debug_loc)
 .debug_loc     0x00000000       0x1f obj/default/hello_world_small.o
 .debug_loc     0x0000001f       0x1f ../djd03_bsp/\libhal_bsp.a(alt_main.o)
 .debug_loc     0x0000003e       0x48 ../djd03_bsp/\libhal_bsp.a(alt_putstr.o)
 .debug_loc     0x00000086       0x32 ../djd03_bsp/\libhal_bsp.a(alt_sys_init.o)
 .debug_loc     0x000000b8       0x26 ../djd03_bsp/\libhal_bsp.a(altera_avalon_jtag_uart_write.o)
 .debug_loc     0x000000de       0x1e c:/altera/13.0/nios2eds/bin/gnu/h-i686-mingw32/bin/../lib/gcc/nios2-elf/4.1.2/../../../../nios2-elf/lib/mno-hw-mul\libsmallc.a(lib_a-strlen.o)

.debug_macinfo
 *(.debug_macinfo)

.debug_weaknames
 *(.debug_weaknames)

.debug_funcnames
 *(.debug_funcnames)

.debug_typenames
 *(.debug_typenames)

.debug_varnames
 *(.debug_varnames)

.debug_alt_sim_info
                0x00000000       0x10
 *(.debug_alt_sim_info)
 .debug_alt_sim_info
                0x00000000       0x10 ../djd03_bsp//obj/HAL/src/crt0.o
                0x00007000                __alt_data_end = 0x7000
                0x00007000                PROVIDE (__alt_stack_pointer, __alt_data_end)
                0x0000417c                PROVIDE (__alt_stack_limit, __alt_stack_base)
                0x0000417c                PROVIDE (__alt_heap_start, end)
                0x00007000                PROVIDE (__alt_heap_limit, 0x7000)
OUTPUT(djd03.elf elf32-littlenios2)
